fg_n: 31
bg_n: 1
xindex::config.root_memory_constraint: 1.04858e+06
xindex::config.hash_resize_tolerance_upper: 1.5
xindex::config.hash_resize_tolerance_lower: 0.5
xindex::config.hash_init_conflict_threshold: 0.4
exist_keys.size() : 20000000, item_num : 20000000
load number : 20000000
  read: 40002069
insert: 0
update: 39997931
remove: 0
operation count: 80000000
exist_keys.size(): 20000000
non_exist_keys.size(): 0
start training
conflict rate: 0.336688, mean error: 24.0016
table: 0x770cd7434000
training done
[ycsb] Worker0 Ready.
[ycsb] Worker[ycsb] Worker2 Ready.
1[ycsb] Worker3 Ready.
 Ready.
[ycsb] Worker4 Ready.
[ycsb] Worker[ycsb] Worker9 Ready.
[ycsb] Worker[ycsb] Worker10 Ready.
[ycsb] Worker12 Ready.
[ycsb] Worker[ycsb] Worker13 Ready.
[ycsb] Worker15 Ready.
5 Ready.
[ycsb] Worker[ycsb] Worker[ycsb] Worker22 Ready.
[ycsb] prepare data ...
[ycsb] Worker[ycsb] Worker23 Ready.
[ycsb] Worker30 Ready.
[ycsb] Worker28 Ready.
[ycsb] Worker2714 Ready. Ready.

[ycsb] Worker[ycsb] Worker[ycsb] Worker[ycsb] Worker[ycsb] Worker[ycsb] Worker18 Ready.
[ycsb] Worker17 Ready.
8 Ready.
2416 Ready.
[ycsb] Worker29621 Ready. Ready. Ready.
 Ready.25
[ycsb] Worker26 Ready.
7 Ready.

20 Ready.

11 Ready. Ready.

[ycsb] Worker19 Ready.
[ycsb] Duration target(sec): 900
[ycsb] Throughput sample interval(sec): 60
hash resize group cnt: 0
hash resize group cnt: 0
hash resize group cnt: 100
hash resize group cnt: 0
hash resize group cnt: 0
hash resize group cnt: 0
hash resize group cnt: 0
hash resize group cnt: 0
hash resize group cnt: 0
hash resize group cnt: 0
hash resize group cnt: 0
hash resize group cnt: 0
hash resize group cnt: 0
hash resize group cnt: 0
hash resize group cnt: 0
hash resize group cnt: 0
hash resize group cnt: 0
hash resize group cnt: 0
hash resize group cnt: 0
hash resize group cnt: 0
hash resize group cnt: 0
hash resize group cnt: 0
hash resize group cnt: 0
hash resize group cnt: 0
hash resize group cnt: 0
hash resize group cnt: 0
hash resize group cnt: 0
hash resize group cnt: 0
[ycsb] Throughput sample elapsed_sec=60.0015 interval_sec=60.0015 interval_ops=1023757886 interval_ops_per_sec=1.70622e+07 cumulative_ops=1023757886 cumulative_ops_per_sec=1.70622e+07 final=0
hash resize group cnt: 0
hash resize group cnt: 0
hash resize group cnt: 0
hash resize group cnt: 0
hash resize group cnt: 0
hash resize group cnt: 0
hash resize group cnt: 0
hash resize group cnt: 0
hash resize group cnt: 0
hash resize group cnt: 0
hash resize group cnt: 0
hash resize group cnt: 0
hash resize group cnt: 0
hash resize group cnt: 0
hash resize group cnt: 0
hash resize group cnt: 0
hash resize group cnt: 0
hash resize group cnt: 0
hash resize group cnt: 0
hash resize group cnt: 0
hash resize group cnt: 0
hash resize group cnt: 0
hash resize group cnt: 0
hash resize group cnt: 0
hash resize group cnt: 0
hash resize group cnt: 0
hash resize group cnt: 0
hash resize group cnt: 0
hash resize group cnt: 0
hash resize group cnt: 0
hash resize group cnt: 0
hash resize group cnt: 0
hash resize group cnt: 0
hash resize group cnt: 0
hash resize group cnt: 0
hash resize group cnt: 0
hash resize group cnt: 0
hash resize group cnt: 0
hash resize group cnt: 0
hash resize group cnt: 0
hash resize group cnt: 0
hash resize group cnt: 0
hash resize group cnt: 0
hash resize group cnt: 0
[ycsb] Throughput sample elapsed_sec=120.001 interval_sec=59.9993 interval_ops=737516988 interval_ops_per_sec=1.22921e+07 cumulative_ops=1761274874 cumulative_ops_per_sec=1.46772e+07 final=0
hash resize group cnt: 0
hash resize group cnt: 0
hash resize group cnt: 0
hash resize group cnt: 0
hash resize group cnt: 0
hash resize group cnt: 0
hash resize group cnt: 0
hash resize group cnt: 0
hash resize group cnt: 0
hash resize group cnt: 0
hash resize group cnt: 0
hash resize group cnt: 0
hash resize group cnt: 0
hash resize group cnt: 0
hash resize group cnt: 0
hash resize group cnt: 0
hash resize group cnt: 0
hash resize group cnt: 0
hash resize group cnt: 0
hash resize group cnt: 0
hash resize group cnt: 0
hash resize group cnt: 0
hash resize group cnt: 0
hash resize group cnt: 0
hash resize group cnt: 0
hash resize group cnt: 0
hash resize group cnt: 0
hash resize group cnt: 0
hash resize group cnt: 0
hash resize group cnt: 0
hash resize group cnt: 0
hash resize group cnt: 0
hash resize group cnt: 0
hash resize group cnt: 0
hash resize group cnt: 0
hash resize group cnt: 0
hash resize group cnt: 0
hash resize group cnt: 0
hash resize group cnt: 0
hash resize group cnt: 0
hash resize group cnt: 0
hash resize group cnt: 0
hash resize group cnt: 0
hash resize group cnt: 0
[ycsb] Throughput sample elapsed_sec=180.001 interval_sec=60.0001 interval_ops=736706093 interval_ops_per_sec=1.22784e+07 cumulative_ops=2497980967 cumulative_ops_per_sec=1.38776e+07 final=0
hash resize group cnt: 0
hash resize group cnt: 0
hash resize group cnt: 0
hash resize group cnt: 0
hash resize group cnt: 0
hash resize group cnt: 0
hash resize group cnt: 0
hash resize group cnt: 0
hash resize group cnt: 0
hash resize group cnt: 0
hash resize group cnt: 0
hash resize group cnt: 0
hash resize group cnt: 0
hash resize group cnt: 0
hash resize group cnt: 0
hash resize group cnt: 0
hash resize group cnt: 0
hash resize group cnt: 0
hash resize group cnt: 0
hash resize group cnt: 0
hash resize group cnt: 0
hash resize group cnt: 0
hash resize group cnt: 0
hash resize group cnt: 0
hash resize group cnt: 0
hash resize group cnt: 0
hash resize group cnt: 0
hash resize group cnt: 0
hash resize group cnt: 0
hash resize group cnt: 0
hash resize group cnt: 0
hash resize group cnt: 0
hash resize group cnt: 0
hash resize group cnt: 0
hash resize group cnt: 0
hash resize group cnt: 0
hash resize group cnt: 0
hash resize group cnt: 0
hash resize group cnt: 0
hash resize group cnt: 0
hash resize group cnt: 0
hash resize group cnt: 0
hash resize group cnt: 0
hash resize group cnt: 0
[ycsb] Throughput sample elapsed_sec=240.001 interval_sec=60.0002 interval_ops=737328879 interval_ops_per_sec=1.22888e+07 cumulative_ops=3235309846 cumulative_ops_per_sec=1.34804e+07 final=0
hash resize group cnt: 0
hash resize group cnt: 0
hash resize group cnt: 0
hash resize group cnt: 0
hash resize group cnt: 0
hash resize group cnt: 0
hash resize group cnt: 0
hash resize group cnt: 0
hash resize group cnt: 0
hash resize group cnt: 0
hash resize group cnt: 0
hash resize group cnt: 0
hash resize group cnt: 0
hash resize group cnt: 0
hash resize group cnt: 0
hash resize group cnt: 0
hash resize group cnt: 0
hash resize group cnt: 0
hash resize group cnt: 0
hash resize group cnt: 0
hash resize group cnt: 0
hash resize group cnt: 0
hash resize group cnt: 0
hash resize group cnt: 0
hash resize group cnt: 0
hash resize group cnt: 0
hash resize group cnt: 0
hash resize group cnt: 0
hash resize group cnt: 0
hash resize group cnt: 0
hash resize group cnt: 0
hash resize group cnt: 0
hash resize group cnt: 0
hash resize group cnt: 0
hash resize group cnt: 0
hash resize group cnt: 0
hash resize group cnt: 0
hash resize group cnt: 0
hash resize group cnt: 0
hash resize group cnt: 0
hash resize group cnt: 0
hash resize group cnt: 0
hash resize group cnt: 0
hash resize group cnt: 0
[ycsb] Throughput sample elapsed_sec=300.001 interval_sec=59.9999 interval_ops=737984461 interval_ops_per_sec=1.22998e+07 cumulative_ops=3973294307 cumulative_ops_per_sec=1.32443e+07 final=0
hash resize group cnt: 0
hash resize group cnt: 0
hash resize group cnt: 0
hash resize group cnt: 0
hash resize group cnt: 0
hash resize group cnt: 0
hash resize group cnt: 0
hash resize group cnt: 0
hash resize group cnt: 0
hash resize group cnt: 0
hash resize group cnt: 0
hash resize group cnt: 0
hash resize group cnt: 0
hash resize group cnt: 0
hash resize group cnt: 0
hash resize group cnt: 0
hash resize group cnt: 0
hash resize group cnt: 0
hash resize group cnt: 0
hash resize group cnt: 0
hash resize group cnt: 0
hash resize group cnt: 0
hash resize group cnt: 0
hash resize group cnt: 0
hash resize group cnt: 0
hash resize group cnt: 0
hash resize group cnt: 0
hash resize group cnt: 0
hash resize group cnt: 0
hash resize group cnt: 0
hash resize group cnt: 0
hash resize group cnt: 0
hash resize group cnt: 0
hash resize group cnt: 0
hash resize group cnt: 0
hash resize group cnt: 0
hash resize group cnt: 0
hash resize group cnt: 0
hash resize group cnt: 0
hash resize group cnt: 0
hash resize group cnt: 0
hash resize group cnt: 0
hash resize group cnt: 0
hash resize group cnt: 0
[ycsb] Throughput sample elapsed_sec=360.001 interval_sec=59.9999 interval_ops=737743496 interval_ops_per_sec=1.22957e+07 cumulative_ops=4711037803 cumulative_ops_per_sec=1.30862e+07 final=0
hash resize group cnt: 0
hash resize group cnt: 0
hash resize group cnt: 0
hash resize group cnt: 0
hash resize group cnt: 0
hash resize group cnt: 0
hash resize group cnt: 0
hash resize group cnt: 0
hash resize group cnt: 0
hash resize group cnt: 0
hash resize group cnt: 0
hash resize group cnt: 0
hash resize group cnt: 0
hash resize group cnt: 0
hash resize group cnt: 0
hash resize group cnt: 0
hash resize group cnt: 0
hash resize group cnt: 0
hash resize group cnt: 0
hash resize group cnt: 0
hash resize group cnt: 0
hash resize group cnt: 0
hash resize group cnt: 0
hash resize group cnt: 0
hash resize group cnt: 0
hash resize group cnt: 0
hash resize group cnt: 0
hash resize group cnt: 0
hash resize group cnt: 0
hash resize group cnt: 0
hash resize group cnt: 0
hash resize group cnt: 0
hash resize group cnt: 0
hash resize group cnt: 0
hash resize group cnt: 0
hash resize group cnt: 0
hash resize group cnt: 0
hash resize group cnt: 0
hash resize group cnt: 0
hash resize group cnt: 0
hash resize group cnt: 0
hash resize group cnt: 0
hash resize group cnt: 0
hash resize group cnt: 0
[ycsb] Throughput sample elapsed_sec=420.001 interval_sec=60.0004 interval_ops=737651018 interval_ops_per_sec=1.22941e+07 cumulative_ops=5448688821 cumulative_ops_per_sec=1.2973e+07 final=0
hash resize group cnt: 0
hash resize group cnt: 0
hash resize group cnt: 0
hash resize group cnt: 0
hash resize group cnt: 0
hash resize group cnt: 0
hash resize group cnt: 0
hash resize group cnt: 0
hash resize group cnt: 0
hash resize group cnt: 0
hash resize group cnt: 0
hash resize group cnt: 0
hash resize group cnt: 0
hash resize group cnt: 0
hash resize group cnt: 0
hash resize group cnt: 0
hash resize group cnt: 0
hash resize group cnt: 0
hash resize group cnt: 0
hash resize group cnt: 0
hash resize group cnt: 0
hash resize group cnt: 0
hash resize group cnt: 0
hash resize group cnt: 0
hash resize group cnt: 0
hash resize group cnt: 0
hash resize group cnt: 0
hash resize group cnt: 0
hash resize group cnt: 0
hash resize group cnt: 0
hash resize group cnt: 0
hash resize group cnt: 0
hash resize group cnt: 0
hash resize group cnt: 0
hash resize group cnt: 0
hash resize group cnt: 0
hash resize group cnt: 0
hash resize group cnt: 0
hash resize group cnt: 0
hash resize group cnt: 0
hash resize group cnt: 0
hash resize group cnt: 0
hash resize group cnt: 0
hash resize group cnt: 0
[ycsb] Throughput sample elapsed_sec=480.001 interval_sec=59.9996 interval_ops=737752877 interval_ops_per_sec=1.2296e+07 cumulative_ops=6186441698 cumulative_ops_per_sec=1.28884e+07 final=0
hash resize group cnt: 0
hash resize group cnt: 0
hash resize group cnt: 0
hash resize group cnt: 0
hash resize group cnt: 0
hash resize group cnt: 0
hash resize group cnt: 0
hash resize group cnt: 0
hash resize group cnt: 0
hash resize group cnt: 0
hash resize group cnt: 0
hash resize group cnt: 0
hash resize group cnt: 0
hash resize group cnt: 0
hash resize group cnt: 0
hash resize group cnt: 0
hash resize group cnt: 0
hash resize group cnt: 0
hash resize group cnt: 0
hash resize group cnt: 0
hash resize group cnt: 0
hash resize group cnt: 0
hash resize group cnt: 0
hash resize group cnt: 0
hash resize group cnt: 0
hash resize group cnt: 0
hash resize group cnt: 0
hash resize group cnt: 0
hash resize group cnt: 0
hash resize group cnt: 0
hash resize group cnt: 0
hash resize group cnt: 0
hash resize group cnt: 0
hash resize group cnt: 0
hash resize group cnt: 0
hash resize group cnt: 0
hash resize group cnt: 0
hash resize group cnt: 0
hash resize group cnt: 0
hash resize group cnt: 0
hash resize group cnt: 0
hash resize group cnt: 0
hash resize group cnt: 0
hash resize group cnt: 0
[ycsb] Throughput sample elapsed_sec=540.001 interval_sec=60.0002 interval_ops=737720946 interval_ops_per_sec=1.22953e+07 cumulative_ops=6924162644 cumulative_ops_per_sec=1.28225e+07 final=0
hash resize group cnt: 0
hash resize group cnt: 0
hash resize group cnt: 0
hash resize group cnt: 0
hash resize group cnt: 0
hash resize group cnt: 0
hash resize group cnt: 0
hash resize group cnt: 0
hash resize group cnt: 0
hash resize group cnt: 0
hash resize group cnt: 0
hash resize group cnt: 0
hash resize group cnt: 0
hash resize group cnt: 0
hash resize group cnt: 0
hash resize group cnt: 0
hash resize group cnt: 0
hash resize group cnt: 0
hash resize group cnt: 0
hash resize group cnt: 0
hash resize group cnt: 0
hash resize group cnt: 0
hash resize group cnt: 0
hash resize group cnt: 0
hash resize group cnt: 0
hash resize group cnt: 0
hash resize group cnt: 0
hash resize group cnt: 0
hash resize group cnt: 0
hash resize group cnt: 0
hash resize group cnt: 0
hash resize group cnt: 0
hash resize group cnt: 0
hash resize group cnt: 0
hash resize group cnt: 0
hash resize group cnt: 0
hash resize group cnt: 0
hash resize group cnt: 0
hash resize group cnt: 0
hash resize group cnt: 0
hash resize group cnt: 0
hash resize group cnt: 0
hash resize group cnt: 0
hash resize group cnt: 0
[ycsb] Throughput sample elapsed_sec=600.001 interval_sec=60 interval_ops=737682312 interval_ops_per_sec=1.22947e+07 cumulative_ops=7661844956 cumulative_ops_per_sec=1.27697e+07 final=0
hash resize group cnt: 0
hash resize group cnt: 0
hash resize group cnt: 0
hash resize group cnt: 0
hash resize group cnt: 0
hash resize group cnt: 0
hash resize group cnt: 0
hash resize group cnt: 0
hash resize group cnt: 0
hash resize group cnt: 0
hash resize group cnt: 0
hash resize group cnt: 0
hash resize group cnt: 0
hash resize group cnt: 0
hash resize group cnt: 0
hash resize group cnt: 0
hash resize group cnt: 0
hash resize group cnt: 0
hash resize group cnt: 0
hash resize group cnt: 0
hash resize group cnt: 0
hash resize group cnt: 0
hash resize group cnt: 0
hash resize group cnt: 0
hash resize group cnt: 0
hash resize group cnt: 0
hash resize group cnt: 0
hash resize group cnt: 0
hash resize group cnt: 0
hash resize group cnt: 0
hash resize group cnt: 0
hash resize group cnt: 0
hash resize group cnt: 0
hash resize group cnt: 0
hash resize group cnt: 0
hash resize group cnt: 0
hash resize group cnt: 0
hash resize group cnt: 0
hash resize group cnt: 0
hash resize group cnt: 0
hash resize group cnt: 0
hash resize group cnt: 0
hash resize group cnt: 0
hash resize group cnt: 0
[ycsb] Throughput sample elapsed_sec=660.001 interval_sec=60.0002 interval_ops=737230467 interval_ops_per_sec=1.22871e+07 cumulative_ops=8399075423 cumulative_ops_per_sec=1.27258e+07 final=0
hash resize group cnt: 0
hash resize group cnt: 0
hash resize group cnt: 0
hash resize group cnt: 0
hash resize group cnt: 0
hash resize group cnt: 0
hash resize group cnt: 0
hash resize group cnt: 0
hash resize group cnt: 0
hash resize group cnt: 0
hash resize group cnt: 0
hash resize group cnt: 0
hash resize group cnt: 0
hash resize group cnt: 0
hash resize group cnt: 0
hash resize group cnt: 0
hash resize group cnt: 0
hash resize group cnt: 0
hash resize group cnt: 0
hash resize group cnt: 0
hash resize group cnt: 0
hash resize group cnt: 0
hash resize group cnt: 0
hash resize group cnt: 0
hash resize group cnt: 0
hash resize group cnt: 0
hash resize group cnt: 0
hash resize group cnt: 0
hash resize group cnt: 0
hash resize group cnt: 0
hash resize group cnt: 0
hash resize group cnt: 0
hash resize group cnt: 0
hash resize group cnt: 0
hash resize group cnt: 0
hash resize group cnt: 0
hash resize group cnt: 0
hash resize group cnt: 0
hash resize group cnt: 0
hash resize group cnt: 0
hash resize group cnt: 0
hash resize group cnt: 0
hash resize group cnt: 0
hash resize group cnt: 0
[ycsb] Throughput sample elapsed_sec=720.001 interval_sec=59.9996 interval_ops=738076308 interval_ops_per_sec=1.23014e+07 cumulative_ops=9137151731 cumulative_ops_per_sec=1.26905e+07 final=0
hash resize group cnt: 0
hash resize group cnt: 0
hash resize group cnt: 0
hash resize group cnt: 0
hash resize group cnt: 0
hash resize group cnt: 0
hash resize group cnt: 0
hash resize group cnt: 0
hash resize group cnt: 0
hash resize group cnt: 0
hash resize group cnt: 0
hash resize group cnt: 0
hash resize group cnt: 0
hash resize group cnt: 0
hash resize group cnt: 0
hash resize group cnt: 0
hash resize group cnt: 0
hash resize group cnt: 0
hash resize group cnt: 0
hash resize group cnt: 0
hash resize group cnt: 0
hash resize group cnt: 0
hash resize group cnt: 0
hash resize group cnt: 0
hash resize group cnt: 0
hash resize group cnt: 0
hash resize group cnt: 0
hash resize group cnt: 0
hash resize group cnt: 0
hash resize group cnt: 0
hash resize group cnt: 0
hash resize group cnt: 0
hash resize group cnt: 0
hash resize group cnt: 0
hash resize group cnt: 0
hash resize group cnt: 0
hash resize group cnt: 0
hash resize group cnt: 0
hash resize group cnt: 0
hash resize group cnt: 0
hash resize group cnt: 0
hash resize group cnt: 0
hash resize group cnt: 0
hash resize group cnt: 0
[ycsb] Throughput sample elapsed_sec=780.001 interval_sec=60.0001 interval_ops=737512237 interval_ops_per_sec=1.22919e+07 cumulative_ops=9874663968 cumulative_ops_per_sec=1.26598e+07 final=0
hash resize group cnt: 0
hash resize group cnt: 0
hash resize group cnt: 0
hash resize group cnt: 0
hash resize group cnt: 0
hash resize group cnt: 0
hash resize group cnt: 0
hash resize group cnt: 0
hash resize group cnt: 0
hash resize group cnt: 0
hash resize group cnt: 0
hash resize group cnt: 0
hash resize group cnt: 0
hash resize group cnt: 0
hash resize group cnt: 0
hash resize group cnt: 0
hash resize group cnt: 0
hash resize group cnt: 0
hash resize group cnt: 0
hash resize group cnt: 0
hash resize group cnt: 0
hash resize group cnt: 0
hash resize group cnt: 0
hash resize group cnt: 0
hash resize group cnt: 0
hash resize group cnt: 0
hash resize group cnt: 0
hash resize group cnt: 0
hash resize group cnt: 0
hash resize group cnt: 0
hash resize group cnt: 0
hash resize group cnt: 0
hash resize group cnt: 0
hash resize group cnt: 0
hash resize group cnt: 0
hash resize group cnt: 0
hash resize group cnt: 0
hash resize group cnt: 0
hash resize group cnt: 0
hash resize group cnt: 0
hash resize group cnt: 0
hash resize group cnt: 0
hash resize group cnt: 0
hash resize group cnt: 0
[ycsb] Throughput sample elapsed_sec=840.001 interval_sec=60 interval_ops=737064067 interval_ops_per_sec=1.22844e+07 cumulative_ops=10611728035 cumulative_ops_per_sec=1.2633e+07 final=0
hash resize group cnt: 0
hash resize group cnt: 0
hash resize group cnt: 0
hash resize group cnt: 0
hash resize group cnt: 0
hash resize group cnt: 0
hash resize group cnt: 0
hash resize group cnt: 0
hash resize group cnt: 0
hash resize group cnt: 0
hash resize group cnt: 0
hash resize group cnt: 0
hash resize group cnt: 0
hash resize group cnt: 0
hash resize group cnt: 0
hash resize group cnt: 0
hash resize group cnt: 0
hash resize group cnt: 0
hash resize group cnt: 0
hash resize group cnt: 0
hash resize group cnt: 0
hash resize group cnt: 0
hash resize group cnt: 0
hash resize group cnt: 0
hash resize group cnt: 0
hash resize group cnt: 0
hash resize group cnt: 0
hash resize group cnt: 0
hash resize group cnt: 0
hash resize group cnt: 0
hash resize group cnt: 0
hash resize group cnt: 0
hash resize group cnt: 0
hash resize group cnt: 0
hash resize group cnt: 0
hash resize group cnt: 0
hash resize group cnt: 0
hash resize group cnt: 0
hash resize group cnt: 0
hash resize group cnt: 0
hash resize group cnt: 0
hash resize group cnt: 0
hash resize group cnt: 0
hash resize group cnt: 0
[ycsb] Throughput sample elapsed_sec=900.065 interval_sec=60.0639 interval_ops=737570184 interval_ops_per_sec=1.22798e+07 cumulative_ops=11349298219 cumulative_ops_per_sec=1.26094e+07 final=1
[ycsb] Time(sec) : 900.065
[ycsb] Throughput(op/s): 1.26094e+07
hash resize group cnt: 0
