[build] generated 100 deterministic raw configurations
[build] raw-001 design=auto-k1-fixed
[build] raw-002 design=auto-k2-fixed
[build] raw-003 design=auto-k3-fixed
[build] raw-004 design=auto-k6-fixed
[build] raw-005 design=broad-default
[build-skip] raw-005 selected nonconstant-size site(s): 72
[build] raw-006 design=broad-top8
[build-skip] raw-006 selected nonconstant-size site(s): 72
[build] raw-007 design=broad-top12-noexp
[build-skip] raw-007 selected nonconstant-size site(s): 72+75+81
[build] raw-008 design=permissive-deep
[build-skip] raw-008 selected nonconstant-size site(s): 72+75+81+82+91+92+94
[build] raw-009 design=strict-fixed
[build] raw-010 design=fixed-small-threshold
[build-skip] raw-010 selected nonconstant-size site(s): 72+91
[build] raw-011 design=high-affinity
[build-skip] raw-011 selected nonconstant-size site(s): 72
[build] raw-012 design=deep-expansion
[build-skip] raw-012 selected nonconstant-size site(s): 72+75+91
[build] raw-013 design=flat-fixed-aggressive
[build] raw-014 design=hybrid-fixed-expansion
[build] raw-015 design=random-size-heavy
[build] raw-016 design=random-hybrid
[build] raw-017 design=random-escape-heavy
[build-skip] raw-017 selected nonconstant-size site(s): 72+91
[build] raw-018 design=random-size-heavy
[build-skip] raw-018 selected nonconstant-size site(s): 72+91
[build] raw-019 design=random-size-heavy
[build-skip] raw-019 selected nonconstant-size site(s): 72
[build] raw-020 design=random-flat
[build] raw-021 design=random-default
[build] raw-022 design=random-sync-heavy
[build-skip] raw-022 selected nonconstant-size site(s): 72
[build] raw-023 design=random-hybrid
[build-skip] raw-023 selected nonconstant-size site(s): 72+91
[build] raw-024 design=random-default
[build-skip] raw-024 selected nonconstant-size site(s): 72
[build] raw-025 design=random-hybrid
[build-skip] raw-025 selected nonconstant-size site(s): 2+25+27+29+33+35+72+75+81+82+91+92+94
[build] raw-026 design=random-hybrid
[build-skip] raw-026 selected nonconstant-size site(s): 72
[build] raw-027 design=random-size-heavy
[build] raw-028 design=random-default
[build] raw-029 design=random-hybrid
[build-skip] raw-029 selected nonconstant-size site(s): 72
[build] raw-030 design=random-escape-heavy
[build] raw-031 design=random-worker-heavy
[build-skip] raw-031 selected nonconstant-size site(s): 72
[build] raw-032 design=random-size-heavy
[build-skip] raw-032 selected nonconstant-size site(s): 72+91
[build] raw-033 design=random-flat
[build-skip] raw-033 selected nonconstant-size site(s): 2+25+27+29+31+32+72+75+81+82+91+92+94
[build] raw-034 design=random-default
[build] raw-035 design=random-worker-heavy
[build] raw-036 design=random-escape-heavy
[build] raw-037 design=random-hybrid
[build] raw-038 design=random-hybrid
[build] raw-039 design=random-size-heavy
[build] raw-040 design=random-hybrid
[build] raw-041 design=random-worker-heavy
[build-skip] raw-041 selected nonconstant-size site(s): 72
[build] raw-042 design=random-worker-heavy
[build-skip] raw-042 selected nonconstant-size site(s): 72+75+81+82+91+92+94
[build] raw-043 design=random-size-heavy
[build] raw-044 design=random-size-heavy
[build] raw-045 design=random-worker-heavy
[build-skip] raw-045 selected nonconstant-size site(s): 72
[build] raw-046 design=random-size-heavy
[build] raw-047 design=random-sync-heavy
[build] raw-048 design=random-flat
[build-skip] raw-048 selected nonconstant-size site(s): 72
[build] raw-049 design=random-worker-heavy
[build-fail] raw-049 exit=1; continuing
[build] raw-050 design=random-escape-heavy
[build] raw-051 design=random-escape-heavy
[build] raw-052 design=random-hybrid
[build-skip] raw-052 selected nonconstant-size site(s): 2+25+60+64+66+72+75+81+82+91+92+94
[build] raw-053 design=random-hybrid
[build] raw-054 design=random-sync-heavy
[build-skip] raw-054 selected nonconstant-size site(s): 72
[build] raw-055 design=random-flat
[build-skip] raw-055 selected nonconstant-size site(s): 72
[build] raw-056 design=random-hybrid
[build] raw-057 design=random-default
[build] raw-058 design=random-worker-heavy
[build-skip] raw-058 selected nonconstant-size site(s): 72
[build] raw-059 design=random-escape-heavy
[build-skip] raw-059 selected nonconstant-size site(s): 2+72+75+91+92+94
[build] raw-060 design=random-default
[build-skip] raw-060 selected nonconstant-size site(s): 72+75+81+82+91+92+94
[build] raw-061 design=random-hybrid
[build] raw-062 design=random-flat
[build] raw-063 design=random-escape-heavy
[build] raw-064 design=random-sync-heavy
[build-skip] raw-064 selected nonconstant-size site(s): 72
[build] raw-065 design=random-hybrid
[build] raw-066 design=random-size-heavy
[build] raw-067 design=random-sync-heavy
[build-skip] raw-067 selected nonconstant-size site(s): 72
[build] raw-068 design=random-size-heavy
[build-skip] raw-068 selected nonconstant-size site(s): 72
[build] raw-069 design=random-worker-heavy
[build-skip] raw-069 selected nonconstant-size site(s): 72
[build] raw-070 design=random-sync-heavy
[build-skip] raw-070 selected nonconstant-size site(s): 72+75+81
[build] raw-071 design=random-default
[build-skip] raw-071 selected nonconstant-size site(s): 72+91
[build] raw-072 design=random-sync-heavy
[build-skip] raw-072 selected nonconstant-size site(s): 2+25+27+29+33+72+75+81+82+91+92+94
[build] raw-073 design=random-sync-heavy
[build-skip] raw-073 selected nonconstant-size site(s): 72
[build] raw-074 design=random-escape-heavy
[build-skip] raw-074 selected nonconstant-size site(s): 2+25+27+29+33+35+38+72+75+91+92+94
[build] raw-075 design=random-hybrid
[build] raw-076 design=random-escape-heavy
[build] raw-077 design=random-escape-heavy
[build-skip] raw-077 selected nonconstant-size site(s): 72+91
[build] raw-078 design=random-escape-heavy
[build-skip] raw-078 selected nonconstant-size site(s): 72+91
[build] raw-079 design=random-hybrid
[build] raw-080 design=random-sync-heavy
[build-skip] raw-080 selected nonconstant-size site(s): 72
[build] raw-081 design=random-size-heavy
[build] raw-082 design=random-size-heavy
[build] raw-083 design=random-size-heavy
[build-skip] raw-083 selected nonconstant-size site(s): 72
[build] raw-084 design=random-size-heavy
[build-skip] raw-084 selected nonconstant-size site(s): 72
[build] raw-085 design=random-sync-heavy
[build] raw-086 design=random-flat
[build-skip] raw-086 selected nonconstant-size site(s): 72
[build] raw-087 design=random-worker-heavy
[build-skip] raw-087 selected nonconstant-size site(s): 72
[build] raw-088 design=random-flat
[build-skip] raw-088 selected nonconstant-size site(s): 72+75
[build] raw-089 design=random-hybrid
[build-skip] raw-089 selected nonconstant-size site(s): 72
[build] raw-090 design=random-size-heavy
[build-skip] raw-090 selected nonconstant-size site(s): 72
[build] raw-091 design=random-sync-heavy
[build-skip] raw-091 selected nonconstant-size site(s): 72
[build] raw-092 design=random-worker-heavy
[build-skip] raw-092 selected nonconstant-size site(s): 72+91
[build] raw-093 design=random-flat
[build-skip] raw-093 selected nonconstant-size site(s): 72
[build] raw-094 design=random-escape-heavy
[build-skip] raw-094 selected nonconstant-size site(s): 72
[build] raw-095 design=random-escape-heavy
[build-skip] raw-095 selected nonconstant-size site(s): 72
[build] raw-096 design=random-sync-heavy
[build-skip] raw-096 selected nonconstant-size site(s): 72
[build] raw-097 design=random-worker-heavy
[build-skip] raw-097 selected nonconstant-size site(s): 72+91
[build] raw-098 design=random-worker-heavy
[build-skip] raw-098 selected nonconstant-size site(s): 72
[build] raw-099 design=random-sync-heavy
[build] raw-100 design=random-flat
[build] selected 18 static-unique candidates; build failures=1; unsafe nonconstant builds=56
[phase] native start anchor
[row 1] phase=native-start candidate=native replicate=1 mode=native duration=60s timeout=300s
Starting protected hot-set scope:
  MemoryMax=64G
  MemorySwapMax=0
  config=/home/shin/arbiter/build/arbiter-bench/xindex-hotset-auto-k3-s12/hotset-build.config
  target_node=2
  heap_backend=arena
  arena_slab_bytes=2097152
  arena_reserve_bytes=25769803776
  duration_seconds=60
  result=/home/shin/arbiter/build/arbiter-bench/hotset-broad-sweep-v2-20260822-012131/rows/001-native-start-native-r01-native
Running scope as unit: run-r39079c5c5f734169912c3b17012ce7d0.scope
[run] workload=a config=native repeat=1
[done] workload=a config=native time=60.0031 throughput=2.67045e+07 max_rss_kb=32641200

Hot-set experiment complete.
Results:
  /home/shin/arbiter/build/arbiter-bench/hotset-broad-sweep-v2-20260822-012131/rows/001-native-start-native-r01-native/runs.csv
  /home/shin/arbiter/build/arbiter-bench/hotset-broad-sweep-v2-20260822-012131/rows/001-native-start-native-r01-native/summary.csv
  /home/shin/arbiter/build/arbiter-bench/hotset-broad-sweep-v2-20260822-012131/rows/001-native-start-native-r01-native/summary.md
  /home/shin/arbiter/build/arbiter-bench/hotset-broad-sweep-v2-20260822-012131/rows/001-native-start-native-r01-native/throughput-samples.csv
  /home/shin/arbiter/build/arbiter-bench/hotset-broad-sweep-v2-20260822-012131/rows/001-native-start-native-r01-native/hotset-input.config
  /home/shin/arbiter/build/arbiter-bench/hotset-broad-sweep-v2-20260822-012131/rows/001-native-start-native-r01-native/hotset-sites.csv
  /home/shin/arbiter/build/arbiter-bench/hotset-broad-sweep-v2-20260822-012131/rows/001-native-start-native-r01-native/hotset-effective.opt-args
[row-done] status=ok throughput=2.67045e+07 runtime_sites=native driver_exit=0
[phase] screen: 18 static-unique candidates
[row 2] phase=screen candidate=raw-001 replicate=1 mode=local duration=15s timeout=255s
Starting protected hot-set scope:
  MemoryMax=64G
  MemorySwapMax=0
  config=/home/shin/arbiter/build/arbiter-bench/hotset-broad-sweep-v2-20260822-012131/configs/raw-001.config
  target_node=2
  heap_backend=arena
  arena_slab_bytes=2097152
  arena_reserve_bytes=25769803776
  duration_seconds=15
  result=/home/shin/arbiter/build/arbiter-bench/hotset-broad-sweep-v2-20260822-012131/rows/002-screen-raw-001-r01-local
Running scope as unit: run-rd637d810c68c462d8482899bc2814b9e.scope
[run] workload=a config=hotset-use-local repeat=1
[fail] workload=a config=hotset-use-local status=arena-report-missing
FAIL_FAST=1: stopping after the first failed run
[row-done] status=arena-report-missing throughput=2.8479e+07 runtime_sites=none driver_exit=1
[row 3] phase=screen candidate=raw-001 replicate=1 mode=cxl duration=15s timeout=255s
Starting protected hot-set scope:
  MemoryMax=64G
  MemorySwapMax=0
  config=/home/shin/arbiter/build/arbiter-bench/hotset-broad-sweep-v2-20260822-012131/configs/raw-001.config
  target_node=2
  heap_backend=arena
  arena_slab_bytes=2097152
  arena_reserve_bytes=25769803776
  duration_seconds=15
  result=/home/shin/arbiter/build/arbiter-bench/hotset-broad-sweep-v2-20260822-012131/rows/003-screen-raw-001-r01-cxl
Running scope as unit: run-rc0e3653d37f84bef9d91de3bda43b8f3.scope
[run] workload=a config=hotset-use-target repeat=1
[fail] workload=a config=hotset-use-target status=arena-report-missing
FAIL_FAST=1: stopping after the first failed run
[row-done] status=arena-report-missing throughput=2.69461e+07 runtime_sites=none driver_exit=1
[row 4] phase=screen candidate=raw-002 replicate=1 mode=cxl duration=15s timeout=255s
Starting protected hot-set scope:
  MemoryMax=64G
  MemorySwapMax=0
  config=/home/shin/arbiter/build/arbiter-bench/hotset-broad-sweep-v2-20260822-012131/configs/raw-002.config
  target_node=2
  heap_backend=arena
  arena_slab_bytes=2097152
  arena_reserve_bytes=25769803776
  duration_seconds=15
  result=/home/shin/arbiter/build/arbiter-bench/hotset-broad-sweep-v2-20260822-012131/rows/004-screen-raw-002-r01-cxl
Running scope as unit: run-rc9bb5daf1ca847e9881be4f66fb1bbd0.scope
[run] workload=a config=hotset-use-target repeat=1
[fail] workload=a config=hotset-use-target status=arena-report-missing
FAIL_FAST=1: stopping after the first failed run
[row-done] status=arena-report-missing throughput=2.67515e+07 runtime_sites=none driver_exit=1
[row 5] phase=screen candidate=raw-002 replicate=1 mode=local duration=15s timeout=255s
Starting protected hot-set scope:
  MemoryMax=64G
  MemorySwapMax=0
  config=/home/shin/arbiter/build/arbiter-bench/hotset-broad-sweep-v2-20260822-012131/configs/raw-002.config
  target_node=2
  heap_backend=arena
  arena_slab_bytes=2097152
  arena_reserve_bytes=25769803776
  duration_seconds=15
  result=/home/shin/arbiter/build/arbiter-bench/hotset-broad-sweep-v2-20260822-012131/rows/005-screen-raw-002-r01-local
Running scope as unit: run-r8e2abedd352b4dcfaeb005250ffa4350.scope
[run] workload=a config=hotset-use-local repeat=1
[fail] workload=a config=hotset-use-local status=arena-report-missing
FAIL_FAST=1: stopping after the first failed run
[row-done] status=arena-report-missing throughput=2.89727e+07 runtime_sites=none driver_exit=1
[row 6] phase=screen candidate=raw-003 replicate=1 mode=local duration=15s timeout=255s
Starting protected hot-set scope:
  MemoryMax=64G
  MemorySwapMax=0
  config=/home/shin/arbiter/build/arbiter-bench/hotset-broad-sweep-v2-20260822-012131/configs/raw-003.config
  target_node=2
  heap_backend=arena
  arena_slab_bytes=2097152
  arena_reserve_bytes=25769803776
  duration_seconds=15
  result=/home/shin/arbiter/build/arbiter-bench/hotset-broad-sweep-v2-20260822-012131/rows/006-screen-raw-003-r01-local
Running scope as unit: run-rff811f36002245c1ae39463e44f68055.scope
[run] workload=a config=hotset-use-local repeat=1
[done] workload=a config=hotset-use-local time=15.0015 throughput=2.7413e+07 max_rss_kb=33440320

Hot-set experiment complete.
Results:
  /home/shin/arbiter/build/arbiter-bench/hotset-broad-sweep-v2-20260822-012131/rows/006-screen-raw-003-r01-local/runs.csv
  /home/shin/arbiter/build/arbiter-bench/hotset-broad-sweep-v2-20260822-012131/rows/006-screen-raw-003-r01-local/summary.csv
  /home/shin/arbiter/build/arbiter-bench/hotset-broad-sweep-v2-20260822-012131/rows/006-screen-raw-003-r01-local/summary.md
  /home/shin/arbiter/build/arbiter-bench/hotset-broad-sweep-v2-20260822-012131/rows/006-screen-raw-003-r01-local/throughput-samples.csv
  /home/shin/arbiter/build/arbiter-bench/hotset-broad-sweep-v2-20260822-012131/rows/006-screen-raw-003-r01-local/hotset-input.config
  /home/shin/arbiter/build/arbiter-bench/hotset-broad-sweep-v2-20260822-012131/rows/006-screen-raw-003-r01-local/hotset-sites.csv
  /home/shin/arbiter/build/arbiter-bench/hotset-broad-sweep-v2-20260822-012131/rows/006-screen-raw-003-r01-local/hotset-effective.opt-args
[row-done] status=ok throughput=2.7413e+07 runtime_sites=68 driver_exit=0
[row 7] phase=screen candidate=raw-003 replicate=1 mode=cxl duration=15s timeout=255s
Starting protected hot-set scope:
  MemoryMax=64G
  MemorySwapMax=0
  config=/home/shin/arbiter/build/arbiter-bench/hotset-broad-sweep-v2-20260822-012131/configs/raw-003.config
  target_node=2
  heap_backend=arena
  arena_slab_bytes=2097152
  arena_reserve_bytes=25769803776
  duration_seconds=15
  result=/home/shin/arbiter/build/arbiter-bench/hotset-broad-sweep-v2-20260822-012131/rows/007-screen-raw-003-r01-cxl
Running scope as unit: run-rb2428e533593450a99e52d3b3082e235.scope
[run] workload=a config=hotset-use-target repeat=1
[done] workload=a config=hotset-use-target time=15.0031 throughput=4.35071e+07 max_rss_kb=33440300

Hot-set experiment complete.
Results:
  /home/shin/arbiter/build/arbiter-bench/hotset-broad-sweep-v2-20260822-012131/rows/007-screen-raw-003-r01-cxl/runs.csv
  /home/shin/arbiter/build/arbiter-bench/hotset-broad-sweep-v2-20260822-012131/rows/007-screen-raw-003-r01-cxl/summary.csv
  /home/shin/arbiter/build/arbiter-bench/hotset-broad-sweep-v2-20260822-012131/rows/007-screen-raw-003-r01-cxl/summary.md
  /home/shin/arbiter/build/arbiter-bench/hotset-broad-sweep-v2-20260822-012131/rows/007-screen-raw-003-r01-cxl/throughput-samples.csv
  /home/shin/arbiter/build/arbiter-bench/hotset-broad-sweep-v2-20260822-012131/rows/007-screen-raw-003-r01-cxl/hotset-input.config
  /home/shin/arbiter/build/arbiter-bench/hotset-broad-sweep-v2-20260822-012131/rows/007-screen-raw-003-r01-cxl/hotset-sites.csv
  /home/shin/arbiter/build/arbiter-bench/hotset-broad-sweep-v2-20260822-012131/rows/007-screen-raw-003-r01-cxl/hotset-effective.opt-args
[row-done] status=ok throughput=4.35071e+07 runtime_sites=68 driver_exit=0
[row 8] phase=screen candidate=raw-004 replicate=1 mode=cxl duration=15s timeout=255s
Starting protected hot-set scope:
  MemoryMax=64G
  MemorySwapMax=0
  config=/home/shin/arbiter/build/arbiter-bench/hotset-broad-sweep-v2-20260822-012131/configs/raw-004.config
  target_node=2
  heap_backend=arena
  arena_slab_bytes=2097152
  arena_reserve_bytes=25769803776
  duration_seconds=15
  result=/home/shin/arbiter/build/arbiter-bench/hotset-broad-sweep-v2-20260822-012131/rows/008-screen-raw-004-r01-cxl
Running scope as unit: run-r7f05378a00f944bc85d851ffb66c4b54.scope
[run] workload=a config=hotset-use-target repeat=1
[done] workload=a config=hotset-use-target time=15.0061 throughput=4.33192e+07 max_rss_kb=33440340

Hot-set experiment complete.
Results:
  /home/shin/arbiter/build/arbiter-bench/hotset-broad-sweep-v2-20260822-012131/rows/008-screen-raw-004-r01-cxl/runs.csv
  /home/shin/arbiter/build/arbiter-bench/hotset-broad-sweep-v2-20260822-012131/rows/008-screen-raw-004-r01-cxl/summary.csv
  /home/shin/arbiter/build/arbiter-bench/hotset-broad-sweep-v2-20260822-012131/rows/008-screen-raw-004-r01-cxl/summary.md
  /home/shin/arbiter/build/arbiter-bench/hotset-broad-sweep-v2-20260822-012131/rows/008-screen-raw-004-r01-cxl/throughput-samples.csv
  /home/shin/arbiter/build/arbiter-bench/hotset-broad-sweep-v2-20260822-012131/rows/008-screen-raw-004-r01-cxl/hotset-input.config
  /home/shin/arbiter/build/arbiter-bench/hotset-broad-sweep-v2-20260822-012131/rows/008-screen-raw-004-r01-cxl/hotset-sites.csv
  /home/shin/arbiter/build/arbiter-bench/hotset-broad-sweep-v2-20260822-012131/rows/008-screen-raw-004-r01-cxl/hotset-effective.opt-args
[row-done] status=ok throughput=4.33192e+07 runtime_sites=68 driver_exit=0
[row 9] phase=screen candidate=raw-004 replicate=1 mode=local duration=15s timeout=255s
Starting protected hot-set scope:
  MemoryMax=64G
  MemorySwapMax=0
  config=/home/shin/arbiter/build/arbiter-bench/hotset-broad-sweep-v2-20260822-012131/configs/raw-004.config
  target_node=2
  heap_backend=arena
  arena_slab_bytes=2097152
  arena_reserve_bytes=25769803776
  duration_seconds=15
  result=/home/shin/arbiter/build/arbiter-bench/hotset-broad-sweep-v2-20260822-012131/rows/009-screen-raw-004-r01-local
Running scope as unit: run-r7cfc1bea91c94c36be2b5dec7ec43b72.scope
[run] workload=a config=hotset-use-local repeat=1
[done] workload=a config=hotset-use-local time=15.0041 throughput=2.87178e+07 max_rss_kb=33440268

Hot-set experiment complete.
Results:
  /home/shin/arbiter/build/arbiter-bench/hotset-broad-sweep-v2-20260822-012131/rows/009-screen-raw-004-r01-local/runs.csv
  /home/shin/arbiter/build/arbiter-bench/hotset-broad-sweep-v2-20260822-012131/rows/009-screen-raw-004-r01-local/summary.csv
  /home/shin/arbiter/build/arbiter-bench/hotset-broad-sweep-v2-20260822-012131/rows/009-screen-raw-004-r01-local/summary.md
  /home/shin/arbiter/build/arbiter-bench/hotset-broad-sweep-v2-20260822-012131/rows/009-screen-raw-004-r01-local/throughput-samples.csv
  /home/shin/arbiter/build/arbiter-bench/hotset-broad-sweep-v2-20260822-012131/rows/009-screen-raw-004-r01-local/hotset-input.config
  /home/shin/arbiter/build/arbiter-bench/hotset-broad-sweep-v2-20260822-012131/rows/009-screen-raw-004-r01-local/hotset-sites.csv
  /home/shin/arbiter/build/arbiter-bench/hotset-broad-sweep-v2-20260822-012131/rows/009-screen-raw-004-r01-local/hotset-effective.opt-args
[row-done] status=ok throughput=2.87178e+07 runtime_sites=68 driver_exit=0
[row 10] phase=screen candidate=raw-009 replicate=1 mode=local duration=15s timeout=255s
Starting protected hot-set scope:
  MemoryMax=64G
  MemorySwapMax=0
  config=/home/shin/arbiter/build/arbiter-bench/hotset-broad-sweep-v2-20260822-012131/configs/raw-009.config
  target_node=2
  heap_backend=arena
  arena_slab_bytes=2097152
  arena_reserve_bytes=25769803776
  duration_seconds=15
  result=/home/shin/arbiter/build/arbiter-bench/hotset-broad-sweep-v2-20260822-012131/rows/010-screen-raw-009-r01-local
Running scope as unit: run-r6938402a1fce4d3db2205ab42a706a2f.scope
[run] workload=a config=hotset-use-local repeat=1
[done] workload=a config=hotset-use-local time=15.0033 throughput=2.80825e+07 max_rss_kb=34880068

Hot-set experiment complete.
Results:
  /home/shin/arbiter/build/arbiter-bench/hotset-broad-sweep-v2-20260822-012131/rows/010-screen-raw-009-r01-local/runs.csv
  /home/shin/arbiter/build/arbiter-bench/hotset-broad-sweep-v2-20260822-012131/rows/010-screen-raw-009-r01-local/summary.csv
  /home/shin/arbiter/build/arbiter-bench/hotset-broad-sweep-v2-20260822-012131/rows/010-screen-raw-009-r01-local/summary.md
  /home/shin/arbiter/build/arbiter-bench/hotset-broad-sweep-v2-20260822-012131/rows/010-screen-raw-009-r01-local/throughput-samples.csv
  /home/shin/arbiter/build/arbiter-bench/hotset-broad-sweep-v2-20260822-012131/rows/010-screen-raw-009-r01-local/hotset-input.config
  /home/shin/arbiter/build/arbiter-bench/hotset-broad-sweep-v2-20260822-012131/rows/010-screen-raw-009-r01-local/hotset-sites.csv
  /home/shin/arbiter/build/arbiter-bench/hotset-broad-sweep-v2-20260822-012131/rows/010-screen-raw-009-r01-local/hotset-effective.opt-args
[row-done] status=ok throughput=2.80825e+07 runtime_sites=68+69 driver_exit=0
[row 11] phase=screen candidate=raw-009 replicate=1 mode=cxl duration=15s timeout=255s
Starting protected hot-set scope:
  MemoryMax=64G
  MemorySwapMax=0
  config=/home/shin/arbiter/build/arbiter-bench/hotset-broad-sweep-v2-20260822-012131/configs/raw-009.config
  target_node=2
  heap_backend=arena
  arena_slab_bytes=2097152
  arena_reserve_bytes=25769803776
  duration_seconds=15
  result=/home/shin/arbiter/build/arbiter-bench/hotset-broad-sweep-v2-20260822-012131/rows/011-screen-raw-009-r01-cxl
Running scope as unit: run-r24a4b64202294ef7aae90e179b7c16a3.scope
[run] workload=a config=hotset-use-target repeat=1
[done] workload=a config=hotset-use-target time=15.004 throughput=4.08092e+07 max_rss_kb=34880064

Hot-set experiment complete.
Results:
  /home/shin/arbiter/build/arbiter-bench/hotset-broad-sweep-v2-20260822-012131/rows/011-screen-raw-009-r01-cxl/runs.csv
  /home/shin/arbiter/build/arbiter-bench/hotset-broad-sweep-v2-20260822-012131/rows/011-screen-raw-009-r01-cxl/summary.csv
  /home/shin/arbiter/build/arbiter-bench/hotset-broad-sweep-v2-20260822-012131/rows/011-screen-raw-009-r01-cxl/summary.md
  /home/shin/arbiter/build/arbiter-bench/hotset-broad-sweep-v2-20260822-012131/rows/011-screen-raw-009-r01-cxl/throughput-samples.csv
  /home/shin/arbiter/build/arbiter-bench/hotset-broad-sweep-v2-20260822-012131/rows/011-screen-raw-009-r01-cxl/hotset-input.config
  /home/shin/arbiter/build/arbiter-bench/hotset-broad-sweep-v2-20260822-012131/rows/011-screen-raw-009-r01-cxl/hotset-sites.csv
  /home/shin/arbiter/build/arbiter-bench/hotset-broad-sweep-v2-20260822-012131/rows/011-screen-raw-009-r01-cxl/hotset-effective.opt-args
[row-done] status=ok throughput=4.08092e+07 runtime_sites=68+69 driver_exit=0
[row 12] phase=screen candidate=raw-013 replicate=1 mode=cxl duration=15s timeout=255s
Starting protected hot-set scope:
  MemoryMax=64G
  MemorySwapMax=0
  config=/home/shin/arbiter/build/arbiter-bench/hotset-broad-sweep-v2-20260822-012131/configs/raw-013.config
  target_node=2
  heap_backend=arena
  arena_slab_bytes=2097152
  arena_reserve_bytes=25769803776
  duration_seconds=15
  result=/home/shin/arbiter/build/arbiter-bench/hotset-broad-sweep-v2-20260822-012131/rows/012-screen-raw-013-r01-cxl
Running scope as unit: run-rb4bf219c3eab4c1bb6bae2b0bc0c0617.scope
[run] workload=a config=hotset-use-target repeat=1
[done] workload=a config=hotset-use-target time=15.0041 throughput=5.74919e+07 max_rss_kb=33102796

Hot-set experiment complete.
Results:
  /home/shin/arbiter/build/arbiter-bench/hotset-broad-sweep-v2-20260822-012131/rows/012-screen-raw-013-r01-cxl/runs.csv
  /home/shin/arbiter/build/arbiter-bench/hotset-broad-sweep-v2-20260822-012131/rows/012-screen-raw-013-r01-cxl/summary.csv
  /home/shin/arbiter/build/arbiter-bench/hotset-broad-sweep-v2-20260822-012131/rows/012-screen-raw-013-r01-cxl/summary.md
  /home/shin/arbiter/build/arbiter-bench/hotset-broad-sweep-v2-20260822-012131/rows/012-screen-raw-013-r01-cxl/throughput-samples.csv
  /home/shin/arbiter/build/arbiter-bench/hotset-broad-sweep-v2-20260822-012131/rows/012-screen-raw-013-r01-cxl/hotset-input.config
  /home/shin/arbiter/build/arbiter-bench/hotset-broad-sweep-v2-20260822-012131/rows/012-screen-raw-013-r01-cxl/hotset-sites.csv
  /home/shin/arbiter/build/arbiter-bench/hotset-broad-sweep-v2-20260822-012131/rows/012-screen-raw-013-r01-cxl/hotset-effective.opt-args
[row-done] status=ok throughput=5.74919e+07 runtime_sites=68+69+71 driver_exit=0
[row 13] phase=screen candidate=raw-013 replicate=1 mode=local duration=15s timeout=255s
Starting protected hot-set scope:
  MemoryMax=64G
  MemorySwapMax=0
  config=/home/shin/arbiter/build/arbiter-bench/hotset-broad-sweep-v2-20260822-012131/configs/raw-013.config
  target_node=2
  heap_backend=arena
  arena_slab_bytes=2097152
  arena_reserve_bytes=25769803776
  duration_seconds=15
  result=/home/shin/arbiter/build/arbiter-bench/hotset-broad-sweep-v2-20260822-012131/rows/013-screen-raw-013-r01-local
Running scope as unit: run-r820da405573947ab8e6906016fb81504.scope
[run] workload=a config=hotset-use-local repeat=1
[done] workload=a config=hotset-use-local time=15.0041 throughput=2.84733e+07 max_rss_kb=33102760

Hot-set experiment complete.
Results:
  /home/shin/arbiter/build/arbiter-bench/hotset-broad-sweep-v2-20260822-012131/rows/013-screen-raw-013-r01-local/runs.csv
  /home/shin/arbiter/build/arbiter-bench/hotset-broad-sweep-v2-20260822-012131/rows/013-screen-raw-013-r01-local/summary.csv
  /home/shin/arbiter/build/arbiter-bench/hotset-broad-sweep-v2-20260822-012131/rows/013-screen-raw-013-r01-local/summary.md
  /home/shin/arbiter/build/arbiter-bench/hotset-broad-sweep-v2-20260822-012131/rows/013-screen-raw-013-r01-local/throughput-samples.csv
  /home/shin/arbiter/build/arbiter-bench/hotset-broad-sweep-v2-20260822-012131/rows/013-screen-raw-013-r01-local/hotset-input.config
  /home/shin/arbiter/build/arbiter-bench/hotset-broad-sweep-v2-20260822-012131/rows/013-screen-raw-013-r01-local/hotset-sites.csv
  /home/shin/arbiter/build/arbiter-bench/hotset-broad-sweep-v2-20260822-012131/rows/013-screen-raw-013-r01-local/hotset-effective.opt-args
[row-done] status=ok throughput=2.84733e+07 runtime_sites=68+69+71 driver_exit=0
[row 14] phase=screen candidate=raw-014 replicate=1 mode=local duration=15s timeout=255s
Starting protected hot-set scope:
  MemoryMax=64G
  MemorySwapMax=0
  config=/home/shin/arbiter/build/arbiter-bench/hotset-broad-sweep-v2-20260822-012131/configs/raw-014.config
  target_node=2
  heap_backend=arena
  arena_slab_bytes=2097152
  arena_reserve_bytes=25769803776
  duration_seconds=15
  result=/home/shin/arbiter/build/arbiter-bench/hotset-broad-sweep-v2-20260822-012131/rows/014-screen-raw-014-r01-local
Running scope as unit: run-rc5b3ca746f80443699c7a27166c24105.scope
[run] workload=a config=hotset-use-local repeat=1
[done] workload=a config=hotset-use-local time=15.0031 throughput=2.69439e+07 max_rss_kb=30864904

Hot-set experiment complete.
Results:
  /home/shin/arbiter/build/arbiter-bench/hotset-broad-sweep-v2-20260822-012131/rows/014-screen-raw-014-r01-local/runs.csv
  /home/shin/arbiter/build/arbiter-bench/hotset-broad-sweep-v2-20260822-012131/rows/014-screen-raw-014-r01-local/summary.csv
  /home/shin/arbiter/build/arbiter-bench/hotset-broad-sweep-v2-20260822-012131/rows/014-screen-raw-014-r01-local/summary.md
  /home/shin/arbiter/build/arbiter-bench/hotset-broad-sweep-v2-20260822-012131/rows/014-screen-raw-014-r01-local/throughput-samples.csv
  /home/shin/arbiter/build/arbiter-bench/hotset-broad-sweep-v2-20260822-012131/rows/014-screen-raw-014-r01-local/hotset-input.config
  /home/shin/arbiter/build/arbiter-bench/hotset-broad-sweep-v2-20260822-012131/rows/014-screen-raw-014-r01-local/hotset-sites.csv
  /home/shin/arbiter/build/arbiter-bench/hotset-broad-sweep-v2-20260822-012131/rows/014-screen-raw-014-r01-local/hotset-effective.opt-args
[row-done] status=ok throughput=2.69439e+07 runtime_sites=71 driver_exit=0
[row 15] phase=screen candidate=raw-014 replicate=1 mode=cxl duration=15s timeout=255s
Starting protected hot-set scope:
  MemoryMax=64G
  MemorySwapMax=0
  config=/home/shin/arbiter/build/arbiter-bench/hotset-broad-sweep-v2-20260822-012131/configs/raw-014.config
  target_node=2
  heap_backend=arena
  arena_slab_bytes=2097152
  arena_reserve_bytes=25769803776
  duration_seconds=15
  result=/home/shin/arbiter/build/arbiter-bench/hotset-broad-sweep-v2-20260822-012131/rows/015-screen-raw-014-r01-cxl
Running scope as unit: run-rba65649a78294ac7a98294200900e3a6.scope
[run] workload=a config=hotset-use-target repeat=1
[done] workload=a config=hotset-use-target time=15.0037 throughput=4.80064e+07 max_rss_kb=30864968

Hot-set experiment complete.
Results:
  /home/shin/arbiter/build/arbiter-bench/hotset-broad-sweep-v2-20260822-012131/rows/015-screen-raw-014-r01-cxl/runs.csv
  /home/shin/arbiter/build/arbiter-bench/hotset-broad-sweep-v2-20260822-012131/rows/015-screen-raw-014-r01-cxl/summary.csv
  /home/shin/arbiter/build/arbiter-bench/hotset-broad-sweep-v2-20260822-012131/rows/015-screen-raw-014-r01-cxl/summary.md
  /home/shin/arbiter/build/arbiter-bench/hotset-broad-sweep-v2-20260822-012131/rows/015-screen-raw-014-r01-cxl/throughput-samples.csv
  /home/shin/arbiter/build/arbiter-bench/hotset-broad-sweep-v2-20260822-012131/rows/015-screen-raw-014-r01-cxl/hotset-input.config
  /home/shin/arbiter/build/arbiter-bench/hotset-broad-sweep-v2-20260822-012131/rows/015-screen-raw-014-r01-cxl/hotset-sites.csv
  /home/shin/arbiter/build/arbiter-bench/hotset-broad-sweep-v2-20260822-012131/rows/015-screen-raw-014-r01-cxl/hotset-effective.opt-args
[row-done] status=ok throughput=4.80064e+07 runtime_sites=71 driver_exit=0
[row 16] phase=screen candidate=raw-021 replicate=1 mode=cxl duration=15s timeout=255s
Starting protected hot-set scope:
  MemoryMax=64G
  MemorySwapMax=0
  config=/home/shin/arbiter/build/arbiter-bench/hotset-broad-sweep-v2-20260822-012131/configs/raw-021.config
  target_node=2
  heap_backend=arena
  arena_slab_bytes=2097152
  arena_reserve_bytes=25769803776
  duration_seconds=15
  result=/home/shin/arbiter/build/arbiter-bench/hotset-broad-sweep-v2-20260822-012131/rows/016-screen-raw-021-r01-cxl
Running scope as unit: run-rbb9c8233122442c3843858e5ec434e83.scope
[run] workload=a config=hotset-use-target repeat=1
[done] workload=a config=hotset-use-target time=15.0043 throughput=5.72646e+07 max_rss_kb=33102824

Hot-set experiment complete.
Results:
  /home/shin/arbiter/build/arbiter-bench/hotset-broad-sweep-v2-20260822-012131/rows/016-screen-raw-021-r01-cxl/runs.csv
  /home/shin/arbiter/build/arbiter-bench/hotset-broad-sweep-v2-20260822-012131/rows/016-screen-raw-021-r01-cxl/summary.csv
  /home/shin/arbiter/build/arbiter-bench/hotset-broad-sweep-v2-20260822-012131/rows/016-screen-raw-021-r01-cxl/summary.md
  /home/shin/arbiter/build/arbiter-bench/hotset-broad-sweep-v2-20260822-012131/rows/016-screen-raw-021-r01-cxl/throughput-samples.csv
  /home/shin/arbiter/build/arbiter-bench/hotset-broad-sweep-v2-20260822-012131/rows/016-screen-raw-021-r01-cxl/hotset-input.config
  /home/shin/arbiter/build/arbiter-bench/hotset-broad-sweep-v2-20260822-012131/rows/016-screen-raw-021-r01-cxl/hotset-sites.csv
  /home/shin/arbiter/build/arbiter-bench/hotset-broad-sweep-v2-20260822-012131/rows/016-screen-raw-021-r01-cxl/hotset-effective.opt-args
[row-done] status=ok throughput=5.72646e+07 runtime_sites=68+69+71+74 driver_exit=0
[row 17] phase=screen candidate=raw-021 replicate=1 mode=local duration=15s timeout=255s
Starting protected hot-set scope:
  MemoryMax=64G
  MemorySwapMax=0
  config=/home/shin/arbiter/build/arbiter-bench/hotset-broad-sweep-v2-20260822-012131/configs/raw-021.config
  target_node=2
  heap_backend=arena
  arena_slab_bytes=2097152
  arena_reserve_bytes=25769803776
  duration_seconds=15
  result=/home/shin/arbiter/build/arbiter-bench/hotset-broad-sweep-v2-20260822-012131/rows/017-screen-raw-021-r01-local
Running scope as unit: run-r1a0d73dd48d544e5ab8fe047136974f2.scope
[run] workload=a config=hotset-use-local repeat=1
[done] workload=a config=hotset-use-local time=15.0064 throughput=2.81358e+07 max_rss_kb=33102840

Hot-set experiment complete.
Results:
  /home/shin/arbiter/build/arbiter-bench/hotset-broad-sweep-v2-20260822-012131/rows/017-screen-raw-021-r01-local/runs.csv
  /home/shin/arbiter/build/arbiter-bench/hotset-broad-sweep-v2-20260822-012131/rows/017-screen-raw-021-r01-local/summary.csv
  /home/shin/arbiter/build/arbiter-bench/hotset-broad-sweep-v2-20260822-012131/rows/017-screen-raw-021-r01-local/summary.md
  /home/shin/arbiter/build/arbiter-bench/hotset-broad-sweep-v2-20260822-012131/rows/017-screen-raw-021-r01-local/throughput-samples.csv
  /home/shin/arbiter/build/arbiter-bench/hotset-broad-sweep-v2-20260822-012131/rows/017-screen-raw-021-r01-local/hotset-input.config
  /home/shin/arbiter/build/arbiter-bench/hotset-broad-sweep-v2-20260822-012131/rows/017-screen-raw-021-r01-local/hotset-sites.csv
  /home/shin/arbiter/build/arbiter-bench/hotset-broad-sweep-v2-20260822-012131/rows/017-screen-raw-021-r01-local/hotset-effective.opt-args
[row-done] status=ok throughput=2.81358e+07 runtime_sites=68+69+71+74 driver_exit=0
[row 18] phase=screen candidate=raw-030 replicate=1 mode=local duration=15s timeout=255s
Starting protected hot-set scope:
  MemoryMax=64G
  MemorySwapMax=0
  config=/home/shin/arbiter/build/arbiter-bench/hotset-broad-sweep-v2-20260822-012131/configs/raw-030.config
  target_node=2
  heap_backend=arena
  arena_slab_bytes=2097152
  arena_reserve_bytes=25769803776
  duration_seconds=15
  result=/home/shin/arbiter/build/arbiter-bench/hotset-broad-sweep-v2-20260822-012131/rows/018-screen-raw-030-r01-local
Running scope as unit: run-re0e6e58dedff402582a4395eac70cd1a.scope
[run] workload=a config=hotset-use-local repeat=1
[done] workload=a config=hotset-use-local time=15.0059 throughput=2.72467e+07 max_rss_kb=34880080

Hot-set experiment complete.
Results:
  /home/shin/arbiter/build/arbiter-bench/hotset-broad-sweep-v2-20260822-012131/rows/018-screen-raw-030-r01-local/runs.csv
  /home/shin/arbiter/build/arbiter-bench/hotset-broad-sweep-v2-20260822-012131/rows/018-screen-raw-030-r01-local/summary.csv
  /home/shin/arbiter/build/arbiter-bench/hotset-broad-sweep-v2-20260822-012131/rows/018-screen-raw-030-r01-local/summary.md
  /home/shin/arbiter/build/arbiter-bench/hotset-broad-sweep-v2-20260822-012131/rows/018-screen-raw-030-r01-local/throughput-samples.csv
  /home/shin/arbiter/build/arbiter-bench/hotset-broad-sweep-v2-20260822-012131/rows/018-screen-raw-030-r01-local/hotset-input.config
  /home/shin/arbiter/build/arbiter-bench/hotset-broad-sweep-v2-20260822-012131/rows/018-screen-raw-030-r01-local/hotset-sites.csv
  /home/shin/arbiter/build/arbiter-bench/hotset-broad-sweep-v2-20260822-012131/rows/018-screen-raw-030-r01-local/hotset-effective.opt-args
[row-done] status=ok throughput=2.72467e+07 runtime_sites=21+68+69 driver_exit=0
[row 19] phase=screen candidate=raw-030 replicate=1 mode=cxl duration=15s timeout=255s
Starting protected hot-set scope:
  MemoryMax=64G
  MemorySwapMax=0
  config=/home/shin/arbiter/build/arbiter-bench/hotset-broad-sweep-v2-20260822-012131/configs/raw-030.config
  target_node=2
  heap_backend=arena
  arena_slab_bytes=2097152
  arena_reserve_bytes=25769803776
  duration_seconds=15
  result=/home/shin/arbiter/build/arbiter-bench/hotset-broad-sweep-v2-20260822-012131/rows/019-screen-raw-030-r01-cxl
Running scope as unit: run-r59c7216047a7422fbb98b32d6978976e.scope
[run] workload=a config=hotset-use-target repeat=1
[done] workload=a config=hotset-use-target time=15.0038 throughput=4.25346e+07 max_rss_kb=34880124

Hot-set experiment complete.
Results:
  /home/shin/arbiter/build/arbiter-bench/hotset-broad-sweep-v2-20260822-012131/rows/019-screen-raw-030-r01-cxl/runs.csv
  /home/shin/arbiter/build/arbiter-bench/hotset-broad-sweep-v2-20260822-012131/rows/019-screen-raw-030-r01-cxl/summary.csv
  /home/shin/arbiter/build/arbiter-bench/hotset-broad-sweep-v2-20260822-012131/rows/019-screen-raw-030-r01-cxl/summary.md
  /home/shin/arbiter/build/arbiter-bench/hotset-broad-sweep-v2-20260822-012131/rows/019-screen-raw-030-r01-cxl/throughput-samples.csv
  /home/shin/arbiter/build/arbiter-bench/hotset-broad-sweep-v2-20260822-012131/rows/019-screen-raw-030-r01-cxl/hotset-input.config
  /home/shin/arbiter/build/arbiter-bench/hotset-broad-sweep-v2-20260822-012131/rows/019-screen-raw-030-r01-cxl/hotset-sites.csv
  /home/shin/arbiter/build/arbiter-bench/hotset-broad-sweep-v2-20260822-012131/rows/019-screen-raw-030-r01-cxl/hotset-effective.opt-args
[row-done] status=ok throughput=4.25346e+07 runtime_sites=21+68+69 driver_exit=0
[row 20] phase=screen candidate=raw-035 replicate=1 mode=cxl duration=15s timeout=255s
Starting protected hot-set scope:
  MemoryMax=64G
  MemorySwapMax=0
  config=/home/shin/arbiter/build/arbiter-bench/hotset-broad-sweep-v2-20260822-012131/configs/raw-035.config
  target_node=2
  heap_backend=arena
  arena_slab_bytes=2097152
  arena_reserve_bytes=25769803776
  duration_seconds=15
  result=/home/shin/arbiter/build/arbiter-bench/hotset-broad-sweep-v2-20260822-012131/rows/020-screen-raw-035-r01-cxl
Running scope as unit: run-r96ef3a069d15456694f746002a154aa2.scope
[run] workload=a config=hotset-use-target repeat=1
[fail] workload=a config=hotset-use-target status=arena-report-missing
FAIL_FAST=1: stopping after the first failed run
[row-done] status=arena-report-missing throughput=2.8174e+07 runtime_sites=none driver_exit=1
[row 21] phase=screen candidate=raw-035 replicate=1 mode=local duration=15s timeout=255s
Starting protected hot-set scope:
  MemoryMax=64G
  MemorySwapMax=0
  config=/home/shin/arbiter/build/arbiter-bench/hotset-broad-sweep-v2-20260822-012131/configs/raw-035.config
  target_node=2
  heap_backend=arena
  arena_slab_bytes=2097152
  arena_reserve_bytes=25769803776
  duration_seconds=15
  result=/home/shin/arbiter/build/arbiter-bench/hotset-broad-sweep-v2-20260822-012131/rows/021-screen-raw-035-r01-local
Running scope as unit: run-r43e23693a98245af82f53d9743b24022.scope
[run] workload=a config=hotset-use-local repeat=1
[fail] workload=a config=hotset-use-local status=arena-report-missing
FAIL_FAST=1: stopping after the first failed run
[row-done] status=arena-report-missing throughput=2.603e+07 runtime_sites=none driver_exit=1
[row 22] phase=screen candidate=raw-036 replicate=1 mode=local duration=15s timeout=255s
Starting protected hot-set scope:
  MemoryMax=64G
  MemorySwapMax=0
  config=/home/shin/arbiter/build/arbiter-bench/hotset-broad-sweep-v2-20260822-012131/configs/raw-036.config
  target_node=2
  heap_backend=arena
  arena_slab_bytes=2097152
  arena_reserve_bytes=25769803776
  duration_seconds=15
  result=/home/shin/arbiter/build/arbiter-bench/hotset-broad-sweep-v2-20260822-012131/rows/022-screen-raw-036-r01-local
Running scope as unit: run-r1684a42183f34bb9ab75c0372bd7f16a.scope
[run] workload=a config=hotset-use-local repeat=1
[done] workload=a config=hotset-use-local time=15.0053 throughput=2.84808e+07 max_rss_kb=33439756

Hot-set experiment complete.
Results:
  /home/shin/arbiter/build/arbiter-bench/hotset-broad-sweep-v2-20260822-012131/rows/022-screen-raw-036-r01-local/runs.csv
  /home/shin/arbiter/build/arbiter-bench/hotset-broad-sweep-v2-20260822-012131/rows/022-screen-raw-036-r01-local/summary.csv
  /home/shin/arbiter/build/arbiter-bench/hotset-broad-sweep-v2-20260822-012131/rows/022-screen-raw-036-r01-local/summary.md
  /home/shin/arbiter/build/arbiter-bench/hotset-broad-sweep-v2-20260822-012131/rows/022-screen-raw-036-r01-local/throughput-samples.csv
  /home/shin/arbiter/build/arbiter-bench/hotset-broad-sweep-v2-20260822-012131/rows/022-screen-raw-036-r01-local/hotset-input.config
  /home/shin/arbiter/build/arbiter-bench/hotset-broad-sweep-v2-20260822-012131/rows/022-screen-raw-036-r01-local/hotset-sites.csv
  /home/shin/arbiter/build/arbiter-bench/hotset-broad-sweep-v2-20260822-012131/rows/022-screen-raw-036-r01-local/hotset-effective.opt-args
[row-done] status=ok throughput=2.84808e+07 runtime_sites=68 driver_exit=0
[row 23] phase=screen candidate=raw-036 replicate=1 mode=cxl duration=15s timeout=255s
Starting protected hot-set scope:
  MemoryMax=64G
  MemorySwapMax=0
  config=/home/shin/arbiter/build/arbiter-bench/hotset-broad-sweep-v2-20260822-012131/configs/raw-036.config
  target_node=2
  heap_backend=arena
  arena_slab_bytes=2097152
  arena_reserve_bytes=25769803776
  duration_seconds=15
  result=/home/shin/arbiter/build/arbiter-bench/hotset-broad-sweep-v2-20260822-012131/rows/023-screen-raw-036-r01-cxl
Running scope as unit: run-rad4c61a0329040788466f20150f437a6.scope
[run] workload=a config=hotset-use-target repeat=1
[done] workload=a config=hotset-use-target time=15.0039 throughput=3.99403e+07 max_rss_kb=33440324

Hot-set experiment complete.
Results:
  /home/shin/arbiter/build/arbiter-bench/hotset-broad-sweep-v2-20260822-012131/rows/023-screen-raw-036-r01-cxl/runs.csv
  /home/shin/arbiter/build/arbiter-bench/hotset-broad-sweep-v2-20260822-012131/rows/023-screen-raw-036-r01-cxl/summary.csv
  /home/shin/arbiter/build/arbiter-bench/hotset-broad-sweep-v2-20260822-012131/rows/023-screen-raw-036-r01-cxl/summary.md
  /home/shin/arbiter/build/arbiter-bench/hotset-broad-sweep-v2-20260822-012131/rows/023-screen-raw-036-r01-cxl/throughput-samples.csv
  /home/shin/arbiter/build/arbiter-bench/hotset-broad-sweep-v2-20260822-012131/rows/023-screen-raw-036-r01-cxl/hotset-input.config
  /home/shin/arbiter/build/arbiter-bench/hotset-broad-sweep-v2-20260822-012131/rows/023-screen-raw-036-r01-cxl/hotset-sites.csv
  /home/shin/arbiter/build/arbiter-bench/hotset-broad-sweep-v2-20260822-012131/rows/023-screen-raw-036-r01-cxl/hotset-effective.opt-args
[row-done] status=ok throughput=3.99403e+07 runtime_sites=68 driver_exit=0
[row 24] phase=screen candidate=raw-039 replicate=1 mode=cxl duration=15s timeout=255s
Starting protected hot-set scope:
  MemoryMax=64G
  MemorySwapMax=0
  config=/home/shin/arbiter/build/arbiter-bench/hotset-broad-sweep-v2-20260822-012131/configs/raw-039.config
  target_node=2
  heap_backend=arena
  arena_slab_bytes=2097152
  arena_reserve_bytes=25769803776
  duration_seconds=15
  result=/home/shin/arbiter/build/arbiter-bench/hotset-broad-sweep-v2-20260822-012131/rows/024-screen-raw-039-r01-cxl
Running scope as unit: run-r567bf21747a540ba9f1c584231e7024c.scope
[run] workload=a config=hotset-use-target repeat=1
[done] workload=a config=hotset-use-target time=15.0039 throughput=5.62444e+07 max_rss_kb=31662772

Hot-set experiment complete.
Results:
  /home/shin/arbiter/build/arbiter-bench/hotset-broad-sweep-v2-20260822-012131/rows/024-screen-raw-039-r01-cxl/runs.csv
  /home/shin/arbiter/build/arbiter-bench/hotset-broad-sweep-v2-20260822-012131/rows/024-screen-raw-039-r01-cxl/summary.csv
  /home/shin/arbiter/build/arbiter-bench/hotset-broad-sweep-v2-20260822-012131/rows/024-screen-raw-039-r01-cxl/summary.md
  /home/shin/arbiter/build/arbiter-bench/hotset-broad-sweep-v2-20260822-012131/rows/024-screen-raw-039-r01-cxl/throughput-samples.csv
  /home/shin/arbiter/build/arbiter-bench/hotset-broad-sweep-v2-20260822-012131/rows/024-screen-raw-039-r01-cxl/hotset-input.config
  /home/shin/arbiter/build/arbiter-bench/hotset-broad-sweep-v2-20260822-012131/rows/024-screen-raw-039-r01-cxl/hotset-sites.csv
  /home/shin/arbiter/build/arbiter-bench/hotset-broad-sweep-v2-20260822-012131/rows/024-screen-raw-039-r01-cxl/hotset-effective.opt-args
[row-done] status=ok throughput=5.62444e+07 runtime_sites=68+71+74 driver_exit=0
[row 25] phase=screen candidate=raw-039 replicate=1 mode=local duration=15s timeout=255s
Starting protected hot-set scope:
  MemoryMax=64G
  MemorySwapMax=0
  config=/home/shin/arbiter/build/arbiter-bench/hotset-broad-sweep-v2-20260822-012131/configs/raw-039.config
  target_node=2
  heap_backend=arena
  arena_slab_bytes=2097152
  arena_reserve_bytes=25769803776
  duration_seconds=15
  result=/home/shin/arbiter/build/arbiter-bench/hotset-broad-sweep-v2-20260822-012131/rows/025-screen-raw-039-r01-local
Running scope as unit: run-r58b5f2efeb034072ad0915d1fea9027e.scope
[run] workload=a config=hotset-use-local repeat=1
[done] workload=a config=hotset-use-local time=15.0045 throughput=2.85179e+07 max_rss_kb=31662816

Hot-set experiment complete.
Results:
  /home/shin/arbiter/build/arbiter-bench/hotset-broad-sweep-v2-20260822-012131/rows/025-screen-raw-039-r01-local/runs.csv
  /home/shin/arbiter/build/arbiter-bench/hotset-broad-sweep-v2-20260822-012131/rows/025-screen-raw-039-r01-local/summary.csv
  /home/shin/arbiter/build/arbiter-bench/hotset-broad-sweep-v2-20260822-012131/rows/025-screen-raw-039-r01-local/summary.md
  /home/shin/arbiter/build/arbiter-bench/hotset-broad-sweep-v2-20260822-012131/rows/025-screen-raw-039-r01-local/throughput-samples.csv
  /home/shin/arbiter/build/arbiter-bench/hotset-broad-sweep-v2-20260822-012131/rows/025-screen-raw-039-r01-local/hotset-input.config
  /home/shin/arbiter/build/arbiter-bench/hotset-broad-sweep-v2-20260822-012131/rows/025-screen-raw-039-r01-local/hotset-sites.csv
  /home/shin/arbiter/build/arbiter-bench/hotset-broad-sweep-v2-20260822-012131/rows/025-screen-raw-039-r01-local/hotset-effective.opt-args
[row-done] status=ok throughput=2.85179e+07 runtime_sites=68+71+74 driver_exit=0
[row 26] phase=screen candidate=raw-043 replicate=1 mode=local duration=15s timeout=255s
Starting protected hot-set scope:
  MemoryMax=64G
  MemorySwapMax=0
  config=/home/shin/arbiter/build/arbiter-bench/hotset-broad-sweep-v2-20260822-012131/configs/raw-043.config
  target_node=2
  heap_backend=arena
  arena_slab_bytes=2097152
  arena_reserve_bytes=25769803776
  duration_seconds=15
  result=/home/shin/arbiter/build/arbiter-bench/hotset-broad-sweep-v2-20260822-012131/rows/026-screen-raw-043-r01-local
Running scope as unit: run-r20ab27920acf40d2b2b647359602f058.scope
[run] workload=a config=hotset-use-local repeat=1
[done] workload=a config=hotset-use-local time=15.0031 throughput=2.90301e+07 max_rss_kb=33102792

Hot-set experiment complete.
Results:
  /home/shin/arbiter/build/arbiter-bench/hotset-broad-sweep-v2-20260822-012131/rows/026-screen-raw-043-r01-local/runs.csv
  /home/shin/arbiter/build/arbiter-bench/hotset-broad-sweep-v2-20260822-012131/rows/026-screen-raw-043-r01-local/summary.csv
  /home/shin/arbiter/build/arbiter-bench/hotset-broad-sweep-v2-20260822-012131/rows/026-screen-raw-043-r01-local/summary.md
  /home/shin/arbiter/build/arbiter-bench/hotset-broad-sweep-v2-20260822-012131/rows/026-screen-raw-043-r01-local/throughput-samples.csv
  /home/shin/arbiter/build/arbiter-bench/hotset-broad-sweep-v2-20260822-012131/rows/026-screen-raw-043-r01-local/hotset-input.config
  /home/shin/arbiter/build/arbiter-bench/hotset-broad-sweep-v2-20260822-012131/rows/026-screen-raw-043-r01-local/hotset-sites.csv
  /home/shin/arbiter/build/arbiter-bench/hotset-broad-sweep-v2-20260822-012131/rows/026-screen-raw-043-r01-local/hotset-effective.opt-args
[row-done] status=ok throughput=2.90301e+07 runtime_sites=21+37+68+69+71+74 driver_exit=0
[row 27] phase=screen candidate=raw-043 replicate=1 mode=cxl duration=15s timeout=255s
Starting protected hot-set scope:
  MemoryMax=64G
  MemorySwapMax=0
  config=/home/shin/arbiter/build/arbiter-bench/hotset-broad-sweep-v2-20260822-012131/configs/raw-043.config
  target_node=2
  heap_backend=arena
  arena_slab_bytes=2097152
  arena_reserve_bytes=25769803776
  duration_seconds=15
  result=/home/shin/arbiter/build/arbiter-bench/hotset-broad-sweep-v2-20260822-012131/rows/027-screen-raw-043-r01-cxl
Running scope as unit: run-r50c883566f1f453584ccc5ac6090e24e.scope
[run] workload=a config=hotset-use-target repeat=1
[done] workload=a config=hotset-use-target time=15.0051 throughput=5.78091e+07 max_rss_kb=33102880

Hot-set experiment complete.
Results:
  /home/shin/arbiter/build/arbiter-bench/hotset-broad-sweep-v2-20260822-012131/rows/027-screen-raw-043-r01-cxl/runs.csv
  /home/shin/arbiter/build/arbiter-bench/hotset-broad-sweep-v2-20260822-012131/rows/027-screen-raw-043-r01-cxl/summary.csv
  /home/shin/arbiter/build/arbiter-bench/hotset-broad-sweep-v2-20260822-012131/rows/027-screen-raw-043-r01-cxl/summary.md
  /home/shin/arbiter/build/arbiter-bench/hotset-broad-sweep-v2-20260822-012131/rows/027-screen-raw-043-r01-cxl/throughput-samples.csv
  /home/shin/arbiter/build/arbiter-bench/hotset-broad-sweep-v2-20260822-012131/rows/027-screen-raw-043-r01-cxl/hotset-input.config
  /home/shin/arbiter/build/arbiter-bench/hotset-broad-sweep-v2-20260822-012131/rows/027-screen-raw-043-r01-cxl/hotset-sites.csv
  /home/shin/arbiter/build/arbiter-bench/hotset-broad-sweep-v2-20260822-012131/rows/027-screen-raw-043-r01-cxl/hotset-effective.opt-args
[row-done] status=ok throughput=5.78091e+07 runtime_sites=21+37+68+69+71+74 driver_exit=0
[row 28] phase=screen candidate=raw-046 replicate=1 mode=cxl duration=15s timeout=255s
Starting protected hot-set scope:
  MemoryMax=64G
  MemorySwapMax=0
  config=/home/shin/arbiter/build/arbiter-bench/hotset-broad-sweep-v2-20260822-012131/configs/raw-046.config
  target_node=2
  heap_backend=arena
  arena_slab_bytes=2097152
  arena_reserve_bytes=25769803776
  duration_seconds=15
  result=/home/shin/arbiter/build/arbiter-bench/hotset-broad-sweep-v2-20260822-012131/rows/028-screen-raw-046-r01-cxl
Running scope as unit: run-r467984d5aae64958bf06895a7e1be3ef.scope
[run] workload=a config=hotset-use-target repeat=1
[done] workload=a config=hotset-use-target time=15.0042 throughput=5.54247e+07 max_rss_kb=31662848

Hot-set experiment complete.
Results:
  /home/shin/arbiter/build/arbiter-bench/hotset-broad-sweep-v2-20260822-012131/rows/028-screen-raw-046-r01-cxl/runs.csv
  /home/shin/arbiter/build/arbiter-bench/hotset-broad-sweep-v2-20260822-012131/rows/028-screen-raw-046-r01-cxl/summary.csv
  /home/shin/arbiter/build/arbiter-bench/hotset-broad-sweep-v2-20260822-012131/rows/028-screen-raw-046-r01-cxl/summary.md
  /home/shin/arbiter/build/arbiter-bench/hotset-broad-sweep-v2-20260822-012131/rows/028-screen-raw-046-r01-cxl/throughput-samples.csv
  /home/shin/arbiter/build/arbiter-bench/hotset-broad-sweep-v2-20260822-012131/rows/028-screen-raw-046-r01-cxl/hotset-input.config
  /home/shin/arbiter/build/arbiter-bench/hotset-broad-sweep-v2-20260822-012131/rows/028-screen-raw-046-r01-cxl/hotset-sites.csv
  /home/shin/arbiter/build/arbiter-bench/hotset-broad-sweep-v2-20260822-012131/rows/028-screen-raw-046-r01-cxl/hotset-effective.opt-args
[row-done] status=ok throughput=5.54247e+07 runtime_sites=68+71+74 driver_exit=0
[row 29] phase=screen candidate=raw-046 replicate=1 mode=local duration=15s timeout=255s
Starting protected hot-set scope:
  MemoryMax=64G
  MemorySwapMax=0
  config=/home/shin/arbiter/build/arbiter-bench/hotset-broad-sweep-v2-20260822-012131/configs/raw-046.config
  target_node=2
  heap_backend=arena
  arena_slab_bytes=2097152
  arena_reserve_bytes=25769803776
  duration_seconds=15
  result=/home/shin/arbiter/build/arbiter-bench/hotset-broad-sweep-v2-20260822-012131/rows/029-screen-raw-046-r01-local
Running scope as unit: run-rae90249220214bd192650f43db264483.scope
[run] workload=a config=hotset-use-local repeat=1
[done] workload=a config=hotset-use-local time=15.0025 throughput=2.80613e+07 max_rss_kb=31662744

Hot-set experiment complete.
Results:
  /home/shin/arbiter/build/arbiter-bench/hotset-broad-sweep-v2-20260822-012131/rows/029-screen-raw-046-r01-local/runs.csv
  /home/shin/arbiter/build/arbiter-bench/hotset-broad-sweep-v2-20260822-012131/rows/029-screen-raw-046-r01-local/summary.csv
  /home/shin/arbiter/build/arbiter-bench/hotset-broad-sweep-v2-20260822-012131/rows/029-screen-raw-046-r01-local/summary.md
  /home/shin/arbiter/build/arbiter-bench/hotset-broad-sweep-v2-20260822-012131/rows/029-screen-raw-046-r01-local/throughput-samples.csv
  /home/shin/arbiter/build/arbiter-bench/hotset-broad-sweep-v2-20260822-012131/rows/029-screen-raw-046-r01-local/hotset-input.config
  /home/shin/arbiter/build/arbiter-bench/hotset-broad-sweep-v2-20260822-012131/rows/029-screen-raw-046-r01-local/hotset-sites.csv
  /home/shin/arbiter/build/arbiter-bench/hotset-broad-sweep-v2-20260822-012131/rows/029-screen-raw-046-r01-local/hotset-effective.opt-args
[row-done] status=ok throughput=2.80613e+07 runtime_sites=68+71+74 driver_exit=0
[row 30] phase=screen candidate=raw-047 replicate=1 mode=local duration=15s timeout=255s
Starting protected hot-set scope:
  MemoryMax=64G
  MemorySwapMax=0
  config=/home/shin/arbiter/build/arbiter-bench/hotset-broad-sweep-v2-20260822-012131/configs/raw-047.config
  target_node=2
  heap_backend=arena
  arena_slab_bytes=2097152
  arena_reserve_bytes=25769803776
  duration_seconds=15
  result=/home/shin/arbiter/build/arbiter-bench/hotset-broad-sweep-v2-20260822-012131/rows/030-screen-raw-047-r01-local
Running scope as unit: run-r6573a3d901774ebb8520c2b320ab00a2.scope
[run] workload=a config=hotset-use-local repeat=1
[done] workload=a config=hotset-use-local time=15.0045 throughput=2.86014e+07 max_rss_kb=34880092

Hot-set experiment complete.
Results:
  /home/shin/arbiter/build/arbiter-bench/hotset-broad-sweep-v2-20260822-012131/rows/030-screen-raw-047-r01-local/runs.csv
  /home/shin/arbiter/build/arbiter-bench/hotset-broad-sweep-v2-20260822-012131/rows/030-screen-raw-047-r01-local/summary.csv
  /home/shin/arbiter/build/arbiter-bench/hotset-broad-sweep-v2-20260822-012131/rows/030-screen-raw-047-r01-local/summary.md
  /home/shin/arbiter/build/arbiter-bench/hotset-broad-sweep-v2-20260822-012131/rows/030-screen-raw-047-r01-local/throughput-samples.csv
  /home/shin/arbiter/build/arbiter-bench/hotset-broad-sweep-v2-20260822-012131/rows/030-screen-raw-047-r01-local/hotset-input.config
  /home/shin/arbiter/build/arbiter-bench/hotset-broad-sweep-v2-20260822-012131/rows/030-screen-raw-047-r01-local/hotset-sites.csv
  /home/shin/arbiter/build/arbiter-bench/hotset-broad-sweep-v2-20260822-012131/rows/030-screen-raw-047-r01-local/hotset-effective.opt-args
[row-done] status=ok throughput=2.86014e+07 runtime_sites=68+69 driver_exit=0
[row 31] phase=screen candidate=raw-047 replicate=1 mode=cxl duration=15s timeout=255s
Starting protected hot-set scope:
  MemoryMax=64G
  MemorySwapMax=0
  config=/home/shin/arbiter/build/arbiter-bench/hotset-broad-sweep-v2-20260822-012131/configs/raw-047.config
  target_node=2
  heap_backend=arena
  arena_slab_bytes=2097152
  arena_reserve_bytes=25769803776
  duration_seconds=15
  result=/home/shin/arbiter/build/arbiter-bench/hotset-broad-sweep-v2-20260822-012131/rows/031-screen-raw-047-r01-cxl
Running scope as unit: run-rca1af35026ff4672802c1d3422338762.scope
[run] workload=a config=hotset-use-target repeat=1
[done] workload=a config=hotset-use-target time=15.0039 throughput=4.14265e+07 max_rss_kb=34880068

Hot-set experiment complete.
Results:
  /home/shin/arbiter/build/arbiter-bench/hotset-broad-sweep-v2-20260822-012131/rows/031-screen-raw-047-r01-cxl/runs.csv
  /home/shin/arbiter/build/arbiter-bench/hotset-broad-sweep-v2-20260822-012131/rows/031-screen-raw-047-r01-cxl/summary.csv
  /home/shin/arbiter/build/arbiter-bench/hotset-broad-sweep-v2-20260822-012131/rows/031-screen-raw-047-r01-cxl/summary.md
  /home/shin/arbiter/build/arbiter-bench/hotset-broad-sweep-v2-20260822-012131/rows/031-screen-raw-047-r01-cxl/throughput-samples.csv
  /home/shin/arbiter/build/arbiter-bench/hotset-broad-sweep-v2-20260822-012131/rows/031-screen-raw-047-r01-cxl/hotset-input.config
  /home/shin/arbiter/build/arbiter-bench/hotset-broad-sweep-v2-20260822-012131/rows/031-screen-raw-047-r01-cxl/hotset-sites.csv
  /home/shin/arbiter/build/arbiter-bench/hotset-broad-sweep-v2-20260822-012131/rows/031-screen-raw-047-r01-cxl/hotset-effective.opt-args
[row-done] status=ok throughput=4.14265e+07 runtime_sites=68+69 driver_exit=0
[row 32] phase=screen candidate=raw-063 replicate=1 mode=cxl duration=15s timeout=255s
Starting protected hot-set scope:
  MemoryMax=64G
  MemorySwapMax=0
  config=/home/shin/arbiter/build/arbiter-bench/hotset-broad-sweep-v2-20260822-012131/configs/raw-063.config
  target_node=2
  heap_backend=arena
  arena_slab_bytes=2097152
  arena_reserve_bytes=25769803776
  duration_seconds=15
  result=/home/shin/arbiter/build/arbiter-bench/hotset-broad-sweep-v2-20260822-012131/rows/032-screen-raw-063-r01-cxl
Running scope as unit: run-r027d4f20d0194978b0dd4ac66bd95b3d.scope
[run] workload=a config=hotset-use-target repeat=1
[fail] workload=a config=hotset-use-target status=arena-report-missing
FAIL_FAST=1: stopping after the first failed run
[row-done] status=arena-report-missing throughput=2.73129e+07 runtime_sites=none driver_exit=1
[row 33] phase=screen candidate=raw-063 replicate=1 mode=local duration=15s timeout=255s
Starting protected hot-set scope:
  MemoryMax=64G
  MemorySwapMax=0
  config=/home/shin/arbiter/build/arbiter-bench/hotset-broad-sweep-v2-20260822-012131/configs/raw-063.config
  target_node=2
  heap_backend=arena
  arena_slab_bytes=2097152
  arena_reserve_bytes=25769803776
  duration_seconds=15
  result=/home/shin/arbiter/build/arbiter-bench/hotset-broad-sweep-v2-20260822-012131/rows/033-screen-raw-063-r01-local
Running scope as unit: run-re80eb5ff68ab45779a39f0cc123153ba.scope
[run] workload=a config=hotset-use-local repeat=1
[fail] workload=a config=hotset-use-local status=arena-report-missing
FAIL_FAST=1: stopping after the first failed run
[row-done] status=arena-report-missing throughput=2.81427e+07 runtime_sites=none driver_exit=1
[row 34] phase=screen candidate=raw-081 replicate=1 mode=local duration=15s timeout=255s
Starting protected hot-set scope:
  MemoryMax=64G
  MemorySwapMax=0
  config=/home/shin/arbiter/build/arbiter-bench/hotset-broad-sweep-v2-20260822-012131/configs/raw-081.config
  target_node=2
  heap_backend=arena
  arena_slab_bytes=2097152
  arena_reserve_bytes=25769803776
  duration_seconds=15
  result=/home/shin/arbiter/build/arbiter-bench/hotset-broad-sweep-v2-20260822-012131/rows/034-screen-raw-081-r01-local
Running scope as unit: run-r78481ceaac184464a685f2c4b416dbd0.scope
[run] workload=a config=hotset-use-local repeat=1
[done] workload=a config=hotset-use-local time=15.0021 throughput=2.79017e+07 max_rss_kb=30864960

Hot-set experiment complete.
Results:
  /home/shin/arbiter/build/arbiter-bench/hotset-broad-sweep-v2-20260822-012131/rows/034-screen-raw-081-r01-local/runs.csv
  /home/shin/arbiter/build/arbiter-bench/hotset-broad-sweep-v2-20260822-012131/rows/034-screen-raw-081-r01-local/summary.csv
  /home/shin/arbiter/build/arbiter-bench/hotset-broad-sweep-v2-20260822-012131/rows/034-screen-raw-081-r01-local/summary.md
  /home/shin/arbiter/build/arbiter-bench/hotset-broad-sweep-v2-20260822-012131/rows/034-screen-raw-081-r01-local/throughput-samples.csv
  /home/shin/arbiter/build/arbiter-bench/hotset-broad-sweep-v2-20260822-012131/rows/034-screen-raw-081-r01-local/hotset-input.config
  /home/shin/arbiter/build/arbiter-bench/hotset-broad-sweep-v2-20260822-012131/rows/034-screen-raw-081-r01-local/hotset-sites.csv
  /home/shin/arbiter/build/arbiter-bench/hotset-broad-sweep-v2-20260822-012131/rows/034-screen-raw-081-r01-local/hotset-effective.opt-args
[row-done] status=ok throughput=2.79017e+07 runtime_sites=71+74 driver_exit=0
[row 35] phase=screen candidate=raw-081 replicate=1 mode=cxl duration=15s timeout=255s
Starting protected hot-set scope:
  MemoryMax=64G
  MemorySwapMax=0
  config=/home/shin/arbiter/build/arbiter-bench/hotset-broad-sweep-v2-20260822-012131/configs/raw-081.config
  target_node=2
  heap_backend=arena
  arena_slab_bytes=2097152
  arena_reserve_bytes=25769803776
  duration_seconds=15
  result=/home/shin/arbiter/build/arbiter-bench/hotset-broad-sweep-v2-20260822-012131/rows/035-screen-raw-081-r01-cxl
Running scope as unit: run-r814a6c192ead4e1795a7de53995ba1ed.scope
[run] workload=a config=hotset-use-target repeat=1
[done] workload=a config=hotset-use-target time=15.0034 throughput=4.27005e+07 max_rss_kb=30864904

Hot-set experiment complete.
Results:
  /home/shin/arbiter/build/arbiter-bench/hotset-broad-sweep-v2-20260822-012131/rows/035-screen-raw-081-r01-cxl/runs.csv
  /home/shin/arbiter/build/arbiter-bench/hotset-broad-sweep-v2-20260822-012131/rows/035-screen-raw-081-r01-cxl/summary.csv
  /home/shin/arbiter/build/arbiter-bench/hotset-broad-sweep-v2-20260822-012131/rows/035-screen-raw-081-r01-cxl/summary.md
  /home/shin/arbiter/build/arbiter-bench/hotset-broad-sweep-v2-20260822-012131/rows/035-screen-raw-081-r01-cxl/throughput-samples.csv
  /home/shin/arbiter/build/arbiter-bench/hotset-broad-sweep-v2-20260822-012131/rows/035-screen-raw-081-r01-cxl/hotset-input.config
  /home/shin/arbiter/build/arbiter-bench/hotset-broad-sweep-v2-20260822-012131/rows/035-screen-raw-081-r01-cxl/hotset-sites.csv
  /home/shin/arbiter/build/arbiter-bench/hotset-broad-sweep-v2-20260822-012131/rows/035-screen-raw-081-r01-cxl/hotset-effective.opt-args
[row-done] status=ok throughput=4.27005e+07 runtime_sites=71+74 driver_exit=0
[row 36] phase=screen candidate=raw-082 replicate=1 mode=cxl duration=15s timeout=255s
Starting protected hot-set scope:
  MemoryMax=64G
  MemorySwapMax=0
  config=/home/shin/arbiter/build/arbiter-bench/hotset-broad-sweep-v2-20260822-012131/configs/raw-082.config
  target_node=2
  heap_backend=arena
  arena_slab_bytes=2097152
  arena_reserve_bytes=25769803776
  duration_seconds=15
  result=/home/shin/arbiter/build/arbiter-bench/hotset-broad-sweep-v2-20260822-012131/rows/036-screen-raw-082-r01-cxl
Running scope as unit: run-r5953b15724d84082ace16a36a5778044.scope
[run] workload=a config=hotset-use-target repeat=1
[done] workload=a config=hotset-use-target time=15.0053 throughput=4.58437e+07 max_rss_kb=30864916

Hot-set experiment complete.
Results:
  /home/shin/arbiter/build/arbiter-bench/hotset-broad-sweep-v2-20260822-012131/rows/036-screen-raw-082-r01-cxl/runs.csv
  /home/shin/arbiter/build/arbiter-bench/hotset-broad-sweep-v2-20260822-012131/rows/036-screen-raw-082-r01-cxl/summary.csv
  /home/shin/arbiter/build/arbiter-bench/hotset-broad-sweep-v2-20260822-012131/rows/036-screen-raw-082-r01-cxl/summary.md
  /home/shin/arbiter/build/arbiter-bench/hotset-broad-sweep-v2-20260822-012131/rows/036-screen-raw-082-r01-cxl/throughput-samples.csv
  /home/shin/arbiter/build/arbiter-bench/hotset-broad-sweep-v2-20260822-012131/rows/036-screen-raw-082-r01-cxl/hotset-input.config
  /home/shin/arbiter/build/arbiter-bench/hotset-broad-sweep-v2-20260822-012131/rows/036-screen-raw-082-r01-cxl/hotset-sites.csv
  /home/shin/arbiter/build/arbiter-bench/hotset-broad-sweep-v2-20260822-012131/rows/036-screen-raw-082-r01-cxl/hotset-effective.opt-args
[row-done] status=ok throughput=4.58437e+07 runtime_sites=71 driver_exit=0
[row 37] phase=screen candidate=raw-082 replicate=1 mode=local duration=15s timeout=255s
Starting protected hot-set scope:
  MemoryMax=64G
  MemorySwapMax=0
  config=/home/shin/arbiter/build/arbiter-bench/hotset-broad-sweep-v2-20260822-012131/configs/raw-082.config
  target_node=2
  heap_backend=arena
  arena_slab_bytes=2097152
  arena_reserve_bytes=25769803776
  duration_seconds=15
  result=/home/shin/arbiter/build/arbiter-bench/hotset-broad-sweep-v2-20260822-012131/rows/037-screen-raw-082-r01-local
Running scope as unit: run-rd9bd5a1a24d9436c9183db8c59aef695.scope
[run] workload=a config=hotset-use-local repeat=1
[done] workload=a config=hotset-use-local time=15.0038 throughput=2.89271e+07 max_rss_kb=30864976

Hot-set experiment complete.
Results:
  /home/shin/arbiter/build/arbiter-bench/hotset-broad-sweep-v2-20260822-012131/rows/037-screen-raw-082-r01-local/runs.csv
  /home/shin/arbiter/build/arbiter-bench/hotset-broad-sweep-v2-20260822-012131/rows/037-screen-raw-082-r01-local/summary.csv
  /home/shin/arbiter/build/arbiter-bench/hotset-broad-sweep-v2-20260822-012131/rows/037-screen-raw-082-r01-local/summary.md
  /home/shin/arbiter/build/arbiter-bench/hotset-broad-sweep-v2-20260822-012131/rows/037-screen-raw-082-r01-local/throughput-samples.csv
  /home/shin/arbiter/build/arbiter-bench/hotset-broad-sweep-v2-20260822-012131/rows/037-screen-raw-082-r01-local/hotset-input.config
  /home/shin/arbiter/build/arbiter-bench/hotset-broad-sweep-v2-20260822-012131/rows/037-screen-raw-082-r01-local/hotset-sites.csv
  /home/shin/arbiter/build/arbiter-bench/hotset-broad-sweep-v2-20260822-012131/rows/037-screen-raw-082-r01-local/hotset-effective.opt-args
[row-done] status=ok throughput=2.89271e+07 runtime_sites=71 driver_exit=0
[phase] native middle anchor
[row 38] phase=native-middle candidate=native replicate=2 mode=native duration=60s timeout=300s
Starting protected hot-set scope:
  MemoryMax=64G
  MemorySwapMax=0
  config=/home/shin/arbiter/build/arbiter-bench/xindex-hotset-auto-k3-s12/hotset-build.config
  target_node=2
  heap_backend=arena
  arena_slab_bytes=2097152
  arena_reserve_bytes=25769803776
  duration_seconds=60
  result=/home/shin/arbiter/build/arbiter-bench/hotset-broad-sweep-v2-20260822-012131/rows/038-native-middle-native-r02-native
Running scope as unit: run-r640984a42eda4298a360e2b1c38a20c2.scope
[run] workload=a config=native repeat=1
[done] workload=a config=native time=60.0047 throughput=2.72819e+07 max_rss_kb=32641828

Hot-set experiment complete.
Results:
  /home/shin/arbiter/build/arbiter-bench/hotset-broad-sweep-v2-20260822-012131/rows/038-native-middle-native-r02-native/runs.csv
  /home/shin/arbiter/build/arbiter-bench/hotset-broad-sweep-v2-20260822-012131/rows/038-native-middle-native-r02-native/summary.csv
  /home/shin/arbiter/build/arbiter-bench/hotset-broad-sweep-v2-20260822-012131/rows/038-native-middle-native-r02-native/summary.md
  /home/shin/arbiter/build/arbiter-bench/hotset-broad-sweep-v2-20260822-012131/rows/038-native-middle-native-r02-native/throughput-samples.csv
  /home/shin/arbiter/build/arbiter-bench/hotset-broad-sweep-v2-20260822-012131/rows/038-native-middle-native-r02-native/hotset-input.config
  /home/shin/arbiter/build/arbiter-bench/hotset-broad-sweep-v2-20260822-012131/rows/038-native-middle-native-r02-native/hotset-sites.csv
  /home/shin/arbiter/build/arbiter-bench/hotset-broad-sweep-v2-20260822-012131/rows/038-native-middle-native-r02-native/hotset-effective.opt-args
[row-done] status=ok throughput=2.72819e+07 runtime_sites=native driver_exit=0
[phase] confirmation: 13 broad survivors (up to 2 per runtime site set)
./scripts/run-hotset-broad-sweep-overnight.sh: line 954: C_CONFIG: bad array subscript
