fg_n: 31
bg_n: 1
xindex::config.root_memory_constraint: 1.04858e+06
xindex::config.hash_resize_tolerance_upper: 1.5
xindex::config.hash_resize_tolerance_lower: 0.5
xindex::config.hash_init_conflict_threshold: 0.4
exist_keys.size() : 20000000, item_num : 20000000
load number : 20000000
  read: 40002069
insert: 0
update: 39997931
remove: 0
operation count: 80000000
exist_keys.size(): 20000000
non_exist_keys.size(): 0
start training
conflict rate: 0.336688, mean error: 24.0016
table: 0x7c6a69834000
training done
[ycsb] Worker0 Ready.
[ycsb] Worker[ycsb] Worker23 Ready. Ready.

[ycsb] Worker5 Ready.
[ycsb] Worker6 Ready.
[ycsb] Worker[ycsb] Worker109 Ready.
 Ready.[ycsb] Worker[ycsb] Worker[ycsb] Worker[ycsb] Worker1617 Ready. Ready.

[ycsb] Worker[ycsb] Worker[ycsb] Worker[ycsb] Worker18[ycsb] Worker[ycsb] Worker30 Ready.
[ycsb] Worker[ycsb] Worker[ycsb] Worker[ycsb] Worker[ycsb] Worker[ycsb] Worker11311 Ready.725 Ready. Ready.
26[ycsb] Worker
 Ready.15[ycsb] Worker[ycsb] Worker
14[ycsb] Worker23 Ready.
[ycsb] Worker[ycsb] Worker2422 Ready.
8 Ready.
[ycsb] prepare data ...
2120 Ready. Ready. Ready. Ready.[ycsb] Worker


 Ready.
284[ycsb] Worker Ready.
 Ready.
27 Ready.
 Ready.29 Ready.

 Ready.

12 Ready.
 Ready.


19 Ready.
[ycsb] Duration target(sec): 900
[ycsb] Throughput sample interval(sec): 60
hash resize group cnt: 0
hash resize group cnt: 0
hash resize group cnt: 100
hash resize group cnt: 0
hash resize group cnt: 0
hash resize group cnt: 0
hash resize group cnt: 0
hash resize group cnt: 0
hash resize group cnt: 0
hash resize group cnt: 0
hash resize group cnt: 0
hash resize group cnt: 0
hash resize group cnt: 0
hash resize group cnt: 0
hash resize group cnt: 0
hash resize group cnt: 0
hash resize group cnt: 0
hash resize group cnt: 0
hash resize group cnt: 0
hash resize group cnt: 0
hash resize group cnt: 0
hash resize group cnt: 0
hash resize group cnt: 0
hash resize group cnt: 0
hash resize group cnt: 0
hash resize group cnt: 0
[ycsb] Throughput sample elapsed_sec=60.0008 interval_sec=60.0008 interval_ops=1001848593 interval_ops_per_sec=1.66973e+07 cumulative_ops=1001848593 cumulative_ops_per_sec=1.66973e+07 final=0
hash resize group cnt: 0
hash resize group cnt: 0
hash resize group cnt: 0
hash resize group cnt: 0
hash resize group cnt: 0
hash resize group cnt: 0
hash resize group cnt: 0
hash resize group cnt: 0
hash resize group cnt: 0
hash resize group cnt: 0
hash resize group cnt: 0
hash resize group cnt: 0
hash resize group cnt: 0
hash resize group cnt: 0
hash resize group cnt: 0
hash resize group cnt: 0
hash resize group cnt: 0
hash resize group cnt: 0
hash resize group cnt: 0
hash resize group cnt: 0
hash resize group cnt: 0
hash resize group cnt: 0
hash resize group cnt: 0
hash resize group cnt: 0
hash resize group cnt: 0
hash resize group cnt: 0
hash resize group cnt: 0
hash resize group cnt: 0
hash resize group cnt: 0
hash resize group cnt: 0
hash resize group cnt: 0
hash resize group cnt: 0
hash resize group cnt: 0
hash resize group cnt: 0
hash resize group cnt: 0
hash resize group cnt: 0
hash resize group cnt: 0
hash resize group cnt: 0
hash resize group cnt: 0
hash resize group cnt: 0
hash resize group cnt: 0
hash resize group cnt: 0
hash resize group cnt: 0
[ycsb] Throughput sample elapsed_sec=120.001 interval_sec=60.0001 interval_ops=777704044 interval_ops_per_sec=1.29617e+07 cumulative_ops=1779552637 cumulative_ops_per_sec=1.48295e+07 final=0
hash resize group cnt: 0
hash resize group cnt: 0
hash resize group cnt: 0
hash resize group cnt: 0
hash resize group cnt: 0
hash resize group cnt: 0
hash resize group cnt: 0
hash resize group cnt: 0
hash resize group cnt: 0
hash resize group cnt: 0
hash resize group cnt: 0
hash resize group cnt: 0
hash resize group cnt: 0
hash resize group cnt: 0
hash resize group cnt: 0
hash resize group cnt: 0
hash resize group cnt: 0
hash resize group cnt: 0
hash resize group cnt: 0
hash resize group cnt: 0
hash resize group cnt: 0
hash resize group cnt: 0
hash resize group cnt: 0
hash resize group cnt: 0
hash resize group cnt: 0
hash resize group cnt: 0
hash resize group cnt: 0
hash resize group cnt: 0
hash resize group cnt: 0
hash resize group cnt: 0
hash resize group cnt: 0
hash resize group cnt: 0
hash resize group cnt: 0
hash resize group cnt: 0
hash resize group cnt: 0
hash resize group cnt: 0
hash resize group cnt: 0
hash resize group cnt: 0
hash resize group cnt: 0
hash resize group cnt: 0
hash resize group cnt: 0
hash resize group cnt: 0
hash resize group cnt: 0
hash resize group cnt: 0
[ycsb] Throughput sample elapsed_sec=180.001 interval_sec=60.0004 interval_ops=777660644 interval_ops_per_sec=1.29609e+07 cumulative_ops=2557213281 cumulative_ops_per_sec=1.42066e+07 final=0
hash resize group cnt: 0
hash resize group cnt: 0
hash resize group cnt: 0
hash resize group cnt: 0
hash resize group cnt: 0
hash resize group cnt: 0
hash resize group cnt: 0
hash resize group cnt: 0
hash resize group cnt: 0
hash resize group cnt: 0
hash resize group cnt: 0
hash resize group cnt: 0
hash resize group cnt: 0
hash resize group cnt: 0
hash resize group cnt: 0
hash resize group cnt: 0
hash resize group cnt: 0
hash resize group cnt: 0
hash resize group cnt: 0
hash resize group cnt: 0
hash resize group cnt: 0
hash resize group cnt: 0
hash resize group cnt: 0
hash resize group cnt: 0
hash resize group cnt: 0
hash resize group cnt: 0
hash resize group cnt: 0
hash resize group cnt: 0
hash resize group cnt: 0
hash resize group cnt: 0
hash resize group cnt: 0
hash resize group cnt: 0
hash resize group cnt: 0
hash resize group cnt: 0
hash resize group cnt: 0
hash resize group cnt: 0
hash resize group cnt: 0
hash resize group cnt: 0
hash resize group cnt: 0
hash resize group cnt: 0
hash resize group cnt: 0
hash resize group cnt: 0
hash resize group cnt: 0
[ycsb] Throughput sample elapsed_sec=240.001 interval_sec=60.0001 interval_ops=778070562 interval_ops_per_sec=1.29678e+07 cumulative_ops=3335283843 cumulative_ops_per_sec=1.38969e+07 final=0
hash resize group cnt: 0
hash resize group cnt: 0
hash resize group cnt: 0
hash resize group cnt: 0
hash resize group cnt: 0
hash resize group cnt: 0
hash resize group cnt: 0
hash resize group cnt: 0
hash resize group cnt: 0
hash resize group cnt: 0
hash resize group cnt: 0
hash resize group cnt: 0
hash resize group cnt: 0
hash resize group cnt: 0
hash resize group cnt: 0
hash resize group cnt: 0
hash resize group cnt: 0
hash resize group cnt: 0
hash resize group cnt: 0
hash resize group cnt: 0
hash resize group cnt: 0
hash resize group cnt: 0
hash resize group cnt: 0
hash resize group cnt: 0
hash resize group cnt: 0
hash resize group cnt: 0
hash resize group cnt: 0
hash resize group cnt: 0
hash resize group cnt: 0
hash resize group cnt: 0
hash resize group cnt: 0
hash resize group cnt: 0
hash resize group cnt: 0
hash resize group cnt: 0
hash resize group cnt: 0
hash resize group cnt: 0
hash resize group cnt: 0
hash resize group cnt: 0
hash resize group cnt: 0
hash resize group cnt: 0
hash resize group cnt: 0
hash resize group cnt: 0
hash resize group cnt: 0
hash resize group cnt: 0
[ycsb] Throughput sample elapsed_sec=300.001 interval_sec=59.9998 interval_ops=777471721 interval_ops_per_sec=1.29579e+07 cumulative_ops=4112755564 cumulative_ops_per_sec=1.37091e+07 final=0
hash resize group cnt: 0
hash resize group cnt: 0
hash resize group cnt: 0
hash resize group cnt: 0
hash resize group cnt: 0
hash resize group cnt: 0
hash resize group cnt: 0
hash resize group cnt: 0
hash resize group cnt: 0
hash resize group cnt: 0
hash resize group cnt: 0
hash resize group cnt: 0
hash resize group cnt: 0
hash resize group cnt: 0
hash resize group cnt: 0
hash resize group cnt: 0
hash resize group cnt: 0
hash resize group cnt: 0
hash resize group cnt: 0
hash resize group cnt: 0
hash resize group cnt: 0
hash resize group cnt: 0
hash resize group cnt: 0
hash resize group cnt: 0
hash resize group cnt: 0
hash resize group cnt: 0
hash resize group cnt: 0
hash resize group cnt: 0
hash resize group cnt: 0
hash resize group cnt: 0
hash resize group cnt: 0
hash resize group cnt: 0
hash resize group cnt: 0
hash resize group cnt: 0
hash resize group cnt: 0
hash resize group cnt: 0
hash resize group cnt: 0
hash resize group cnt: 0
hash resize group cnt: 0
hash resize group cnt: 0
hash resize group cnt: 0
hash resize group cnt: 0
hash resize group cnt: 0
[ycsb] Throughput sample elapsed_sec=360.001 interval_sec=60.0001 interval_ops=777261267 interval_ops_per_sec=1.29543e+07 cumulative_ops=4890016831 cumulative_ops_per_sec=1.35833e+07 final=0
hash resize group cnt: 0
hash resize group cnt: 0
hash resize group cnt: 0
hash resize group cnt: 0
hash resize group cnt: 0
hash resize group cnt: 0
hash resize group cnt: 0
hash resize group cnt: 0
hash resize group cnt: 0
hash resize group cnt: 0
hash resize group cnt: 0
hash resize group cnt: 0
hash resize group cnt: 0
hash resize group cnt: 0
hash resize group cnt: 0
hash resize group cnt: 0
hash resize group cnt: 0
hash resize group cnt: 0
hash resize group cnt: 0
hash resize group cnt: 0
hash resize group cnt: 0
hash resize group cnt: 0
hash resize group cnt: 0
hash resize group cnt: 0
hash resize group cnt: 0
hash resize group cnt: 0
hash resize group cnt: 0
hash resize group cnt: 0
hash resize group cnt: 0
hash resize group cnt: 0
hash resize group cnt: 0
hash resize group cnt: 0
hash resize group cnt: 0
hash resize group cnt: 0
hash resize group cnt: 0
hash resize group cnt: 0
hash resize group cnt: 0
hash resize group cnt: 0
hash resize group cnt: 0
hash resize group cnt: 0
hash resize group cnt: 0
hash resize group cnt: 0
hash resize group cnt: 0
hash resize group cnt: 0
[ycsb] Throughput sample elapsed_sec=420.001 interval_sec=60 interval_ops=778169048 interval_ops_per_sec=1.29695e+07 cumulative_ops=5668185879 cumulative_ops_per_sec=1.34956e+07 final=0
hash resize group cnt: 0
hash resize group cnt: 0
hash resize group cnt: 0
hash resize group cnt: 0
hash resize group cnt: 0
hash resize group cnt: 0
hash resize group cnt: 0
hash resize group cnt: 0
hash resize group cnt: 0
hash resize group cnt: 0
hash resize group cnt: 0
hash resize group cnt: 0
hash resize group cnt: 0
hash resize group cnt: 0
hash resize group cnt: 0
hash resize group cnt: 0
hash resize group cnt: 0
hash resize group cnt: 0
hash resize group cnt: 0
hash resize group cnt: 0
hash resize group cnt: 0
hash resize group cnt: 0
hash resize group cnt: 0
hash resize group cnt: 0
hash resize group cnt: 0
hash resize group cnt: 0
hash resize group cnt: 0
hash resize group cnt: 0
hash resize group cnt: 0
hash resize group cnt: 0
hash resize group cnt: 0
hash resize group cnt: 0
hash resize group cnt: 0
hash resize group cnt: 0
hash resize group cnt: 0
hash resize group cnt: 0
hash resize group cnt: 0
hash resize group cnt: 0
hash resize group cnt: 0
hash resize group cnt: 0
hash resize group cnt: 0
hash resize group cnt: 0
hash resize group cnt: 0
hash resize group cnt: 0
[ycsb] Throughput sample elapsed_sec=480.001 interval_sec=60.0002 interval_ops=777358564 interval_ops_per_sec=1.29559e+07 cumulative_ops=6445544443 cumulative_ops_per_sec=1.34282e+07 final=0
hash resize group cnt: 0
hash resize group cnt: 0
hash resize group cnt: 0
hash resize group cnt: 0
hash resize group cnt: 0
hash resize group cnt: 0
hash resize group cnt: 0
hash resize group cnt: 0
hash resize group cnt: 0
hash resize group cnt: 0
hash resize group cnt: 0
hash resize group cnt: 0
hash resize group cnt: 0
hash resize group cnt: 0
hash resize group cnt: 0
hash resize group cnt: 0
hash resize group cnt: 0
hash resize group cnt: 0
hash resize group cnt: 0
hash resize group cnt: 0
hash resize group cnt: 0
hash resize group cnt: 0
hash resize group cnt: 0
hash resize group cnt: 0
hash resize group cnt: 0
hash resize group cnt: 0
hash resize group cnt: 0
hash resize group cnt: 0
hash resize group cnt: 0
hash resize group cnt: 0
hash resize group cnt: 0
hash resize group cnt: 0
hash resize group cnt: 0
hash resize group cnt: 0
hash resize group cnt: 0
hash resize group cnt: 0
hash resize group cnt: 0
hash resize group cnt: 0
hash resize group cnt: 0
hash resize group cnt: 0
hash resize group cnt: 0
hash resize group cnt: 0
hash resize group cnt: 0
[ycsb] Throughput sample elapsed_sec=540.001 interval_sec=59.9997 interval_ops=777743485 interval_ops_per_sec=1.29625e+07 cumulative_ops=7223287928 cumulative_ops_per_sec=1.33764e+07 final=0
hash resize group cnt: 0
hash resize group cnt: 0
hash resize group cnt: 0
hash resize group cnt: 0
hash resize group cnt: 0
hash resize group cnt: 0
hash resize group cnt: 0
hash resize group cnt: 0
hash resize group cnt: 0
hash resize group cnt: 0
hash resize group cnt: 0
hash resize group cnt: 0
hash resize group cnt: 0
hash resize group cnt: 0
hash resize group cnt: 0
hash resize group cnt: 0
hash resize group cnt: 0
hash resize group cnt: 0
hash resize group cnt: 0
hash resize group cnt: 0
hash resize group cnt: 0
hash resize group cnt: 0
hash resize group cnt: 0
hash resize group cnt: 0
hash resize group cnt: 0
hash resize group cnt: 0
hash resize group cnt: 0
hash resize group cnt: 0
hash resize group cnt: 0
hash resize group cnt: 0
hash resize group cnt: 0
hash resize group cnt: 0
hash resize group cnt: 0
hash resize group cnt: 0
hash resize group cnt: 0
hash resize group cnt: 0
hash resize group cnt: 0
hash resize group cnt: 0
hash resize group cnt: 0
hash resize group cnt: 0
hash resize group cnt: 0
hash resize group cnt: 0
hash resize group cnt: 0
hash resize group cnt: 0
[ycsb] Throughput sample elapsed_sec=600.001 interval_sec=59.9998 interval_ops=777889917 interval_ops_per_sec=1.29649e+07 cumulative_ops=8001177845 cumulative_ops_per_sec=1.33353e+07 final=0
hash resize group cnt: 0
hash resize group cnt: 0
hash resize group cnt: 0
hash resize group cnt: 0
hash resize group cnt: 0
hash resize group cnt: 0
hash resize group cnt: 0
hash resize group cnt: 0
hash resize group cnt: 0
hash resize group cnt: 0
hash resize group cnt: 0
hash resize group cnt: 0
hash resize group cnt: 0
hash resize group cnt: 0
hash resize group cnt: 0
hash resize group cnt: 0
hash resize group cnt: 0
hash resize group cnt: 0
hash resize group cnt: 0
hash resize group cnt: 0
hash resize group cnt: 0
hash resize group cnt: 0
hash resize group cnt: 0
hash resize group cnt: 0
hash resize group cnt: 0
hash resize group cnt: 0
hash resize group cnt: 0
hash resize group cnt: 0
hash resize group cnt: 0
hash resize group cnt: 0
hash resize group cnt: 0
hash resize group cnt: 0
hash resize group cnt: 0
hash resize group cnt: 0
hash resize group cnt: 0
hash resize group cnt: 0
hash resize group cnt: 0
hash resize group cnt: 0
hash resize group cnt: 0
hash resize group cnt: 0
hash resize group cnt: 0
hash resize group cnt: 0
hash resize group cnt: 0
[ycsb] Throughput sample elapsed_sec=660.001 interval_sec=60.0002 interval_ops=777900169 interval_ops_per_sec=1.2965e+07 cumulative_ops=8779078014 cumulative_ops_per_sec=1.33016e+07 final=0
hash resize group cnt: 0
hash resize group cnt: 0
hash resize group cnt: 0
hash resize group cnt: 0
hash resize group cnt: 0
hash resize group cnt: 0
hash resize group cnt: 0
hash resize group cnt: 0
hash resize group cnt: 0
hash resize group cnt: 0
hash resize group cnt: 0
hash resize group cnt: 0
hash resize group cnt: 0
hash resize group cnt: 0
hash resize group cnt: 0
hash resize group cnt: 0
hash resize group cnt: 0
hash resize group cnt: 0
hash resize group cnt: 0
hash resize group cnt: 0
hash resize group cnt: 0
hash resize group cnt: 0
hash resize group cnt: 0
hash resize group cnt: 0
hash resize group cnt: 0
hash resize group cnt: 0
hash resize group cnt: 0
hash resize group cnt: 0
hash resize group cnt: 0
hash resize group cnt: 0
hash resize group cnt: 0
hash resize group cnt: 0
hash resize group cnt: 0
hash resize group cnt: 0
hash resize group cnt: 0
hash resize group cnt: 0
hash resize group cnt: 0
hash resize group cnt: 0
hash resize group cnt: 0
hash resize group cnt: 0
hash resize group cnt: 0
hash resize group cnt: 0
hash resize group cnt: 0
hash resize group cnt: 0
[ycsb] Throughput sample elapsed_sec=720.001 interval_sec=59.9999 interval_ops=777772504 interval_ops_per_sec=1.29629e+07 cumulative_ops=9556850518 cumulative_ops_per_sec=1.32734e+07 final=0
hash resize group cnt: 0
hash resize group cnt: 0
hash resize group cnt: 0
hash resize group cnt: 0
hash resize group cnt: 0
hash resize group cnt: 0
hash resize group cnt: 0
hash resize group cnt: 0
hash resize group cnt: 0
hash resize group cnt: 0
hash resize group cnt: 0
hash resize group cnt: 0
hash resize group cnt: 0
hash resize group cnt: 0
hash resize group cnt: 0
hash resize group cnt: 0
hash resize group cnt: 0
hash resize group cnt: 0
hash resize group cnt: 0
hash resize group cnt: 0
hash resize group cnt: 0
hash resize group cnt: 0
hash resize group cnt: 0
hash resize group cnt: 0
hash resize group cnt: 0
hash resize group cnt: 0
hash resize group cnt: 0
hash resize group cnt: 0
hash resize group cnt: 0
hash resize group cnt: 0
hash resize group cnt: 0
hash resize group cnt: 0
hash resize group cnt: 0
hash resize group cnt: 0
hash resize group cnt: 0
hash resize group cnt: 0
hash resize group cnt: 0
hash resize group cnt: 0
hash resize group cnt: 0
hash resize group cnt: 0
hash resize group cnt: 0
hash resize group cnt: 0
hash resize group cnt: 0
[ycsb] Throughput sample elapsed_sec=780.001 interval_sec=60.0002 interval_ops=777829604 interval_ops_per_sec=1.29638e+07 cumulative_ops=10334680122 cumulative_ops_per_sec=1.32496e+07 final=0
hash resize group cnt: 0
hash resize group cnt: 0
hash resize group cnt: 0
hash resize group cnt: 0
hash resize group cnt: 0
hash resize group cnt: 0
hash resize group cnt: 0
hash resize group cnt: 0
hash resize group cnt: 0
hash resize group cnt: 0
hash resize group cnt: 0
hash resize group cnt: 0
hash resize group cnt: 0
hash resize group cnt: 0
hash resize group cnt: 0
hash resize group cnt: 0
hash resize group cnt: 0
hash resize group cnt: 0
hash resize group cnt: 0
hash resize group cnt: 0
hash resize group cnt: 0
hash resize group cnt: 0
hash resize group cnt: 0
hash resize group cnt: 0
hash resize group cnt: 0
hash resize group cnt: 0
hash resize group cnt: 0
hash resize group cnt: 0
hash resize group cnt: 0
hash resize group cnt: 0
hash resize group cnt: 0
hash resize group cnt: 0
hash resize group cnt: 0
hash resize group cnt: 0
hash resize group cnt: 0
hash resize group cnt: 0
hash resize group cnt: 0
hash resize group cnt: 0
hash resize group cnt: 0
hash resize group cnt: 0
hash resize group cnt: 0
hash resize group cnt: 0
hash resize group cnt: 0
hash resize group cnt: 0
[ycsb] Throughput sample elapsed_sec=840.001 interval_sec=59.9998 interval_ops=777920819 interval_ops_per_sec=1.29654e+07 cumulative_ops=11112600941 cumulative_ops_per_sec=1.32293e+07 final=0
hash resize group cnt: 0
hash resize group cnt: 0
hash resize group cnt: 0
hash resize group cnt: 0
hash resize group cnt: 0
hash resize group cnt: 0
hash resize group cnt: 0
hash resize group cnt: 0
hash resize group cnt: 0
hash resize group cnt: 0
hash resize group cnt: 0
hash resize group cnt: 0
hash resize group cnt: 0
hash resize group cnt: 0
hash resize group cnt: 0
hash resize group cnt: 0
hash resize group cnt: 0
hash resize group cnt: 0
hash resize group cnt: 0
hash resize group cnt: 0
hash resize group cnt: 0
hash resize group cnt: 0
hash resize group cnt: 0
hash resize group cnt: 0
hash resize group cnt: 0
hash resize group cnt: 0
hash resize group cnt: 0
hash resize group cnt: 0
hash resize group cnt: 0
hash resize group cnt: 0
hash resize group cnt: 0
hash resize group cnt: 0
hash resize group cnt: 0
hash resize group cnt: 0
hash resize group cnt: 0
hash resize group cnt: 0
hash resize group cnt: 0
hash resize group cnt: 0
hash resize group cnt: 0
hash resize group cnt: 0
hash resize group cnt: 0
hash resize group cnt: 0
hash resize group cnt: 0
hash resize group cnt: 0
[ycsb] Throughput sample elapsed_sec=900.064 interval_sec=60.0634 interval_ops=777584674 interval_ops_per_sec=1.29461e+07 cumulative_ops=11890185615 cumulative_ops_per_sec=1.32104e+07 final=1
[ycsb] Time(sec) : 900.064
[ycsb] Throughput(op/s): 1.32104e+07
hash resize group cnt: 0
arbiter-arena-site site=97 object_bytes=96 requested_alignment=64 effective_alignment=64 slot_bytes=128 allocations=8356159 frees=0 live=8356159 peak_live=8356159 requested_bytes_total=802191264 slot_bytes_total=1069588352 assigned_slabs=511 assigned_bytes=1071644672
arbiter-arena-summary node=0 reserve_bytes=4294967296 slab_bytes=2097152 slot_alignment=64 assigned_slabs=511 assigned_bytes=1071644672 allocations=8356159 frees=0 live=8356159 peak_live=8356159 requested_bytes_total=802191264 slot_bytes_total=1069588352 fallback_allocations=0 fallback_unavailable=0 fallback_unsupported=0 fallback_exhausted=0
arbiter-arena-residency resident_pages=261130 resident_bytes=1069588480 majority_node=0 query_error_pages=0 mincore_error_slabs=0 node0_pages=261130
