fg_n: 31
bg_n: 1
xindex::config.root_memory_constraint: 1.04858e+06
xindex::config.hash_resize_tolerance_upper: 1.5
xindex::config.hash_resize_tolerance_lower: 0.5
xindex::config.hash_init_conflict_threshold: 0.4
exist_keys.size() : 20000000, item_num : 20000000
load number : 20000000
  read: 40002069
insert: 0
update: 39997931
remove: 0
operation count: 80000000
exist_keys.size(): 20000000
non_exist_keys.size(): 0
start training
conflict rate: 0.336688, mean error: 24.0016
table: 0x7810a9634000
training done
[ycsb] Worker0 Ready.
[ycsb] Worker[ycsb] Worker5 Ready.
4[ycsb] Worker7 Ready.
[ycsb] Worker8 Ready.
[ycsb] Worker9 Ready.[ycsb] Worker
[ycsb] Worker12 Ready.
[ycsb] Worker[ycsb] Worker[ycsb] Worker[ycsb] Worker16 Ready.
17[ycsb] Worker[ycsb] Worker[ycsb] Worker[ycsb] Worker62021 Ready. Ready. Ready.

[ycsb] prepare data ...
[ycsb] Worker[ycsb] Worker[ycsb] Worker[ycsb] Worker[ycsb] Worker1130 Ready. Ready.
[ycsb] Worker[ycsb] Worker26 Ready.
27 Ready.[ycsb] Worker Ready.1514[ycsb] Worker19
 Ready. Ready. Ready.

10 Ready.[ycsb] Worker
[ycsb] Worker29 Ready.
13
 Ready.[ycsb] Worker18
 Ready.[ycsb] Worker28 Ready.
24[ycsb] Worker Ready.
 Ready.125 Ready.

3
 Ready.

2 Ready.
[ycsb] Worker22
 Ready. Ready.

23 Ready.

[ycsb] Duration target(sec): 900
[ycsb] Throughput sample interval(sec): 60
hash resize group cnt: 0
hash resize group cnt: 0
hash resize group cnt: 100
hash resize group cnt: 0
hash resize group cnt: 0
hash resize group cnt: 0
hash resize group cnt: 0
hash resize group cnt: 0
hash resize group cnt: 0
hash resize group cnt: 0
hash resize group cnt: 0
hash resize group cnt: 0
hash resize group cnt: 0
hash resize group cnt: 0
hash resize group cnt: 0
hash resize group cnt: 0
hash resize group cnt: 0
[ycsb] Throughput sample elapsed_sec=60.0037 interval_sec=60.0037 interval_ops=1211925993 interval_ops_per_sec=2.01975e+07 cumulative_ops=1211925993 cumulative_ops_per_sec=2.01975e+07 final=0
hash resize group cnt: 0
hash resize group cnt: 0
hash resize group cnt: 0
hash resize group cnt: 0
hash resize group cnt: 0
hash resize group cnt: 0
hash resize group cnt: 0
hash resize group cnt: 0
hash resize group cnt: 0
hash resize group cnt: 0
hash resize group cnt: 0
hash resize group cnt: 0
hash resize group cnt: 0
hash resize group cnt: 0
hash resize group cnt: 0
hash resize group cnt: 0
hash resize group cnt: 0
hash resize group cnt: 0
hash resize group cnt: 0
hash resize group cnt: 0
hash resize group cnt: 0
hash resize group cnt: 0
hash resize group cnt: 0
hash resize group cnt: 0
hash resize group cnt: 0
hash resize group cnt: 0
hash resize group cnt: 0
hash resize group cnt: 0
[ycsb] Throughput sample elapsed_sec=120.001 interval_sec=59.9976 interval_ops=897402573 interval_ops_per_sec=1.49573e+07 cumulative_ops=2109328566 cumulative_ops_per_sec=1.75775e+07 final=0
hash resize group cnt: 0
hash resize group cnt: 0
hash resize group cnt: 0
hash resize group cnt: 0
hash resize group cnt: 0
hash resize group cnt: 0
hash resize group cnt: 0
hash resize group cnt: 0
hash resize group cnt: 0
hash resize group cnt: 0
hash resize group cnt: 0
hash resize group cnt: 0
hash resize group cnt: 0
hash resize group cnt: 0
hash resize group cnt: 0
hash resize group cnt: 0
hash resize group cnt: 0
hash resize group cnt: 0
hash resize group cnt: 0
hash resize group cnt: 0
hash resize group cnt: 0
hash resize group cnt: 0
hash resize group cnt: 0
hash resize group cnt: 0
hash resize group cnt: 0
hash resize group cnt: 0
hash resize group cnt: 0
hash resize group cnt: 0
hash resize group cnt: 0
[ycsb] Throughput sample elapsed_sec=180.001 interval_sec=59.9997 interval_ops=897694265 interval_ops_per_sec=1.49616e+07 cumulative_ops=3007022831 cumulative_ops_per_sec=1.67056e+07 final=0
hash resize group cnt: 0
hash resize group cnt: 0
hash resize group cnt: 0
hash resize group cnt: 0
hash resize group cnt: 0
hash resize group cnt: 0
hash resize group cnt: 0
hash resize group cnt: 0
hash resize group cnt: 0
hash resize group cnt: 0
hash resize group cnt: 0
hash resize group cnt: 0
hash resize group cnt: 0
hash resize group cnt: 0
hash resize group cnt: 0
hash resize group cnt: 0
hash resize group cnt: 0
hash resize group cnt: 0
hash resize group cnt: 0
hash resize group cnt: 0
hash resize group cnt: 0
hash resize group cnt: 0
hash resize group cnt: 0
hash resize group cnt: 0
hash resize group cnt: 0
hash resize group cnt: 0
hash resize group cnt: 0
hash resize group cnt: 0
[ycsb] Throughput sample elapsed_sec=240.001 interval_sec=60.0001 interval_ops=896601128 interval_ops_per_sec=1.49433e+07 cumulative_ops=3903623959 cumulative_ops_per_sec=1.6265e+07 final=0
hash resize group cnt: 0
hash resize group cnt: 0
hash resize group cnt: 0
hash resize group cnt: 0
hash resize group cnt: 0
hash resize group cnt: 0
hash resize group cnt: 0
hash resize group cnt: 0
hash resize group cnt: 0
hash resize group cnt: 0
hash resize group cnt: 0
hash resize group cnt: 0
hash resize group cnt: 0
hash resize group cnt: 0
hash resize group cnt: 0
hash resize group cnt: 0
hash resize group cnt: 0
hash resize group cnt: 0
hash resize group cnt: 0
hash resize group cnt: 0
hash resize group cnt: 0
hash resize group cnt: 0
hash resize group cnt: 0
hash resize group cnt: 0
hash resize group cnt: 0
hash resize group cnt: 0
hash resize group cnt: 0
hash resize group cnt: 0
[ycsb] Throughput sample elapsed_sec=300.001 interval_sec=59.9998 interval_ops=896489785 interval_ops_per_sec=1.49415e+07 cumulative_ops=4800113744 cumulative_ops_per_sec=1.60003e+07 final=0
hash resize group cnt: 0
hash resize group cnt: 0
hash resize group cnt: 0
hash resize group cnt: 0
hash resize group cnt: 0
hash resize group cnt: 0
hash resize group cnt: 0
hash resize group cnt: 0
hash resize group cnt: 0
hash resize group cnt: 0
hash resize group cnt: 0
hash resize group cnt: 0
hash resize group cnt: 0
hash resize group cnt: 0
hash resize group cnt: 0
hash resize group cnt: 0
hash resize group cnt: 0
hash resize group cnt: 0
hash resize group cnt: 0
hash resize group cnt: 0
hash resize group cnt: 0
hash resize group cnt: 0
hash resize group cnt: 0
hash resize group cnt: 0
hash resize group cnt: 0
hash resize group cnt: 0
hash resize group cnt: 0
hash resize group cnt: 0
[ycsb] Throughput sample elapsed_sec=360.001 interval_sec=60.0003 interval_ops=896742110 interval_ops_per_sec=1.49456e+07 cumulative_ops=5696855854 cumulative_ops_per_sec=1.58245e+07 final=0
hash resize group cnt: 0
hash resize group cnt: 0
hash resize group cnt: 0
hash resize group cnt: 0
hash resize group cnt: 0
hash resize group cnt: 0
hash resize group cnt: 0
hash resize group cnt: 0
hash resize group cnt: 0
hash resize group cnt: 0
hash resize group cnt: 0
hash resize group cnt: 0
hash resize group cnt: 0
hash resize group cnt: 0
hash resize group cnt: 0
hash resize group cnt: 0
hash resize group cnt: 0
hash resize group cnt: 0
hash resize group cnt: 0
hash resize group cnt: 0
hash resize group cnt: 0
hash resize group cnt: 0
hash resize group cnt: 0
hash resize group cnt: 0
hash resize group cnt: 0
hash resize group cnt: 0
hash resize group cnt: 0
hash resize group cnt: 0
[ycsb] Throughput sample elapsed_sec=420.004 interval_sec=60.0024 interval_ops=898173736 interval_ops_per_sec=1.4969e+07 cumulative_ops=6595029590 cumulative_ops_per_sec=1.57023e+07 final=0
hash resize group cnt: 0
hash resize group cnt: 0
hash resize group cnt: 0
hash resize group cnt: 0
hash resize group cnt: 0
hash resize group cnt: 0
hash resize group cnt: 0
hash resize group cnt: 0
hash resize group cnt: 0
hash resize group cnt: 0
hash resize group cnt: 0
hash resize group cnt: 0
hash resize group cnt: 0
hash resize group cnt: 0
hash resize group cnt: 0
hash resize group cnt: 0
hash resize group cnt: 0
hash resize group cnt: 0
hash resize group cnt: 0
hash resize group cnt: 0
hash resize group cnt: 0
hash resize group cnt: 0
hash resize group cnt: 0
hash resize group cnt: 0
hash resize group cnt: 0
hash resize group cnt: 0
hash resize group cnt: 0
hash resize group cnt: 0
[ycsb] Throughput sample elapsed_sec=480 interval_sec=59.9969 interval_ops=897609091 interval_ops_per_sec=1.49609e+07 cumulative_ops=7492638681 cumulative_ops_per_sec=1.56096e+07 final=0
hash resize group cnt: 0
hash resize group cnt: 0
hash resize group cnt: 0
hash resize group cnt: 0
hash resize group cnt: 0
hash resize group cnt: 0
hash resize group cnt: 0
hash resize group cnt: 0
hash resize group cnt: 0
hash resize group cnt: 0
hash resize group cnt: 0
hash resize group cnt: 0
hash resize group cnt: 0
hash resize group cnt: 0
hash resize group cnt: 0
hash resize group cnt: 0
hash resize group cnt: 0
hash resize group cnt: 0
hash resize group cnt: 0
hash resize group cnt: 0
hash resize group cnt: 0
hash resize group cnt: 0
hash resize group cnt: 0
hash resize group cnt: 0
hash resize group cnt: 0
hash resize group cnt: 0
hash resize group cnt: 0
hash resize group cnt: 0
hash resize group cnt: 0
[ycsb] Throughput sample elapsed_sec=540.001 interval_sec=60.0002 interval_ops=896979075 interval_ops_per_sec=1.49496e+07 cumulative_ops=8389617756 cumulative_ops_per_sec=1.55363e+07 final=0
hash resize group cnt: 0
hash resize group cnt: 0
hash resize group cnt: 0
hash resize group cnt: 0
hash resize group cnt: 0
hash resize group cnt: 0
hash resize group cnt: 0
hash resize group cnt: 0
hash resize group cnt: 0
hash resize group cnt: 0
hash resize group cnt: 0
hash resize group cnt: 0
hash resize group cnt: 0
hash resize group cnt: 0
hash resize group cnt: 0
hash resize group cnt: 0
hash resize group cnt: 0
hash resize group cnt: 0
hash resize group cnt: 0
hash resize group cnt: 0
hash resize group cnt: 0
hash resize group cnt: 0
hash resize group cnt: 0
hash resize group cnt: 0
hash resize group cnt: 0
hash resize group cnt: 0
hash resize group cnt: 0
hash resize group cnt: 0
[ycsb] Throughput sample elapsed_sec=600.001 interval_sec=60 interval_ops=897492958 interval_ops_per_sec=1.49582e+07 cumulative_ops=9287110714 cumulative_ops_per_sec=1.54785e+07 final=0
hash resize group cnt: 0
hash resize group cnt: 0
hash resize group cnt: 0
hash resize group cnt: 0
hash resize group cnt: 0
hash resize group cnt: 0
hash resize group cnt: 0
hash resize group cnt: 0
hash resize group cnt: 0
hash resize group cnt: 0
hash resize group cnt: 0
hash resize group cnt: 0
hash resize group cnt: 0
hash resize group cnt: 0
hash resize group cnt: 0
hash resize group cnt: 0
hash resize group cnt: 0
hash resize group cnt: 0
hash resize group cnt: 0
hash resize group cnt: 0
hash resize group cnt: 0
hash resize group cnt: 0
hash resize group cnt: 0
hash resize group cnt: 0
hash resize group cnt: 0
hash resize group cnt: 0
hash resize group cnt: 0
hash resize group cnt: 0
[ycsb] Throughput sample elapsed_sec=660.001 interval_sec=60.0002 interval_ops=896926686 interval_ops_per_sec=1.49487e+07 cumulative_ops=10184037400 cumulative_ops_per_sec=1.54303e+07 final=0
hash resize group cnt: 0
hash resize group cnt: 0
hash resize group cnt: 0
hash resize group cnt: 0
hash resize group cnt: 0
hash resize group cnt: 0
hash resize group cnt: 0
hash resize group cnt: 0
hash resize group cnt: 0
hash resize group cnt: 0
hash resize group cnt: 0
hash resize group cnt: 0
hash resize group cnt: 0
hash resize group cnt: 0
hash resize group cnt: 0
hash resize group cnt: 0
hash resize group cnt: 0
hash resize group cnt: 0
hash resize group cnt: 0
hash resize group cnt: 0
hash resize group cnt: 0
hash resize group cnt: 0
hash resize group cnt: 0
hash resize group cnt: 0
hash resize group cnt: 0
hash resize group cnt: 0
hash resize group cnt: 0
hash resize group cnt: 0
[ycsb] Throughput sample elapsed_sec=720.004 interval_sec=60.0029 interval_ops=899301507 interval_ops_per_sec=1.49876e+07 cumulative_ops=11083338907 cumulative_ops_per_sec=1.53934e+07 final=0
hash resize group cnt: 0
hash resize group cnt: 0
hash resize group cnt: 0
hash resize group cnt: 0
hash resize group cnt: 0
hash resize group cnt: 0
hash resize group cnt: 0
hash resize group cnt: 0
hash resize group cnt: 0
hash resize group cnt: 0
hash resize group cnt: 0
hash resize group cnt: 0
hash resize group cnt: 0
hash resize group cnt: 0
hash resize group cnt: 0
hash resize group cnt: 0
hash resize group cnt: 0
hash resize group cnt: 0
hash resize group cnt: 0
hash resize group cnt: 0
hash resize group cnt: 0
hash resize group cnt: 0
hash resize group cnt: 0
hash resize group cnt: 0
hash resize group cnt: 0
hash resize group cnt: 0
hash resize group cnt: 0
hash resize group cnt: 0
[ycsb] Throughput sample elapsed_sec=780.001 interval_sec=59.9968 interval_ops=898127070 interval_ops_per_sec=1.49696e+07 cumulative_ops=11981465977 cumulative_ops_per_sec=1.53608e+07 final=0
hash resize group cnt: 0
hash resize group cnt: 0
hash resize group cnt: 0
hash resize group cnt: 0
hash resize group cnt: 0
hash resize group cnt: 0
hash resize group cnt: 0
hash resize group cnt: 0
hash resize group cnt: 0
hash resize group cnt: 0
hash resize group cnt: 0
hash resize group cnt: 0
hash resize group cnt: 0
hash resize group cnt: 0
hash resize group cnt: 0
hash resize group cnt: 0
hash resize group cnt: 0
hash resize group cnt: 0
hash resize group cnt: 0
hash resize group cnt: 0
hash resize group cnt: 0
hash resize group cnt: 0
hash resize group cnt: 0
hash resize group cnt: 0
hash resize group cnt: 0
hash resize group cnt: 0
hash resize group cnt: 0
hash resize group cnt: 0
[ycsb] Throughput sample elapsed_sec=840.003 interval_sec=60.0025 interval_ops=899177677 interval_ops_per_sec=1.49857e+07 cumulative_ops=12880643654 cumulative_ops_per_sec=1.5334e+07 final=0
hash resize group cnt: 0
hash resize group cnt: 0
hash resize group cnt: 0
hash resize group cnt: 0
hash resize group cnt: 0
hash resize group cnt: 0
hash resize group cnt: 0
hash resize group cnt: 0
hash resize group cnt: 0
hash resize group cnt: 0
hash resize group cnt: 0
hash resize group cnt: 0
hash resize group cnt: 0
hash resize group cnt: 0
hash resize group cnt: 0
hash resize group cnt: 0
hash resize group cnt: 0
hash resize group cnt: 0
hash resize group cnt: 0
hash resize group cnt: 0
hash resize group cnt: 0
hash resize group cnt: 0
hash resize group cnt: 0
hash resize group cnt: 0
hash resize group cnt: 0
hash resize group cnt: 0
hash resize group cnt: 0
hash resize group cnt: 0
hash resize group cnt: 0
[ycsb] Throughput sample elapsed_sec=900.067 interval_sec=60.0642 interval_ops=895878548 interval_ops_per_sec=1.49154e+07 cumulative_ops=13776522202 cumulative_ops_per_sec=1.53061e+07 final=1
[ycsb] Time(sec) : 900.067
[ycsb] Throughput(op/s): 1.53061e+07
hash resize group cnt: 0
arbiter-arena-site site=97 object_bytes=96 requested_alignment=64 effective_alignment=64 slot_bytes=128 allocations=8356159 frees=0 live=8356159 peak_live=8356159 requested_bytes_total=802191264 slot_bytes_total=1069588352 assigned_slabs=511 assigned_bytes=1071644672
arbiter-arena-summary node=2 reserve_bytes=4294967296 slab_bytes=2097152 slot_alignment=64 assigned_slabs=511 assigned_bytes=1071644672 allocations=8356159 frees=0 live=8356159 peak_live=8356159 requested_bytes_total=802191264 slot_bytes_total=1069588352 fallback_allocations=0 fallback_unavailable=0 fallback_unsupported=0 fallback_exhausted=0
arbiter-arena-residency resident_pages=261130 resident_bytes=1069588480 majority_node=2 query_error_pages=0 mincore_error_slabs=0 node2_pages=261130
