fg_n: 31
bg_n: 1
xindex::config.root_memory_constraint: 1.04858e+06
xindex::config.hash_resize_tolerance_upper: 1.5
xindex::config.hash_resize_tolerance_lower: 0.5
xindex::config.hash_init_conflict_threshold: 0.4
exist_keys.size() : 100000000, item_num : 100000000
load number : 100000000
  read: 199993860
insert: 0
update: 200006140
remove: 0
operation count: 400000000
exist_keys.size(): 100000000
non_exist_keys.size(): 0
start training
conflict rate: 0.326569, mean error: 39.8777
table: 0x7fb9cf240000
training done
[ycsb] Worker0 Ready.
[ycsb] Worker[ycsb] Worker3 Ready.4
 Ready.[ycsb] Worker[ycsb] Worker5 Ready.
[ycsb] Worker6 Ready.
[ycsb] Worker10 Ready.
[ycsb] Worker2 Ready.

[ycsb] Worker121[ycsb] Worker[ycsb] Worker14 Ready.
13[ycsb] Worker[ycsb] Worker16 Ready.
[ycsb] Worker[ycsb] Worker[ycsb] Worker17 Ready.
8 Ready.
[ycsb] prepare data ...
[ycsb] Worker30 Ready.
[ycsb] Worker20 Ready.
[ycsb] Worker18 Ready.
[ycsb] Worker[ycsb] Worker Ready.[ycsb] Worker27 Ready.28
[ycsb] Worker19 Ready.
[ycsb] Worker29 Ready.[ycsb] Worker
9[ycsb] Worker Ready.
[ycsb] Worker[ycsb] Worker21 Ready.
[ycsb] Worker
[ycsb] Worker15 Ready.7 Ready.
22 Ready.
23 Ready. Ready.
[ycsb] Worker11 Ready.
24 Ready.

 Ready.25 Ready. Ready.


26 Ready.

[ycsb] Duration target(sec): 180
[ycsb] Throughput sample interval(sec): 30
hash resize group cnt: 0
hash resize group cnt: 0
hash resize group cnt: 0
hash resize group cnt: 0
hash resize group cnt: 0
hash resize group cnt: 0
hash resize group cnt: 0
hash resize group cnt: 0
hash resize group cnt: 0
hash resize group cnt: 0
hash resize group cnt: 0
hash resize group cnt: 0
hash resize group cnt: 0
hash resize group cnt: 0
[ycsb] Throughput sample elapsed_sec=30.0004 interval_sec=30.0004 interval_ops=834616718 interval_ops_per_sec=2.78202e+07 cumulative_ops=834616718 cumulative_ops_per_sec=2.78202e+07 final=0
hash resize group cnt: 0
hash resize group cnt: 0
hash resize group cnt: 0
hash resize group cnt: 0
hash resize group cnt: 0
hash resize group cnt: 0
hash resize group cnt: 0
hash resize group cnt: 0
hash resize group cnt: 0
hash resize group cnt: 0
hash resize group cnt: 0
hash resize group cnt: 0
hash resize group cnt: 0
hash resize group cnt: 0
[ycsb] Throughput sample elapsed_sec=60.0006 interval_sec=30.0002 interval_ops=836035897 interval_ops_per_sec=2.78677e+07 cumulative_ops=1670652615 cumulative_ops_per_sec=2.78439e+07 final=0
hash resize group cnt: 0
hash resize group cnt: 0
hash resize group cnt: 0
hash resize group cnt: 0
hash resize group cnt: 0
hash resize group cnt: 0
hash resize group cnt: 0
hash resize group cnt: 0
hash resize group cnt: 0
hash resize group cnt: 0
hash resize group cnt: 0
hash resize group cnt: 0
hash resize group cnt: 0
hash resize group cnt: 0
[ycsb] Throughput sample elapsed_sec=90.0006 interval_sec=30 interval_ops=834545607 interval_ops_per_sec=2.78182e+07 cumulative_ops=2505198222 cumulative_ops_per_sec=2.78354e+07 final=0
hash resize group cnt: 0
hash resize group cnt: 0
hash resize group cnt: 0
hash resize group cnt: 0
hash resize group cnt: 0
hash resize group cnt: 0
hash resize group cnt: 0
hash resize group cnt: 0
hash resize group cnt: 0
hash resize group cnt: 0
hash resize group cnt: 0
hash resize group cnt: 0
hash resize group cnt: 0
hash resize group cnt: 0
[ycsb] Throughput sample elapsed_sec=120.001 interval_sec=30.0001 interval_ops=836090368 interval_ops_per_sec=2.78696e+07 cumulative_ops=3341288590 cumulative_ops_per_sec=2.78439e+07 final=0
hash resize group cnt: 0
hash resize group cnt: 0
hash resize group cnt: 0
hash resize group cnt: 0
hash resize group cnt: 0
hash resize group cnt: 0
hash resize group cnt: 0
hash resize group cnt: 0
hash resize group cnt: 0
hash resize group cnt: 0
hash resize group cnt: 0
hash resize group cnt: 0
hash resize group cnt: 0
hash resize group cnt: 0
[ycsb] Throughput sample elapsed_sec=150.001 interval_sec=29.9999 interval_ops=842134016 interval_ops_per_sec=2.80712e+07 cumulative_ops=4183422606 cumulative_ops_per_sec=2.78894e+07 final=0
hash resize group cnt: 0
hash resize group cnt: 0
hash resize group cnt: 0
hash resize group cnt: 0
hash resize group cnt: 0
hash resize group cnt: 0
hash resize group cnt: 0
hash resize group cnt: 0
hash resize group cnt: 0
hash resize group cnt: 0
hash resize group cnt: 0
hash resize group cnt: 0
hash resize group cnt: 0
hash resize group cnt: 0
[ycsb] Throughput sample elapsed_sec=180.004 interval_sec=30.0039 interval_ops=835297906 interval_ops_per_sec=2.78396e+07 cumulative_ops=5018720512 cumulative_ops_per_sec=2.78811e+07 final=1
[ycsb] Time(sec) : 180.004
[ycsb] Throughput(op/s): 2.78811e+07
hash resize group cnt: 0
arbiter-arena-site site=68 object_bytes=96 requested_alignment=64 effective_alignment=64 slot_bytes=128 allocations=26395417 frees=0 live=26395417 peak_live=26395417 requested_bytes_total=2533960032 slot_bytes_total=3378613376 assigned_slabs=1612 assigned_bytes=3380609024
arbiter-arena-site site=71 object_bytes=520 requested_alignment=64 effective_alignment=64 slot_bytes=576 allocations=26395622 frees=0 live=26395622 peak_live=26395622 requested_bytes_total=13725723440 slot_bytes_total=15203878272 assigned_slabs=7252 assigned_bytes=15208546304
arbiter-arena-site site=74 object_bytes=520 requested_alignment=64 effective_alignment=64 slot_bytes=576 allocations=143 frees=0 live=143 peak_live=143 requested_bytes_total=74360 slot_bytes_total=82368 assigned_slabs=1 assigned_bytes=2097152
arbiter-arena-summary node=0 reserve_bytes=25769803776 slab_bytes=2097152 slot_alignment=64 assigned_slabs=8865 assigned_bytes=18591252480 allocations=52791182 frees=0 live=52791182 peak_live=52791182 requested_bytes_total=16259757832 slot_bytes_total=18582574016 fallback_allocations=0 fallback_unavailable=0 fallback_unsupported=0 fallback_exhausted=0
arbiter-arena-residency resident_pages=4537669 resident_bytes=18586292224 majority_node=0 query_error_pages=0 mincore_error_slabs=0 node0_pages=4537669
