fg_n: 31
bg_n: 1
xindex::config.root_memory_constraint: 1.04858e+06
xindex::config.hash_resize_tolerance_upper: 1.5
xindex::config.hash_resize_tolerance_lower: 0.5
xindex::config.hash_init_conflict_threshold: 0.4
exist_keys.size() : 20000000, item_num : 20000000
load number : 20000000
  read: 40002069
insert: 0
update: 39997931
remove: 0
operation count: 80000000
exist_keys.size(): 20000000
non_exist_keys.size(): 0
start training
conflict rate: 0.336688, mean error: 24.0016
table: 0x7e50d3a34000
training done
[ycsb] Worker2 Ready.
[ycsb] Worker0 Ready.
[ycsb] Worker1 Ready.
[ycsb] Worker3 Ready.
[ycsb] Worker[ycsb] Worker5 Ready.4 Ready.

[ycsb] Worker9 Ready.[ycsb] Worker
8[ycsb] Worker11 Ready.
[ycsb] Worker[ycsb] Worker[ycsb] Worker[ycsb] Worker16[ycsb] Worker Ready.
151214 Ready.[ycsb] Worker[ycsb] Worker20 Ready.
[ycsb] Worker[ycsb] Worker22 Ready.
[ycsb] prepare data ...
[ycsb] Worker[ycsb] Worker23 Ready.10
 Ready.[ycsb] Worker
[ycsb] Worker27 Ready.
 Ready.13[ycsb] Worker
[ycsb] Worker19[ycsb] Worker Ready.
[ycsb] Worker26 Ready.
[ycsb] Worker24 Ready.
6 Ready.
 Ready. Ready.
18

[ycsb] Worker17 Ready.
29 Ready.21[ycsb] Worker Ready.
 Ready.
30 Ready.
[ycsb] Worker25 Ready.
 Ready.
[ycsb] Worker7 Ready.
28 Ready.

[ycsb] Duration target(sec): 900
[ycsb] Throughput sample interval(sec): 60
hash resize group cnt: 0
hash resize group cnt: 0
hash resize group cnt: 100
hash resize group cnt: 0
hash resize group cnt: 0
hash resize group cnt: 0
hash resize group cnt: 0
hash resize group cnt: 0
hash resize group cnt: 0
hash resize group cnt: 0
hash resize group cnt: 0
hash resize group cnt: 0
hash resize group cnt: 0
hash resize group cnt: 0
hash resize group cnt: 0
hash resize group cnt: 0
hash resize group cnt: 0
hash resize group cnt: 0
hash resize group cnt: 0
hash resize group cnt: 0
hash resize group cnt: 0
hash resize group cnt: 0
hash resize group cnt: 0
hash resize group cnt: 0
[ycsb] Throughput sample elapsed_sec=60.0045 interval_sec=60.0045 interval_ops=1026454369 interval_ops_per_sec=1.71063e+07 cumulative_ops=1026454369 cumulative_ops_per_sec=1.71063e+07 final=0
hash resize group cnt: 0
hash resize group cnt: 0
hash resize group cnt: 0
hash resize group cnt: 0
hash resize group cnt: 0
hash resize group cnt: 0
hash resize group cnt: 0
hash resize group cnt: 0
hash resize group cnt: 0
hash resize group cnt: 0
hash resize group cnt: 0
hash resize group cnt: 0
hash resize group cnt: 0
hash resize group cnt: 0
hash resize group cnt: 0
hash resize group cnt: 0
hash resize group cnt: 0
hash resize group cnt: 0
hash resize group cnt: 0
hash resize group cnt: 0
hash resize group cnt: 0
hash resize group cnt: 0
hash resize group cnt: 0
hash resize group cnt: 0
hash resize group cnt: 0
hash resize group cnt: 0
hash resize group cnt: 0
hash resize group cnt: 0
hash resize group cnt: 0
hash resize group cnt: 0
hash resize group cnt: 0
hash resize group cnt: 0
hash resize group cnt: 0
hash resize group cnt: 0
hash resize group cnt: 0
hash resize group cnt: 0
hash resize group cnt: 0
hash resize group cnt: 0
hash resize group cnt: 0
hash resize group cnt: 0
hash resize group cnt: 0
hash resize group cnt: 0
hash resize group cnt: 0
hash resize group cnt: 0
[ycsb] Throughput sample elapsed_sec=120.001 interval_sec=59.9968 interval_ops=751529773 interval_ops_per_sec=1.25262e+07 cumulative_ops=1777984142 cumulative_ops_per_sec=1.48164e+07 final=0
hash resize group cnt: 0
hash resize group cnt: 0
hash resize group cnt: 0
hash resize group cnt: 0
hash resize group cnt: 0
hash resize group cnt: 0
hash resize group cnt: 0
hash resize group cnt: 0
hash resize group cnt: 0
hash resize group cnt: 0
hash resize group cnt: 0
hash resize group cnt: 0
hash resize group cnt: 0
hash resize group cnt: 0
hash resize group cnt: 0
hash resize group cnt: 0
hash resize group cnt: 0
hash resize group cnt: 0
hash resize group cnt: 0
hash resize group cnt: 0
hash resize group cnt: 0
hash resize group cnt: 0
hash resize group cnt: 0
hash resize group cnt: 0
hash resize group cnt: 0
hash resize group cnt: 0
hash resize group cnt: 0
hash resize group cnt: 0
hash resize group cnt: 0
hash resize group cnt: 0
hash resize group cnt: 0
hash resize group cnt: 0
hash resize group cnt: 0
hash resize group cnt: 0
hash resize group cnt: 0
hash resize group cnt: 0
hash resize group cnt: 0
hash resize group cnt: 0
hash resize group cnt: 0
hash resize group cnt: 0
hash resize group cnt: 0
hash resize group cnt: 0
hash resize group cnt: 0
hash resize group cnt: 0
[ycsb] Throughput sample elapsed_sec=180.001 interval_sec=60 interval_ops=750534155 interval_ops_per_sec=1.25089e+07 cumulative_ops=2528518297 cumulative_ops_per_sec=1.40472e+07 final=0
hash resize group cnt: 0
hash resize group cnt: 0
hash resize group cnt: 0
hash resize group cnt: 0
hash resize group cnt: 0
hash resize group cnt: 0
hash resize group cnt: 0
hash resize group cnt: 0
hash resize group cnt: 0
hash resize group cnt: 0
hash resize group cnt: 0
hash resize group cnt: 0
hash resize group cnt: 0
hash resize group cnt: 0
hash resize group cnt: 0
hash resize group cnt: 0
hash resize group cnt: 0
hash resize group cnt: 0
hash resize group cnt: 0
hash resize group cnt: 0
hash resize group cnt: 0
hash resize group cnt: 0
hash resize group cnt: 0
hash resize group cnt: 0
hash resize group cnt: 0
hash resize group cnt: 0
hash resize group cnt: 0
hash resize group cnt: 0
hash resize group cnt: 0
hash resize group cnt: 0
hash resize group cnt: 0
hash resize group cnt: 0
hash resize group cnt: 0
hash resize group cnt: 0
hash resize group cnt: 0
hash resize group cnt: 0
hash resize group cnt: 0
hash resize group cnt: 0
hash resize group cnt: 0
hash resize group cnt: 0
hash resize group cnt: 0
hash resize group cnt: 0
hash resize group cnt: 0
hash resize group cnt: 0
[ycsb] Throughput sample elapsed_sec=240.001 interval_sec=60 interval_ops=751359238 interval_ops_per_sec=1.25227e+07 cumulative_ops=3279877535 cumulative_ops_per_sec=1.36661e+07 final=0
hash resize group cnt: 0
hash resize group cnt: 0
hash resize group cnt: 0
hash resize group cnt: 0
hash resize group cnt: 0
hash resize group cnt: 0
hash resize group cnt: 0
hash resize group cnt: 0
hash resize group cnt: 0
hash resize group cnt: 0
hash resize group cnt: 0
hash resize group cnt: 0
hash resize group cnt: 0
hash resize group cnt: 0
hash resize group cnt: 0
hash resize group cnt: 0
hash resize group cnt: 0
hash resize group cnt: 0
hash resize group cnt: 0
hash resize group cnt: 0
hash resize group cnt: 0
hash resize group cnt: 0
hash resize group cnt: 0
hash resize group cnt: 0
hash resize group cnt: 0
hash resize group cnt: 0
hash resize group cnt: 0
hash resize group cnt: 0
hash resize group cnt: 0
hash resize group cnt: 0
hash resize group cnt: 0
hash resize group cnt: 0
hash resize group cnt: 0
hash resize group cnt: 0
hash resize group cnt: 0
hash resize group cnt: 0
hash resize group cnt: 0
hash resize group cnt: 0
hash resize group cnt: 0
hash resize group cnt: 0
hash resize group cnt: 0
hash resize group cnt: 0
hash resize group cnt: 0
hash resize group cnt: 0
[ycsb] Throughput sample elapsed_sec=300.001 interval_sec=60.0002 interval_ops=751286994 interval_ops_per_sec=1.25214e+07 cumulative_ops=4031164529 cumulative_ops_per_sec=1.34371e+07 final=0
hash resize group cnt: 0
hash resize group cnt: 0
hash resize group cnt: 0
hash resize group cnt: 0
hash resize group cnt: 0
hash resize group cnt: 0
hash resize group cnt: 0
hash resize group cnt: 0
hash resize group cnt: 0
hash resize group cnt: 0
hash resize group cnt: 0
hash resize group cnt: 0
hash resize group cnt: 0
hash resize group cnt: 0
hash resize group cnt: 0
hash resize group cnt: 0
hash resize group cnt: 0
hash resize group cnt: 0
hash resize group cnt: 0
hash resize group cnt: 0
hash resize group cnt: 0
hash resize group cnt: 0
hash resize group cnt: 0
hash resize group cnt: 0
hash resize group cnt: 0
hash resize group cnt: 0
hash resize group cnt: 0
hash resize group cnt: 0
hash resize group cnt: 0
hash resize group cnt: 0
hash resize group cnt: 0
hash resize group cnt: 0
hash resize group cnt: 0
hash resize group cnt: 0
hash resize group cnt: 0
hash resize group cnt: 0
hash resize group cnt: 0
hash resize group cnt: 0
hash resize group cnt: 0
hash resize group cnt: 0
hash resize group cnt: 0
hash resize group cnt: 0
hash resize group cnt: 0
hash resize group cnt: 0
[ycsb] Throughput sample elapsed_sec=360.001 interval_sec=59.9995 interval_ops=751280390 interval_ops_per_sec=1.25214e+07 cumulative_ops=4782444919 cumulative_ops_per_sec=1.32845e+07 final=0
hash resize group cnt: 0
hash resize group cnt: 0
hash resize group cnt: 0
hash resize group cnt: 0
hash resize group cnt: 0
hash resize group cnt: 0
hash resize group cnt: 0
hash resize group cnt: 0
hash resize group cnt: 0
hash resize group cnt: 0
hash resize group cnt: 0
hash resize group cnt: 0
hash resize group cnt: 0
hash resize group cnt: 0
hash resize group cnt: 0
hash resize group cnt: 0
hash resize group cnt: 0
hash resize group cnt: 0
hash resize group cnt: 0
hash resize group cnt: 0
hash resize group cnt: 0
hash resize group cnt: 0
hash resize group cnt: 0
hash resize group cnt: 0
hash resize group cnt: 0
hash resize group cnt: 0
hash resize group cnt: 0
hash resize group cnt: 0
hash resize group cnt: 0
hash resize group cnt: 0
hash resize group cnt: 0
hash resize group cnt: 0
hash resize group cnt: 0
hash resize group cnt: 0
hash resize group cnt: 0
hash resize group cnt: 0
hash resize group cnt: 0
hash resize group cnt: 0
hash resize group cnt: 0
hash resize group cnt: 0
hash resize group cnt: 0
hash resize group cnt: 0
hash resize group cnt: 0
hash resize group cnt: 0
[ycsb] Throughput sample elapsed_sec=420.001 interval_sec=60.0004 interval_ops=751747521 interval_ops_per_sec=1.2529e+07 cumulative_ops=5534192440 cumulative_ops_per_sec=1.31766e+07 final=0
hash resize group cnt: 0
hash resize group cnt: 0
hash resize group cnt: 0
hash resize group cnt: 0
hash resize group cnt: 0
hash resize group cnt: 0
hash resize group cnt: 0
hash resize group cnt: 0
hash resize group cnt: 0
hash resize group cnt: 0
hash resize group cnt: 0
hash resize group cnt: 0
hash resize group cnt: 0
hash resize group cnt: 0
hash resize group cnt: 0
hash resize group cnt: 0
hash resize group cnt: 0
hash resize group cnt: 0
hash resize group cnt: 0
hash resize group cnt: 0
hash resize group cnt: 0
hash resize group cnt: 0
hash resize group cnt: 0
hash resize group cnt: 0
hash resize group cnt: 0
hash resize group cnt: 0
hash resize group cnt: 0
hash resize group cnt: 0
hash resize group cnt: 0
hash resize group cnt: 0
hash resize group cnt: 0
hash resize group cnt: 0
hash resize group cnt: 0
hash resize group cnt: 0
hash resize group cnt: 0
hash resize group cnt: 0
hash resize group cnt: 0
hash resize group cnt: 0
hash resize group cnt: 0
hash resize group cnt: 0
hash resize group cnt: 0
hash resize group cnt: 0
hash resize group cnt: 0
hash resize group cnt: 0
[ycsb] Throughput sample elapsed_sec=480.001 interval_sec=59.9999 interval_ops=751485150 interval_ops_per_sec=1.25248e+07 cumulative_ops=6285677590 cumulative_ops_per_sec=1.30951e+07 final=0
hash resize group cnt: 0
hash resize group cnt: 0
hash resize group cnt: 0
hash resize group cnt: 0
hash resize group cnt: 0
hash resize group cnt: 0
hash resize group cnt: 0
hash resize group cnt: 0
hash resize group cnt: 0
hash resize group cnt: 0
hash resize group cnt: 0
hash resize group cnt: 0
hash resize group cnt: 0
hash resize group cnt: 0
hash resize group cnt: 0
hash resize group cnt: 0
hash resize group cnt: 0
hash resize group cnt: 0
hash resize group cnt: 0
hash resize group cnt: 0
hash resize group cnt: 0
hash resize group cnt: 0
hash resize group cnt: 0
hash resize group cnt: 0
hash resize group cnt: 0
hash resize group cnt: 0
hash resize group cnt: 0
hash resize group cnt: 0
hash resize group cnt: 0
hash resize group cnt: 0
hash resize group cnt: 0
hash resize group cnt: 0
hash resize group cnt: 0
hash resize group cnt: 0
hash resize group cnt: 0
hash resize group cnt: 0
hash resize group cnt: 0
hash resize group cnt: 0
hash resize group cnt: 0
hash resize group cnt: 0
hash resize group cnt: 0
hash resize group cnt: 0
hash resize group cnt: 0
hash resize group cnt: 0
[ycsb] Throughput sample elapsed_sec=540.001 interval_sec=59.9996 interval_ops=750784068 interval_ops_per_sec=1.25131e+07 cumulative_ops=7036461658 cumulative_ops_per_sec=1.30305e+07 final=0
hash resize group cnt: 0
hash resize group cnt: 0
hash resize group cnt: 0
hash resize group cnt: 0
hash resize group cnt: 0
hash resize group cnt: 0
hash resize group cnt: 0
hash resize group cnt: 0
hash resize group cnt: 0
hash resize group cnt: 0
hash resize group cnt: 0
hash resize group cnt: 0
hash resize group cnt: 0
hash resize group cnt: 0
hash resize group cnt: 0
hash resize group cnt: 0
hash resize group cnt: 0
hash resize group cnt: 0
hash resize group cnt: 0
hash resize group cnt: 0
hash resize group cnt: 0
hash resize group cnt: 0
hash resize group cnt: 0
hash resize group cnt: 0
hash resize group cnt: 0
hash resize group cnt: 0
hash resize group cnt: 0
hash resize group cnt: 0
hash resize group cnt: 0
hash resize group cnt: 0
hash resize group cnt: 0
hash resize group cnt: 0
hash resize group cnt: 0
hash resize group cnt: 0
hash resize group cnt: 0
hash resize group cnt: 0
hash resize group cnt: 0
hash resize group cnt: 0
hash resize group cnt: 0
hash resize group cnt: 0
hash resize group cnt: 0
hash resize group cnt: 0
hash resize group cnt: 0
hash resize group cnt: 0
[ycsb] Throughput sample elapsed_sec=600.001 interval_sec=60.0001 interval_ops=751461916 interval_ops_per_sec=1.25243e+07 cumulative_ops=7787923574 cumulative_ops_per_sec=1.29799e+07 final=0
hash resize group cnt: 0
hash resize group cnt: 0
hash resize group cnt: 0
hash resize group cnt: 0
hash resize group cnt: 0
hash resize group cnt: 0
hash resize group cnt: 0
hash resize group cnt: 0
hash resize group cnt: 0
hash resize group cnt: 0
hash resize group cnt: 0
hash resize group cnt: 0
hash resize group cnt: 0
hash resize group cnt: 0
hash resize group cnt: 0
hash resize group cnt: 0
hash resize group cnt: 0
hash resize group cnt: 0
hash resize group cnt: 0
hash resize group cnt: 0
hash resize group cnt: 0
hash resize group cnt: 0
hash resize group cnt: 0
hash resize group cnt: 0
hash resize group cnt: 0
hash resize group cnt: 0
hash resize group cnt: 0
hash resize group cnt: 0
hash resize group cnt: 0
hash resize group cnt: 0
hash resize group cnt: 0
hash resize group cnt: 0
hash resize group cnt: 0
hash resize group cnt: 0
hash resize group cnt: 0
hash resize group cnt: 0
hash resize group cnt: 0
hash resize group cnt: 0
hash resize group cnt: 0
hash resize group cnt: 0
hash resize group cnt: 0
hash resize group cnt: 0
hash resize group cnt: 0
hash resize group cnt: 0
[ycsb] Throughput sample elapsed_sec=660.001 interval_sec=60.0001 interval_ops=751435617 interval_ops_per_sec=1.25239e+07 cumulative_ops=8539359191 cumulative_ops_per_sec=1.29384e+07 final=0
hash resize group cnt: 0
hash resize group cnt: 0
hash resize group cnt: 0
hash resize group cnt: 0
hash resize group cnt: 0
hash resize group cnt: 0
hash resize group cnt: 0
hash resize group cnt: 0
hash resize group cnt: 0
hash resize group cnt: 0
hash resize group cnt: 0
hash resize group cnt: 0
hash resize group cnt: 0
hash resize group cnt: 0
hash resize group cnt: 0
hash resize group cnt: 0
hash resize group cnt: 0
hash resize group cnt: 0
hash resize group cnt: 0
hash resize group cnt: 0
hash resize group cnt: 0
hash resize group cnt: 0
hash resize group cnt: 0
hash resize group cnt: 0
hash resize group cnt: 0
hash resize group cnt: 0
hash resize group cnt: 0
hash resize group cnt: 0
hash resize group cnt: 0
hash resize group cnt: 0
hash resize group cnt: 0
hash resize group cnt: 0
hash resize group cnt: 0
hash resize group cnt: 0
hash resize group cnt: 0
hash resize group cnt: 0
hash resize group cnt: 0
hash resize group cnt: 0
hash resize group cnt: 0
hash resize group cnt: 0
hash resize group cnt: 0
hash resize group cnt: 0
hash resize group cnt: 0
hash resize group cnt: 0
[ycsb] Throughput sample elapsed_sec=720.001 interval_sec=60.0002 interval_ops=751567991 interval_ops_per_sec=1.25261e+07 cumulative_ops=9290927182 cumulative_ops_per_sec=1.2904e+07 final=0
hash resize group cnt: 0
hash resize group cnt: 0
hash resize group cnt: 0
hash resize group cnt: 0
hash resize group cnt: 0
hash resize group cnt: 0
hash resize group cnt: 0
hash resize group cnt: 0
hash resize group cnt: 0
hash resize group cnt: 0
hash resize group cnt: 0
hash resize group cnt: 0
hash resize group cnt: 0
hash resize group cnt: 0
hash resize group cnt: 0
hash resize group cnt: 0
hash resize group cnt: 0
hash resize group cnt: 0
hash resize group cnt: 0
hash resize group cnt: 0
hash resize group cnt: 0
hash resize group cnt: 0
hash resize group cnt: 0
hash resize group cnt: 0
hash resize group cnt: 0
hash resize group cnt: 0
hash resize group cnt: 0
hash resize group cnt: 0
hash resize group cnt: 0
hash resize group cnt: 0
hash resize group cnt: 0
hash resize group cnt: 0
hash resize group cnt: 0
hash resize group cnt: 0
hash resize group cnt: 0
hash resize group cnt: 0
hash resize group cnt: 0
hash resize group cnt: 0
hash resize group cnt: 0
hash resize group cnt: 0
hash resize group cnt: 0
hash resize group cnt: 0
hash resize group cnt: 0
hash resize group cnt: 0
[ycsb] Throughput sample elapsed_sec=780.001 interval_sec=59.9998 interval_ops=751547580 interval_ops_per_sec=1.25258e+07 cumulative_ops=10042474762 cumulative_ops_per_sec=1.28749e+07 final=0
hash resize group cnt: 0
hash resize group cnt: 0
hash resize group cnt: 0
hash resize group cnt: 0
hash resize group cnt: 0
hash resize group cnt: 0
hash resize group cnt: 0
hash resize group cnt: 0
hash resize group cnt: 0
hash resize group cnt: 0
hash resize group cnt: 0
hash resize group cnt: 0
hash resize group cnt: 0
hash resize group cnt: 0
hash resize group cnt: 0
hash resize group cnt: 0
hash resize group cnt: 0
hash resize group cnt: 0
hash resize group cnt: 0
hash resize group cnt: 0
hash resize group cnt: 0
hash resize group cnt: 0
hash resize group cnt: 0
hash resize group cnt: 0
hash resize group cnt: 0
hash resize group cnt: 0
hash resize group cnt: 0
hash resize group cnt: 0
hash resize group cnt: 0
hash resize group cnt: 0
hash resize group cnt: 0
hash resize group cnt: 0
hash resize group cnt: 0
hash resize group cnt: 0
hash resize group cnt: 0
hash resize group cnt: 0
hash resize group cnt: 0
hash resize group cnt: 0
hash resize group cnt: 0
hash resize group cnt: 0
hash resize group cnt: 0
hash resize group cnt: 0
hash resize group cnt: 0
hash resize group cnt: 0
[ycsb] Throughput sample elapsed_sec=840.001 interval_sec=60.0002 interval_ops=751769446 interval_ops_per_sec=1.25295e+07 cumulative_ops=10794244208 cumulative_ops_per_sec=1.28503e+07 final=0
hash resize group cnt: 0
hash resize group cnt: 0
hash resize group cnt: 0
hash resize group cnt: 0
hash resize group cnt: 0
hash resize group cnt: 0
hash resize group cnt: 0
hash resize group cnt: 0
hash resize group cnt: 0
hash resize group cnt: 0
hash resize group cnt: 0
hash resize group cnt: 0
hash resize group cnt: 0
hash resize group cnt: 0
hash resize group cnt: 0
hash resize group cnt: 0
hash resize group cnt: 0
hash resize group cnt: 0
hash resize group cnt: 0
hash resize group cnt: 0
hash resize group cnt: 0
hash resize group cnt: 0
hash resize group cnt: 0
hash resize group cnt: 0
hash resize group cnt: 0
hash resize group cnt: 0
hash resize group cnt: 0
hash resize group cnt: 0
hash resize group cnt: 0
hash resize group cnt: 0
hash resize group cnt: 0
hash resize group cnt: 0
hash resize group cnt: 0
hash resize group cnt: 0
hash resize group cnt: 0
hash resize group cnt: 0
hash resize group cnt: 0
hash resize group cnt: 0
hash resize group cnt: 0
hash resize group cnt: 0
hash resize group cnt: 0
hash resize group cnt: 0
hash resize group cnt: 0
hash resize group cnt: 0
[ycsb] Throughput sample elapsed_sec=900.067 interval_sec=60.0655 interval_ops=751262049 interval_ops_per_sec=1.25074e+07 cumulative_ops=11545506257 cumulative_ops_per_sec=1.28274e+07 final=1
[ycsb] Time(sec) : 900.067
[ycsb] Throughput(op/s): 1.28274e+07
hash resize group cnt: 0
