fg_n: 31
bg_n: 1
xindex::config.root_memory_constraint: 1.04858e+06
xindex::config.hash_resize_tolerance_upper: 1.5
xindex::config.hash_resize_tolerance_lower: 0.5
xindex::config.hash_init_conflict_threshold: 0.4
exist_keys.size() : 20000000, item_num : 20000000
load number : 20000000
  read: 40002069
insert: 0
update: 39997931
remove: 0
operation count: 80000000
exist_keys.size(): 20000000
non_exist_keys.size(): 0
start training
conflict rate: 0.336688, mean error: 24.0016
table: 0x7a1c8d634000
training done
[ycsb] Worker0 Ready.
[ycsb] Worker5 Ready.
[ycsb] Worker[ycsb] Worker76 Ready.
[ycsb] Worker[ycsb] Worker[ycsb] Worker9 Ready.84 Ready. Ready.


[ycsb] Worker[ycsb] Worker[ycsb] Worker21 Ready. Ready.

[ycsb] Worker[ycsb] Worker[ycsb] Worker123 Ready.13 Ready. Ready.
[ycsb] Worker14 Ready.

[ycsb] Worker[ycsb] Worker18 Ready.19 Ready.

[ycsb] Worker[ycsb] Worker[ycsb] Worker2223 Ready. Ready.
11[ycsb] Worker27 Ready.
 Ready.[ycsb] Worker
[ycsb] Worker29 Ready.

10[ycsb] Worker[ycsb] Worker15 Ready.
[ycsb] Worker Ready.25 Ready.[ycsb] prepare data ...


[ycsb] Worker[ycsb] Worker[ycsb] Worker28 Ready.[ycsb] Worker
24 Ready.
1617 Ready.
 Ready.21 Ready.

26 Ready.
[ycsb] Worker Ready.20 Ready.


[ycsb] Worker30 Ready.
[ycsb] Duration target(sec): 900
[ycsb] Throughput sample interval(sec): 60
hash resize group cnt: 0
hash resize group cnt: 0
hash resize group cnt: 100
hash resize group cnt: 0
hash resize group cnt: 0
hash resize group cnt: 0
hash resize group cnt: 0
hash resize group cnt: 0
hash resize group cnt: 0
hash resize group cnt: 0
hash resize group cnt: 0
hash resize group cnt: 0
hash resize group cnt: 0
hash resize group cnt: 0
hash resize group cnt: 0
hash resize group cnt: 0
hash resize group cnt: 0
hash resize group cnt: 0
hash resize group cnt: 0
hash resize group cnt: 0
hash resize group cnt: 0
hash resize group cnt: 0
[ycsb] Throughput sample elapsed_sec=60.0016 interval_sec=60.0016 interval_ops=969438515 interval_ops_per_sec=1.61569e+07 cumulative_ops=969438515 cumulative_ops_per_sec=1.61569e+07 final=0
hash resize group cnt: 0
hash resize group cnt: 0
hash resize group cnt: 0
hash resize group cnt: 0
hash resize group cnt: 0
hash resize group cnt: 0
hash resize group cnt: 0
hash resize group cnt: 0
hash resize group cnt: 0
hash resize group cnt: 0
hash resize group cnt: 0
hash resize group cnt: 0
hash resize group cnt: 0
hash resize group cnt: 0
hash resize group cnt: 0
hash resize group cnt: 0
hash resize group cnt: 0
hash resize group cnt: 0
hash resize group cnt: 0
hash resize group cnt: 0
hash resize group cnt: 0
hash resize group cnt: 0
hash resize group cnt: 0
hash resize group cnt: 0
hash resize group cnt: 0
hash resize group cnt: 0
hash resize group cnt: 0
hash resize group cnt: 0
hash resize group cnt: 0
hash resize group cnt: 0
hash resize group cnt: 0
hash resize group cnt: 0
hash resize group cnt: 0
hash resize group cnt: 0
hash resize group cnt: 0
hash resize group cnt: 0
hash resize group cnt: 0
hash resize group cnt: 0
hash resize group cnt: 0
hash resize group cnt: 0
hash resize group cnt: 0
hash resize group cnt: 0
hash resize group cnt: 0
hash resize group cnt: 0
[ycsb] Throughput sample elapsed_sec=120.001 interval_sec=59.9997 interval_ops=754347122 interval_ops_per_sec=1.25725e+07 cumulative_ops=1723785637 cumulative_ops_per_sec=1.43647e+07 final=0
hash resize group cnt: 0
hash resize group cnt: 0
hash resize group cnt: 0
hash resize group cnt: 0
hash resize group cnt: 0
hash resize group cnt: 0
hash resize group cnt: 0
hash resize group cnt: 0
hash resize group cnt: 0
hash resize group cnt: 0
hash resize group cnt: 0
hash resize group cnt: 0
hash resize group cnt: 0
hash resize group cnt: 0
hash resize group cnt: 0
hash resize group cnt: 0
hash resize group cnt: 0
hash resize group cnt: 0
hash resize group cnt: 0
hash resize group cnt: 0
hash resize group cnt: 0
hash resize group cnt: 0
hash resize group cnt: 0
hash resize group cnt: 0
hash resize group cnt: 0
hash resize group cnt: 0
hash resize group cnt: 0
hash resize group cnt: 0
hash resize group cnt: 0
hash resize group cnt: 0
hash resize group cnt: 0
hash resize group cnt: 0
hash resize group cnt: 0
hash resize group cnt: 0
hash resize group cnt: 0
hash resize group cnt: 0
hash resize group cnt: 0
hash resize group cnt: 0
hash resize group cnt: 0
hash resize group cnt: 0
hash resize group cnt: 0
hash resize group cnt: 0
hash resize group cnt: 0
[ycsb] Throughput sample elapsed_sec=180.001 interval_sec=59.9996 interval_ops=753753793 interval_ops_per_sec=1.25626e+07 cumulative_ops=2477539430 cumulative_ops_per_sec=1.3764e+07 final=0
hash resize group cnt: 0
hash resize group cnt: 0
hash resize group cnt: 0
hash resize group cnt: 0
hash resize group cnt: 0
hash resize group cnt: 0
hash resize group cnt: 0
hash resize group cnt: 0
hash resize group cnt: 0
hash resize group cnt: 0
hash resize group cnt: 0
hash resize group cnt: 0
hash resize group cnt: 0
hash resize group cnt: 0
hash resize group cnt: 0
hash resize group cnt: 0
hash resize group cnt: 0
hash resize group cnt: 0
hash resize group cnt: 0
hash resize group cnt: 0
hash resize group cnt: 0
hash resize group cnt: 0
hash resize group cnt: 0
hash resize group cnt: 0
hash resize group cnt: 0
hash resize group cnt: 0
hash resize group cnt: 0
hash resize group cnt: 0
hash resize group cnt: 0
hash resize group cnt: 0
hash resize group cnt: 0
hash resize group cnt: 0
hash resize group cnt: 0
hash resize group cnt: 0
hash resize group cnt: 0
hash resize group cnt: 0
hash resize group cnt: 0
hash resize group cnt: 0
hash resize group cnt: 0
hash resize group cnt: 0
hash resize group cnt: 0
hash resize group cnt: 0
hash resize group cnt: 0
hash resize group cnt: 0
[ycsb] Throughput sample elapsed_sec=240.001 interval_sec=60.0001 interval_ops=754556058 interval_ops_per_sec=1.25759e+07 cumulative_ops=3232095488 cumulative_ops_per_sec=1.3467e+07 final=0
hash resize group cnt: 0
hash resize group cnt: 0
hash resize group cnt: 0
hash resize group cnt: 0
hash resize group cnt: 0
hash resize group cnt: 0
hash resize group cnt: 0
hash resize group cnt: 0
hash resize group cnt: 0
hash resize group cnt: 0
hash resize group cnt: 0
hash resize group cnt: 0
hash resize group cnt: 0
hash resize group cnt: 0
hash resize group cnt: 0
hash resize group cnt: 0
hash resize group cnt: 0
hash resize group cnt: 0
hash resize group cnt: 0
hash resize group cnt: 0
hash resize group cnt: 0
hash resize group cnt: 0
hash resize group cnt: 0
hash resize group cnt: 0
hash resize group cnt: 0
hash resize group cnt: 0
hash resize group cnt: 0
hash resize group cnt: 0
hash resize group cnt: 0
hash resize group cnt: 0
hash resize group cnt: 0
hash resize group cnt: 0
hash resize group cnt: 0
hash resize group cnt: 0
hash resize group cnt: 0
hash resize group cnt: 0
hash resize group cnt: 0
hash resize group cnt: 0
hash resize group cnt: 0
hash resize group cnt: 0
hash resize group cnt: 0
hash resize group cnt: 0
hash resize group cnt: 0
[ycsb] Throughput sample elapsed_sec=300.002 interval_sec=60.0012 interval_ops=754151191 interval_ops_per_sec=1.25689e+07 cumulative_ops=3986246679 cumulative_ops_per_sec=1.32874e+07 final=0
hash resize group cnt: 0
hash resize group cnt: 0
hash resize group cnt: 0
hash resize group cnt: 0
hash resize group cnt: 0
hash resize group cnt: 0
hash resize group cnt: 0
hash resize group cnt: 0
hash resize group cnt: 0
hash resize group cnt: 0
hash resize group cnt: 0
hash resize group cnt: 0
hash resize group cnt: 0
hash resize group cnt: 0
hash resize group cnt: 0
hash resize group cnt: 0
hash resize group cnt: 0
hash resize group cnt: 0
hash resize group cnt: 0
hash resize group cnt: 0
hash resize group cnt: 0
hash resize group cnt: 0
hash resize group cnt: 0
hash resize group cnt: 0
hash resize group cnt: 0
hash resize group cnt: 0
hash resize group cnt: 0
hash resize group cnt: 0
hash resize group cnt: 0
hash resize group cnt: 0
hash resize group cnt: 0
hash resize group cnt: 0
hash resize group cnt: 0
hash resize group cnt: 0
hash resize group cnt: 0
hash resize group cnt: 0
hash resize group cnt: 0
hash resize group cnt: 0
hash resize group cnt: 0
hash resize group cnt: 0
hash resize group cnt: 0
hash resize group cnt: 0
hash resize group cnt: 0
hash resize group cnt: 0
[ycsb] Throughput sample elapsed_sec=360.001 interval_sec=59.9989 interval_ops=754031297 interval_ops_per_sec=1.25674e+07 cumulative_ops=4740277976 cumulative_ops_per_sec=1.31674e+07 final=0
hash resize group cnt: 0
hash resize group cnt: 0
hash resize group cnt: 0
hash resize group cnt: 0
hash resize group cnt: 0
hash resize group cnt: 0
hash resize group cnt: 0
hash resize group cnt: 0
hash resize group cnt: 0
hash resize group cnt: 0
hash resize group cnt: 0
hash resize group cnt: 0
hash resize group cnt: 0
hash resize group cnt: 0
hash resize group cnt: 0
hash resize group cnt: 0
hash resize group cnt: 0
hash resize group cnt: 0
hash resize group cnt: 0
hash resize group cnt: 0
hash resize group cnt: 0
hash resize group cnt: 0
hash resize group cnt: 0
hash resize group cnt: 0
hash resize group cnt: 0
hash resize group cnt: 0
hash resize group cnt: 0
hash resize group cnt: 0
hash resize group cnt: 0
hash resize group cnt: 0
hash resize group cnt: 0
hash resize group cnt: 0
hash resize group cnt: 0
hash resize group cnt: 0
hash resize group cnt: 0
hash resize group cnt: 0
hash resize group cnt: 0
hash resize group cnt: 0
hash resize group cnt: 0
hash resize group cnt: 0
hash resize group cnt: 0
hash resize group cnt: 0
hash resize group cnt: 0
[ycsb] Throughput sample elapsed_sec=420.001 interval_sec=59.9999 interval_ops=753959430 interval_ops_per_sec=1.2566e+07 cumulative_ops=5494237406 cumulative_ops_per_sec=1.30815e+07 final=0
hash resize group cnt: 0
hash resize group cnt: 0
hash resize group cnt: 0
hash resize group cnt: 0
hash resize group cnt: 0
hash resize group cnt: 0
hash resize group cnt: 0
hash resize group cnt: 0
hash resize group cnt: 0
hash resize group cnt: 0
hash resize group cnt: 0
hash resize group cnt: 0
hash resize group cnt: 0
hash resize group cnt: 0
hash resize group cnt: 0
hash resize group cnt: 0
hash resize group cnt: 0
hash resize group cnt: 0
hash resize group cnt: 0
hash resize group cnt: 0
hash resize group cnt: 0
hash resize group cnt: 0
hash resize group cnt: 0
hash resize group cnt: 0
hash resize group cnt: 0
hash resize group cnt: 0
hash resize group cnt: 0
hash resize group cnt: 0
hash resize group cnt: 0
hash resize group cnt: 0
hash resize group cnt: 0
hash resize group cnt: 0
hash resize group cnt: 0
hash resize group cnt: 0
hash resize group cnt: 0
hash resize group cnt: 0
hash resize group cnt: 0
hash resize group cnt: 0
hash resize group cnt: 0
hash resize group cnt: 0
hash resize group cnt: 0
hash resize group cnt: 0
hash resize group cnt: 0
hash resize group cnt: 0
[ycsb] Throughput sample elapsed_sec=480.001 interval_sec=60 interval_ops=754848870 interval_ops_per_sec=1.25808e+07 cumulative_ops=6249086276 cumulative_ops_per_sec=1.30189e+07 final=0
hash resize group cnt: 0
hash resize group cnt: 0
hash resize group cnt: 0
hash resize group cnt: 0
hash resize group cnt: 0
hash resize group cnt: 0
hash resize group cnt: 0
hash resize group cnt: 0
hash resize group cnt: 0
hash resize group cnt: 0
hash resize group cnt: 0
hash resize group cnt: 0
hash resize group cnt: 0
hash resize group cnt: 0
hash resize group cnt: 0
hash resize group cnt: 0
hash resize group cnt: 0
hash resize group cnt: 0
hash resize group cnt: 0
hash resize group cnt: 0
hash resize group cnt: 0
hash resize group cnt: 0
hash resize group cnt: 0
hash resize group cnt: 0
hash resize group cnt: 0
hash resize group cnt: 0
hash resize group cnt: 0
hash resize group cnt: 0
hash resize group cnt: 0
hash resize group cnt: 0
hash resize group cnt: 0
hash resize group cnt: 0
hash resize group cnt: 0
hash resize group cnt: 0
hash resize group cnt: 0
hash resize group cnt: 0
hash resize group cnt: 0
hash resize group cnt: 0
hash resize group cnt: 0
hash resize group cnt: 0
hash resize group cnt: 0
hash resize group cnt: 0
hash resize group cnt: 0
[ycsb] Throughput sample elapsed_sec=540.001 interval_sec=60.0002 interval_ops=754822042 interval_ops_per_sec=1.25803e+07 cumulative_ops=7003908318 cumulative_ops_per_sec=1.29702e+07 final=0
hash resize group cnt: 0
hash resize group cnt: 0
hash resize group cnt: 0
hash resize group cnt: 0
hash resize group cnt: 0
hash resize group cnt: 0
hash resize group cnt: 0
hash resize group cnt: 0
hash resize group cnt: 0
hash resize group cnt: 0
hash resize group cnt: 0
hash resize group cnt: 0
hash resize group cnt: 0
hash resize group cnt: 0
hash resize group cnt: 0
hash resize group cnt: 0
hash resize group cnt: 0
hash resize group cnt: 0
hash resize group cnt: 0
hash resize group cnt: 0
hash resize group cnt: 0
hash resize group cnt: 0
hash resize group cnt: 0
hash resize group cnt: 0
hash resize group cnt: 0
hash resize group cnt: 0
hash resize group cnt: 0
hash resize group cnt: 0
hash resize group cnt: 0
hash resize group cnt: 0
hash resize group cnt: 0
hash resize group cnt: 0
hash resize group cnt: 0
hash resize group cnt: 0
hash resize group cnt: 0
hash resize group cnt: 0
hash resize group cnt: 0
hash resize group cnt: 0
hash resize group cnt: 0
hash resize group cnt: 0
hash resize group cnt: 0
hash resize group cnt: 0
hash resize group cnt: 0
hash resize group cnt: 0
[ycsb] Throughput sample elapsed_sec=600.001 interval_sec=60.0001 interval_ops=755242189 interval_ops_per_sec=1.25873e+07 cumulative_ops=7759150507 cumulative_ops_per_sec=1.29319e+07 final=0
hash resize group cnt: 0
hash resize group cnt: 0
hash resize group cnt: 0
hash resize group cnt: 0
hash resize group cnt: 0
hash resize group cnt: 0
hash resize group cnt: 0
hash resize group cnt: 0
hash resize group cnt: 0
hash resize group cnt: 0
hash resize group cnt: 0
hash resize group cnt: 0
hash resize group cnt: 0
hash resize group cnt: 0
hash resize group cnt: 0
hash resize group cnt: 0
hash resize group cnt: 0
hash resize group cnt: 0
hash resize group cnt: 0
hash resize group cnt: 0
hash resize group cnt: 0
hash resize group cnt: 0
hash resize group cnt: 0
hash resize group cnt: 0
hash resize group cnt: 0
hash resize group cnt: 0
hash resize group cnt: 0
hash resize group cnt: 0
hash resize group cnt: 0
hash resize group cnt: 0
hash resize group cnt: 0
hash resize group cnt: 0
hash resize group cnt: 0
hash resize group cnt: 0
hash resize group cnt: 0
hash resize group cnt: 0
hash resize group cnt: 0
hash resize group cnt: 0
hash resize group cnt: 0
hash resize group cnt: 0
hash resize group cnt: 0
hash resize group cnt: 0
hash resize group cnt: 0
[ycsb] Throughput sample elapsed_sec=660.001 interval_sec=60 interval_ops=754874635 interval_ops_per_sec=1.25812e+07 cumulative_ops=8514025142 cumulative_ops_per_sec=1.29e+07 final=0
hash resize group cnt: 0
hash resize group cnt: 0
hash resize group cnt: 0
hash resize group cnt: 0
hash resize group cnt: 0
hash resize group cnt: 0
hash resize group cnt: 0
hash resize group cnt: 0
hash resize group cnt: 0
hash resize group cnt: 0
hash resize group cnt: 0
hash resize group cnt: 0
hash resize group cnt: 0
hash resize group cnt: 0
hash resize group cnt: 0
hash resize group cnt: 0
hash resize group cnt: 0
hash resize group cnt: 0
hash resize group cnt: 0
hash resize group cnt: 0
hash resize group cnt: 0
hash resize group cnt: 0
hash resize group cnt: 0
hash resize group cnt: 0
hash resize group cnt: 0
hash resize group cnt: 0
hash resize group cnt: 0
hash resize group cnt: 0
hash resize group cnt: 0
hash resize group cnt: 0
hash resize group cnt: 0
hash resize group cnt: 0
hash resize group cnt: 0
hash resize group cnt: 0
hash resize group cnt: 0
hash resize group cnt: 0
hash resize group cnt: 0
hash resize group cnt: 0
hash resize group cnt: 0
hash resize group cnt: 0
hash resize group cnt: 0
hash resize group cnt: 0
hash resize group cnt: 0
hash resize group cnt: 0
[ycsb] Throughput sample elapsed_sec=720.001 interval_sec=60.0001 interval_ops=755385953 interval_ops_per_sec=1.25897e+07 cumulative_ops=9269411095 cumulative_ops_per_sec=1.28742e+07 final=0
hash resize group cnt: 0
hash resize group cnt: 0
hash resize group cnt: 0
hash resize group cnt: 0
hash resize group cnt: 0
hash resize group cnt: 0
hash resize group cnt: 0
hash resize group cnt: 0
hash resize group cnt: 0
hash resize group cnt: 0
hash resize group cnt: 0
hash resize group cnt: 0
hash resize group cnt: 0
hash resize group cnt: 0
hash resize group cnt: 0
hash resize group cnt: 0
hash resize group cnt: 0
hash resize group cnt: 0
hash resize group cnt: 0
hash resize group cnt: 0
hash resize group cnt: 0
hash resize group cnt: 0
hash resize group cnt: 0
hash resize group cnt: 0
hash resize group cnt: 0
hash resize group cnt: 0
hash resize group cnt: 0
hash resize group cnt: 0
hash resize group cnt: 0
hash resize group cnt: 0
hash resize group cnt: 0
hash resize group cnt: 0
hash resize group cnt: 0
hash resize group cnt: 0
hash resize group cnt: 0
hash resize group cnt: 0
hash resize group cnt: 0
hash resize group cnt: 0
hash resize group cnt: 0
hash resize group cnt: 0
hash resize group cnt: 0
hash resize group cnt: 0
hash resize group cnt: 0
[ycsb] Throughput sample elapsed_sec=780.001 interval_sec=59.9995 interval_ops=754490874 interval_ops_per_sec=1.2575e+07 cumulative_ops=10023901969 cumulative_ops_per_sec=1.28511e+07 final=0
hash resize group cnt: 0
hash resize group cnt: 0
hash resize group cnt: 0
hash resize group cnt: 0
hash resize group cnt: 0
hash resize group cnt: 0
hash resize group cnt: 0
hash resize group cnt: 0
hash resize group cnt: 0
hash resize group cnt: 0
hash resize group cnt: 0
hash resize group cnt: 0
hash resize group cnt: 0
hash resize group cnt: 0
hash resize group cnt: 0
hash resize group cnt: 0
hash resize group cnt: 0
hash resize group cnt: 0
hash resize group cnt: 0
hash resize group cnt: 0
hash resize group cnt: 0
hash resize group cnt: 0
hash resize group cnt: 0
hash resize group cnt: 0
hash resize group cnt: 0
hash resize group cnt: 0
hash resize group cnt: 0
hash resize group cnt: 0
hash resize group cnt: 0
hash resize group cnt: 0
hash resize group cnt: 0
hash resize group cnt: 0
hash resize group cnt: 0
hash resize group cnt: 0
hash resize group cnt: 0
hash resize group cnt: 0
hash resize group cnt: 0
hash resize group cnt: 0
hash resize group cnt: 0
hash resize group cnt: 0
hash resize group cnt: 0
hash resize group cnt: 0
hash resize group cnt: 0
hash resize group cnt: 0
[ycsb] Throughput sample elapsed_sec=840.001 interval_sec=60.0002 interval_ops=755517389 interval_ops_per_sec=1.25919e+07 cumulative_ops=10779419358 cumulative_ops_per_sec=1.28326e+07 final=0
hash resize group cnt: 0
hash resize group cnt: 0
hash resize group cnt: 0
hash resize group cnt: 0
hash resize group cnt: 0
hash resize group cnt: 0
hash resize group cnt: 0
hash resize group cnt: 0
hash resize group cnt: 0
hash resize group cnt: 0
hash resize group cnt: 0
hash resize group cnt: 0
hash resize group cnt: 0
hash resize group cnt: 0
hash resize group cnt: 0
hash resize group cnt: 0
hash resize group cnt: 0
hash resize group cnt: 0
hash resize group cnt: 0
hash resize group cnt: 0
hash resize group cnt: 0
hash resize group cnt: 0
hash resize group cnt: 0
hash resize group cnt: 0
hash resize group cnt: 0
hash resize group cnt: 0
hash resize group cnt: 0
hash resize group cnt: 0
hash resize group cnt: 0
hash resize group cnt: 0
hash resize group cnt: 0
hash resize group cnt: 0
hash resize group cnt: 0
hash resize group cnt: 0
hash resize group cnt: 0
hash resize group cnt: 0
hash resize group cnt: 0
hash resize group cnt: 0
hash resize group cnt: 0
hash resize group cnt: 0
hash resize group cnt: 0
hash resize group cnt: 0
hash resize group cnt: 0
[ycsb] Throughput sample elapsed_sec=900.068 interval_sec=60.0666 interval_ops=755042389 interval_ops_per_sec=1.25701e+07 cumulative_ops=11534461747 cumulative_ops_per_sec=1.28151e+07 final=1
[ycsb] Time(sec) : 900.068
[ycsb] Throughput(op/s): 1.28151e+07
hash resize group cnt: 0
arbiter-arena-site site=97 object_bytes=96 requested_alignment=64 effective_alignment=64 slot_bytes=128 allocations=8355903 frees=0 live=8355903 peak_live=8355903 requested_bytes_total=802166688 slot_bytes_total=1069555584 assigned_slabs=511 assigned_bytes=1071644672
arbiter-arena-summary node=0 reserve_bytes=4294967296 slab_bytes=2097152 slot_alignment=64 assigned_slabs=511 assigned_bytes=1071644672 allocations=8355903 frees=0 live=8355903 peak_live=8355903 requested_bytes_total=802166688 slot_bytes_total=1069555584 fallback_allocations=0 fallback_unavailable=0 fallback_unsupported=0 fallback_exhausted=0
arbiter-arena-residency resident_pages=261122 resident_bytes=1069555712 majority_node=0 query_error_pages=0 mincore_error_slabs=0 node0_pages=261122
